Component: ARM Compiler 5.06 update 7 (build 960) Tool: armlink [4d3601]

==============================================================================

Section Cross References

    startup_stm32f103x6.o(STACK) refers (Special) to heapauxi.o(.text) for __use_two_region_memory
    startup_stm32f103x6.o(HEAP) refers (Special) to heapauxi.o(.text) for __use_two_region_memory
    startup_stm32f103x6.o(RESET) refers (Special) to heapauxi.o(.text) for __use_two_region_memory
    startup_stm32f103x6.o(RESET) refers to startup_stm32f103x6.o(STACK) for __initial_sp
    startup_stm32f103x6.o(RESET) refers to startup_stm32f103x6.o(.text) for Reset_Handler
    startup_stm32f103x6.o(RESET) refers to stm32f1xx_it.o(i.NMI_Handler) for NMI_Handler
    startup_stm32f103x6.o(RESET) refers to stm32f1xx_it.o(i.HardFault_Handler) for HardFault_Handler
    startup_stm32f103x6.o(RESET) refers to stm32f1xx_it.o(i.MemManage_Handler) for MemManage_Handler
    startup_stm32f103x6.o(RESET) refers to stm32f1xx_it.o(i.BusFault_Handler) for BusFault_Handler
    startup_stm32f103x6.o(RESET) refers to stm32f1xx_it.o(i.UsageFault_Handler) for UsageFault_Handler
    startup_stm32f103x6.o(RESET) refers to port.o(.emb_text) for SVC_Handler
    startup_stm32f103x6.o(RESET) refers to stm32f1xx_it.o(i.DebugMon_Handler) for DebugMon_Handler
    startup_stm32f103x6.o(RESET) refers to stm32f1xx_it.o(i.SysTick_Handler) for SysTick_Handler
    startup_stm32f103x6.o(RESET) refers to stm32f1xx_it.o(i.DMA1_Channel1_IRQHandler) for DMA1_Channel1_IRQHandler
    startup_stm32f103x6.o(.text) refers (Special) to heapauxi.o(.text) for __use_two_region_memory
    startup_stm32f103x6.o(.text) refers to system_stm32f1xx.o(i.SystemInit) for SystemInit
    startup_stm32f103x6.o(.text) refers to __main.o(!!!main) for __main
    startup_stm32f103x6.o(.text) refers to startup_stm32f103x6.o(HEAP) for Heap_Mem
    startup_stm32f103x6.o(.text) refers to startup_stm32f103x6.o(STACK) for Stack_Mem
    armlib_lock_glue.o(i.__armlib_thread_safety_init) refers to armlib_lock_glue.o(i.stm32_lock_acquire) for stm32_lock_acquire
    armlib_lock_glue.o(i.__armlib_thread_safety_init) refers to armlib_lock_glue.o(i.stm32_lock_release) for stm32_lock_release
    armlib_lock_glue.o(i.__armlib_thread_safety_init) refers to armlib_lock_glue.o(.bss) for .bss
    armlib_lock_glue.o(i._mutex_acquire) refers to armlib_lock_glue.o(i.stm32_lock_acquire) for stm32_lock_acquire
    armlib_lock_glue.o(i._mutex_acquire) refers to main.o(i.Error_Handler) for Error_Handler
    armlib_lock_glue.o(i._mutex_acquire) refers to armlib_lock_glue.o(i.stm32_lock_release) for stm32_lock_release
    armlib_lock_glue.o(i._mutex_acquire) refers to armlib_lock_glue.o(.bss) for .bss
    armlib_lock_glue.o(i._mutex_free) refers to armlib_lock_glue.o(i.stm32_lock_acquire) for stm32_lock_acquire
    armlib_lock_glue.o(i._mutex_free) refers to main.o(i.Error_Handler) for Error_Handler
    armlib_lock_glue.o(i._mutex_free) refers to armlib_lock_glue.o(i.stm32_lock_release) for stm32_lock_release
    armlib_lock_glue.o(i._mutex_free) refers to armlib_lock_glue.o(.bss) for .bss
    armlib_lock_glue.o(i._mutex_initialize) refers to armlib_lock_glue.o(i.stm32_lock_acquire) for stm32_lock_acquire
    armlib_lock_glue.o(i._mutex_initialize) refers to armlib_lock_glue.o(i.stm32_lock_release) for stm32_lock_release
    armlib_lock_glue.o(i._mutex_initialize) refers to main.o(i.Error_Handler) for Error_Handler
    armlib_lock_glue.o(i._mutex_initialize) refers to armlib_lock_glue.o(.bss) for .bss
    armlib_lock_glue.o(i._mutex_release) refers to armlib_lock_glue.o(i.stm32_lock_acquire) for stm32_lock_acquire
    armlib_lock_glue.o(i._mutex_release) refers to main.o(i.Error_Handler) for Error_Handler
    armlib_lock_glue.o(i._mutex_release) refers to armlib_lock_glue.o(i.stm32_lock_release) for stm32_lock_release
    armlib_lock_glue.o(i._mutex_release) refers to armlib_lock_glue.o(.bss) for .bss
    armlib_lock_glue.o(i.stm32_lock_acquire) refers to main.o(i.Error_Handler) for Error_Handler
    armlib_lock_glue.o(i.stm32_lock_release) refers to main.o(i.Error_Handler) for Error_Handler
    armlib_lock_glue.o(.init_array) refers to armlib_lock_glue.o(i.__armlib_thread_safety_init) for __armlib_thread_safety_init
    armlib_lock_glue.o(.init_array) refers to init_aeabi.o(.text) for __cpp_initialize__aeabi_
    main.o(i.SystemClock_Config) refers to rt_memclr_w.o(.text) for __aeabi_memclr4
    main.o(i.SystemClock_Config) refers to stm32f1xx_hal_rcc.o(i.HAL_RCC_OscConfig) for HAL_RCC_OscConfig
    main.o(i.SystemClock_Config) refers to stm32f1xx_hal_rcc.o(i.HAL_RCC_ClockConfig) for HAL_RCC_ClockConfig
    main.o(i.SystemClock_Config) refers to stm32f1xx_hal_rcc_ex.o(i.HAL_RCCEx_PeriphCLKConfig) for HAL_RCCEx_PeriphCLKConfig
    main.o(i.main) refers to stm32f1xx_hal.o(i.HAL_Init) for HAL_Init
    main.o(i.main) refers to main.o(i.SystemClock_Config) for SystemClock_Config
[...]
    i._mutex_free                            0x0800217c   Section        0  armlib_lock_glue.o(i._mutex_free)
    __tagsym$$used                           0x0800217d   Number         0  armlib_lock_glue.o(i._mutex_free)
    i._mutex_initialize                      0x080021b4   Section        0  armlib_lock_glue.o(i._mutex_initialize)
    __tagsym$$used                           0x080021b5   Number         0  armlib_lock_glue.o(i._mutex_initialize)
    i._mutex_release                         0x08002218   Section        0  armlib_lock_glue.o(i._mutex_release)
    __tagsym$$used                           0x08002219   Number         0  armlib_lock_glue.o(i._mutex_release)
    i.display188_1                           0x08002250   Section        0  display188.o(i.display188_1)
    i.display188_10                          0x08002420   Section        0  display188.o(i.display188_10)
    i.display188_refresh_handle              0x080025c4   Section        0  display188.o(i.display188_refresh_handle)
    i.get_PA15                               0x08002630   Section        0  gpio.o(i.get_PA15)
    i.main                                   0x08002648   Section        0  main.o(i.main)
    i.osDelay                                0x08002670   Section        0  cmsis_os2.o(i.osDelay)
    i.osDelayUntil                           0x080026a4   Section        0  cmsis_os2.o(i.osDelayUntil)
    i.osKernelGetTickCount                   0x080026e0   Section        0  cmsis_os2.o(i.osKernelGetTickCount)
    i.osKernelInitialize                     0x08002708   Section        0  cmsis_os2.o(i.osKernelInitialize)
    i.osKernelStart                          0x08002740   Section        0  cmsis_os2.o(i.osKernelStart)
    i.osThreadNew                            0x08002780   Section        0  cmsis_os2.o(i.osThreadNew)
    i.prvAddCurrentTaskToDelayedList         0x08002824   Section        0  tasks.o(i.prvAddCurrentTaskToDelayedList)
    prvAddCurrentTaskToDelayedList           0x08002825   Thumb Code    84  tasks.o(i.prvAddCurrentTaskToDelayedList)
    i.prvAddNewTaskToReadyList               0x08002880   Section        0  tasks.o(i.prvAddNewTaskToReadyList)
    prvAddNewTaskToReadyList                 0x08002881   Thumb Code   190  tasks.o(i.prvAddNewTaskToReadyList)
    i.prvCheckForValidListAndQueue           0x08002950   Section        0  timers.o(i.prvCheckForValidListAndQueue)
    prvCheckForValidListAndQueue             0x08002951   Thumb Code    72  timers.o(i.prvCheckForValidListAndQueue)
    i.prvCopyDataFromQueue                   0x080029a8   Section        0  queue.o(i.prvCopyDataFromQueue)
    prvCopyDataFromQueue                     0x080029a9   Thumb Code    38  queue.o(i.prvCopyDataFromQueue)
    i.prvCopyDataToQueue                     0x080029ce   Section        0  queue.o(i.prvCopyDataToQueue)
    prvCopyDataToQueue                       0x080029cf   Thumb Code   108  queue.o(i.prvCopyDataToQueue)
    i.prvDeleteTCB                           0x08002a3a   Section        0  tasks.o(i.prvDeleteTCB)
    prvDeleteTCB                             0x08002a3b   Thumb Code    52  tasks.o(i.prvDeleteTCB)
    i.prvHeapInit                            0x08002a70   Section        0  heap_4.o(i.prvHeapInit)
    prvHeapInit                              0x08002a71   Thumb Code    66  heap_4.o(i.prvHeapInit)
    i.prvIdleTask                            0x08002abc   Section        0  tasks.o(i.prvIdleTask)
    prvIdleTask                              0x08002abd   Thumb Code    82  tasks.o(i.prvIdleTask)
    i.prvInitialiseNewQueue                  0x08002b1c   Section        0  queue.o(i.prvInitialiseNewQueue)
    prvInitialiseNewQueue                    0x08002b1d   Thumb Code    34  queue.o(i.prvInitialiseNewQueue)
    i.prvInitialiseNewTask                   0x08002b3e   Section        0  tasks.o(i.prvInitialiseNewTask)
    prvInitialiseNewTask                     0x08002b3f   Thumb Code   156  tasks.o(i.prvInitialiseNewTask)
    i.prvInsertBlockIntoFreeList             0x08002bdc   Section        0  heap_4.o(i.prvInsertBlockIntoFreeList)
    prvInsertBlockIntoFreeList               0x08002bdd   Thumb Code    72  heap_4.o(i.prvInsertBlockIntoFreeList)
    i.prvInsertTimerInActiveList             0x08002c28   Section        0  timers.o(i.prvInsertTimerInActiveList)
    prvInsertTimerInActiveList               0x08002c29   Thumb Code    52  timers.o(i.prvInsertTimerInActiveList)
    i.prvIsQueueEmpty                        0x08002c60   Section        0  queue.o(i.prvIsQueueEmpty)
    prvIsQueueEmpty                          0x08002c61   Thumb Code    28  queue.o(i.prvIsQueueEmpty)
    i.prvProcessReceivedCommands             0x08002c7c   Section        0  timers.o(i.prvProcessReceivedCommands)
    prvProcessReceivedCommands               0x08002c7d   Thumb Code   198  timers.o(i.prvProcessReceivedCommands)
    i.prvProcessTimerOrBlockTask             0x08002d48   Section        0  timers.o(i.prvProcessTimerOrBlockTask)
    prvProcessTimerOrBlockTask               0x08002d49   Thumb Code   172  timers.o(i.prvProcessTimerOrBlockTask)
    i.prvResetNextTaskUnblockTime            0x08002dfc   Section        0  tasks.o(i.prvResetNextTaskUnblockTime)
    prvResetNextTaskUnblockTime              0x08002dfd   Thumb Code    26  tasks.o(i.prvResetNextTaskUnblockTime)
    i.prvSampleTimeNow                       0x08002e1c   Section        0  timers.o(i.prvSampleTimeNow)
    prvSampleTimeNow                         0x08002e1d   Thumb Code    36  timers.o(i.prvSampleTimeNow)
    i.prvSwitchTimerLists                    0x08002e44   Section        0  timers.o(i.prvSwitchTimerLists)
    prvSwitchTimerLists                      0x08002e45   Thumb Code   102  timers.o(i.prvSwitchTimerLists)
    i.prvTaskExitError                       0x08002eb0   Section        0  port.o(i.prvTaskExitError)
    prvTaskExitError                         0x08002eb1   Thumb Code    36  port.o(i.prvTaskExitError)
    i.prvTimerTask                           0x08002ed8   Section        0  timers.o(i.prvTimerTask)
    prvTimerTask                             0x08002ed9   Thumb Code    32  timers.o(i.prvTimerTask)
    i.prvUnlockQueue                         0x08002efc   Section        0  queue.o(i.prvUnlockQueue)
    prvUnlockQueue                           0x08002efd   Thumb Code   106  queue.o(i.prvUnlockQueue)
    i.pvPortMalloc                           0x08002f68   Section        0  heap_4.o(i.pvPortMalloc)
    i.pxPortInitialiseStack                  0x08003040   Section        0  port.o(i.pxPortInitialiseStack)
    i.set_PB3                                0x08003064   Section        0  gpio.o(i.set_PB3)
    i.set_PB4                                0x0800307c   Section        0  gpio.o(i.set_PB4)
    i.set_PB5                                0x08003094   Section        0  gpio.o(i.set_PB5)
    i.set_PB6                                0x080030ac   Section        0  gpio.o(i.set_PB6)
    i.set_PB7                                0x080030c4   Section        0  gpio.o(i.set_PB7)
    i.stm32_lock_acquire                     0x080030dc   Section        0  armlib_lock_glue.o(i.stm32_lock_acquire)
    stm32_lock_acquire                       0x080030dd   Thumb Code    54  armlib_lock_glue.o(i.stm32_lock_acquire)
    i.stm32_lock_release                     0x08003112   Section        0  armlib_lock_glue.o(i.stm32_lock_release)
    stm32_lock_release                       0x08003113   Thumb Code    42  armlib_lock_glue.o(i.stm32_lock_release)
    i.sw0_down_callback                      0x0800313c   Section        0  freertos.o(i.sw0_down_callback)
    sw0_down_callback                        0x0800313d   Thumb Code    24  freertos.o(i.sw0_down_callback)
    i.uxListRemove                           0x08003158   Section        0  list.o(i.uxListRemove)
    i.vApplicationGetIdleTaskMemory          0x08003180   Section        0  cmsis_os2.o(i.vApplicationGetIdleTaskMemory)
    i.vApplicationGetTimerTaskMemory         0x08003194   Section        0  cmsis_os2.o(i.vApplicationGetTimerTaskMemory)
    i.vListInitialise                        0x080031ac   Section        0  list.o(i.vListInitialise)
    i.vListInitialiseItem                    0x080031c2   Section        0  list.o(i.vListInitialiseItem)
    i.vListInsert                            0x080031c8   Section        0  list.o(i.vListInsert)
    i.vListInsertEnd                         0x080031f8   Section        0  list.o(i.vListInsertEnd)
    i.vPortEnterCritical                     0x08003210   Section        0  port.o(i.vPortEnterCritical)
    i.vPortExitCritical                      0x08003250   Section        0  port.o(i.vPortExitCritical)
    i.vPortFree                              0x08003278   Section        0  heap_4.o(i.vPortFree)
    i.vPortSetupTimerInterrupt               0x080032d4   Section        0  port.o(i.vPortSetupTimerInterrupt)
    i.vPortValidateInterruptPriority         0x080032f8   Section        0  port.o(i.vPortValidateInterruptPriority)
    i.vQueueAddToRegistry                    0x0800334c   Section        0  queue.o(i.vQueueAddToRegistry)
    i.vQueueWaitForMessageRestricted         0x08003374   Section        0  queue.o(i.vQueueWaitForMessageRestricted)
    i.vTaskDelay                             0x080033b8   Section        0  tasks.o(i.vTaskDelay)
    i.vTaskDelayUntil                        0x08003404   Section        0  tasks.o(i.vTaskDelayUntil)
    i.vTaskInternalSetTimeOutState           0x08003490   Section        0  tasks.o(i.vTaskInternalSetTimeOutState)
    i.vTaskMissedYield                       0x080034a0   Section        0  tasks.o(i.vTaskMissedYield)
    i.vTaskPlaceOnEventList                  0x080034ac   Section        0  tasks.o(i.vTaskPlaceOnEventList)
    i.vTaskPlaceOnEventListRestricted        0x080034dc   Section        0  tasks.o(i.vTaskPlaceOnEventListRestricted)
    i.vTaskStartScheduler                    0x08003514   Section        0  tasks.o(i.vTaskStartScheduler)
    i.vTaskSuspendAll                        0x0800359c   Section        0  tasks.o(i.vTaskSuspendAll)
    i.vTaskSwitchContext                     0x080035ac   Section        0  tasks.o(i.vTaskSwitchContext)
    i.xPortStartScheduler                    0x08003610   Section        0  port.o(i.xPortStartScheduler)
    i.xPortSysTickHandler                    0x080036b8   Section        0  port.o(i.xPortSysTickHandler)
    i.xQueueGenericCreateStatic              0x080036e4   Section        0  queue.o(i.xQueueGenericCreateStatic)
    i.xQueueGenericReset                     0x0800374c   Section        0  queue.o(i.xQueueGenericReset)
    i.xQueueGenericSend                      0x080037d4   Section        0  queue.o(i.xQueueGenericSend)
    i.xQueueGenericSendFromISR               0x08003934   Section        0  queue.o(i.xQueueGenericSendFromISR)
    i.xQueueReceive                          0x080039f0   Section        0  queue.o(i.xQueueReceive)
    i.xTaskCheckForTimeOut                   0x08003b28   Section        0  tasks.o(i.xTaskCheckForTimeOut)
    i.xTaskCreate                            0x08003b9c   Section        0  tasks.o(i.xTaskCreate)
    i.xTaskCreateStatic                      0x08003bf6   Section        0  tasks.o(i.xTaskCreateStatic)
    i.xTaskGetSchedulerState                 0x08003c4c   Section        0  tasks.o(i.xTaskGetSchedulerState)
    i.xTaskGetTickCount                      0x08003c68   Section        0  tasks.o(i.xTaskGetTickCount)
    i.xTaskGetTickCountFromISR               0x08003c74   Section        0  tasks.o(i.xTaskGetTickCountFromISR)
    i.xTaskIncrementTick                     0x08003c84   Section        0  tasks.o(i.xTaskIncrementTick)
    i.xTaskPriorityDisinherit                0x08003d4c   Section        0  tasks.o(i.xTaskPriorityDisinherit)
    i.xTaskRemoveFromEventList               0x08003dcc   Section        0  tasks.o(i.xTaskRemoveFromEventList)
    i.xTaskResumeAll                         0x08003e3c   Section        0  tasks.o(i.xTaskResumeAll)
    i.xTimerCreateTimerTask                  0x08003f00   Section        0  timers.o(i.xTimerCreateTimerTask)
    i.xTimerGenericCommand                   0x08003f60   Section        0  timers.o(i.xTimerGenericCommand)
    x$fpl$d2f                                0x08003fc8   Section       98  d2f.o(x$fpl$d2f)
    x$fpl$ddiv                               0x0800402c   Section      688  ddiv.o(x$fpl$ddiv)
    ddiv_entry                               0x08004033   Thumb Code     0  ddiv.o(x$fpl$ddiv)
    x$fpl$dfix                               0x080042dc   Section       94  dfix.o(x$fpl$dfix)
    x$fpl$dfltu                              0x0800433a   Section       38  dflt_clz.o(x$fpl$dfltu)
    x$fpl$dmul                               0x08004360   Section      340  dmul.o(x$fpl$dmul)
    x$fpl$dnaninf                            0x080044b4   Section      156  dnaninf.o(x$fpl$dnaninf)
    x$fpl$dretinf                            0x08004550   Section       12  dretinf.o(x$fpl$dretinf)
    x$fpl$f2d                                0x0800455c   Section       86  f2d.o(x$fpl$f2d)
    x$fpl$fnaninf                            0x080045b2   Section      140  fnaninf.o(x$fpl$fnaninf)
    x$fpl$fretinf                            0x0800463e   Section       10  fretinf.o(x$fpl$fretinf)
    .constdata                               0x08004648   Section      144  freertos.o(.constdata)
    x$fpl$usenofp                            0x08004648   Section        0  usenofp.o(x$fpl$usenofp)
    .constdata                               0x080046d8   Section       18  stm32f1xx_hal_rcc.o(.constdata)
    aPredivFactorTable                       0x080046d8   Data           2  stm32f1xx_hal_rcc.o(.constdata)
    aPLLMULFactorTable                       0x080046da   Data          16  stm32f1xx_hal_rcc.o(.constdata)
    .constdata                               0x080046ea   Section       16  system_stm32f1xx.o(.constdata)
    .conststring                             0x080046fc   Section       28  freertos.o(.conststring)
    .init_array                              0x08004738   Section        4  armlib_lock_glue.o(.init_array)
    .init_array                              0x0800473c   Section        0  init_aeabi.o(.init_array)
    .data                                    0x20000000   Section       16  freertos.o(.data)
    .data                                    0x20000010   Section       12  stm32f1xx_hal.o(.data)
    .data                                    0x2000001c   Section        4  system_stm32f1xx.o(.data)
    .data                                    0x20000020   Section       60  tasks.o(.data)
    pxDelayedTaskList                        0x20000024   Data           4  tasks.o(.data)
    pxOverflowDelayedTaskList                0x20000028   Data           4  tasks.o(.data)
    uxDeletedTasksWaitingCleanUp             0x2000002c   Data           4  tasks.o(.data)
    uxCurrentNumberOfTasks                   0x20000030   Data           4  tasks.o(.data)
    xTickCount                               0x20000034   Data           4  tasks.o(.data)
    uxTopReadyPriority                       0x20000038   Data           4  tasks.o(.data)
    xSchedulerRunning                        0x2000003c   Data           4  tasks.o(.data)
    uxPendedTicks                            0x20000040   Data           4  tasks.o(.data)
    xYieldPending                            0x20000044   Data           4  tasks.o(.data)
    xNumOfOverflows                          0x20000048   Data           4  tasks.o(.data)
    uxTaskNumber                             0x2000004c   Data           4  tasks.o(.data)
    xNextTaskUnblockTime                     0x20000050   Data           4  tasks.o(.data)
    xIdleTaskHandle                          0x20000054   Data           4  tasks.o(.data)
    uxSchedulerSuspended                     0x20000058   Data           4  tasks.o(.data)
    .data                                    0x2000005c   Section       20  timers.o(.data)
    pxCurrentTimerList                       0x2000005c   Data           4  timers.o(.data)
    pxOverflowTimerList                      0x20000060   Data           4  timers.o(.data)
    xTimerQueue                              0x20000064   Data           4  timers.o(.data)
    xTimerTaskHandle                         0x20000068   Data           4  timers.o(.data)
    xLastTime                                0x2000006c   Data           4  timers.o(.data)
    .data                                    0x20000070   Section        4  cmsis_os2.o(.data)
    KernelState                              0x20000070   Data           4  cmsis_os2.o(.data)
    .data                                    0x20000074   Section       24  heap_4.o(.data)
    pxEnd                                    0x20000074   Data           4  heap_4.o(.data)
    xFreeBytesRemaining                      0x20000078   Data           4  heap_4.o(.data)
    xMinimumEverFreeBytesRemaining           0x2000007c   Data           4  heap_4.o(.data)
    xBlockAllocatedBit                       0x20000080   Data           4  heap_4.o(.data)
    xStart                                   0x20000084   Data           8  heap_4.o(.data)
    .data                                    0x2000008c   Section       12  port.o(.data)
    ucMaxSysCallPriority                     0x2000008c   Data           1  port.o(.data)
    uxCriticalNesting                        0x20000090   Data           4  port.o(.data)
    ulMaxPRIGROUPValue                       0x20000094   Data           4  port.o(.data)
    .data                                    0x20000098   Section        4  display188.o(.data)
    state                                    0x20000098   Data           4  display188.o(.data)
    .data                                    0x2000009c   Section        4  button.o(.data)
    Head_Button                              0x2000009c   Data           4  button.o(.data)
    .bss                                     0x200000a0   Section      140  armlib_lock_glue.o(.bss)
    static_list_lock                         0x200000a0   Data          12  armlib_lock_glue.o(.bss)
    static_lock                              0x200000ac   Data         128  armlib_lock_glue.o(.bss)
    .bss                                     0x2000012c   Section       28  freertos.o(.bss)
    .bss                                     0x20000148   Section      116  adc.o(.bss)
    .bss                                     0x200001bc   Section       72  tim.o(.bss)
    .bss                                     0x20000204   Section       64  queue.o(.bss)
    .bss                                     0x20000244   Section     1220  tasks.o(.bss)
    pxReadyTasksLists                        0x20000244   Data        1120  tasks.o(.bss)
    xDelayedTaskList1                        0x200006a4   Data          20  tasks.o(.bss)
    xDelayedTaskList2                        0x200006b8   Data          20  tasks.o(.bss)
    xPendingReadyList                        0x200006cc   Data          20  tasks.o(.bss)
    xTasksWaitingTermination                 0x200006e0   Data          20  tasks.o(.bss)
    xSuspendedTaskList                       0x200006f4   Data          20  tasks.o(.bss)
    .bss                                     0x20000708   Section      280  timers.o(.bss)
    xActiveTimerList1                        0x20000708   Data          20  timers.o(.bss)
    xActiveTimerList2                        0x2000071c   Data          20  timers.o(.bss)
    xStaticTimerQueue                        0x20000730   Data          80  timers.o(.bss)
    ucStaticTimerQueueStorage                0x20000780   Data         160  timers.o(.bss)
    .bss                                     0x20000820   Section     1720  cmsis_os2.o(.bss)
    Idle_TCB                                 0x20000820   Data          92  cmsis_os2.o(.bss)
    Idle_Stack                               0x2000087c   Data         512  cmsis_os2.o(.bss)
    Timer_TCB                                0x20000a7c   Data          92  cmsis_os2.o(.bss)
    Timer_Stack                              0x20000ad8   Data        1024  cmsis_os2.o(.bss)
    .bss                                     0x20000ed8   Section     3072  heap_4.o(.bss)
    ucHeap                                   0x20000ed8   Data        3072  heap_4.o(.bss)
    .bss                                     0x20001ad8   Section       36  display188.o(.bss)
    .bss                                     0x20001afc   Section       56  button.o(.bss)
    .bss                                     0x20001b34   Section       96  libspace.o(.bss)
    HEAP                                     0x20001b98   Section      512  startup_stm32f103x6.o(HEAP)
    Heap_Mem                                 0x20001b98   Data         512  startup_stm32f103x6.o(HEAP)
    STACK                                    0x20001d98   Section     1024  startup_stm32f103x6.o(STACK)
    Stack_Mem                                0x20001d98   Data        1024  startup_stm32f103x6.o(STACK)
    __initial_sp                             0x20002198   Data           0  startup_stm32f103x6.o(STACK)

    Global Symbols

    Symbol Name                              Value     Ov Type        Size  Object(Section)

    BuildAttributes$$THM_ISAv4$P$D$K$B$S$PE$A:L22UL41UL21$X:L11$S22US41US21$IEEE1$IW$USESV6$~STKCKD$USESV7$~SHL$OSPACE$ROPI$EBA8$UX$STANDARDLIB$REQ8$PRES8$EABIv2 0x00000000   Number         0  anon$$obj.o ABSOLUTE
    __ARM_use_no_argv                        0x00000000   Number         0  main.o ABSOLUTE
    __ARM_exceptions_init                     - Undefined Weak Reference
    __alloca_initialize                       - Undefined Weak Reference
    __arm_fini_                               - Undefined Weak Reference
    __arm_preinit_                            - Undefined Weak Reference
    __cxa_finalize                            - Undefined Weak Reference
    __rt_locale                               - Undefined Weak Reference
    __sigvec_lookup                           - Undefined Weak Reference
    _atexit_init                              - Undefined Weak Reference
    _call_atexit_fns                          - Undefined Weak Reference
    _clock_init                               - Undefined Weak Reference
    _fp_trap_init                             - Undefined Weak Reference
    _fp_trap_shutdown                         - Undefined Weak Reference
    _get_lc_collate                           - Undefined Weak Reference
    _get_lc_ctype                             - Undefined Weak Reference
    _get_lc_monetary                          - Undefined Weak Reference
    _get_lc_numeric                           - Undefined Weak Reference
    _get_lc_time                              - Undefined Weak Reference
    _getenv_init                              - Undefined Weak Reference
    _handle_redirection                       - Undefined Weak Reference
    _init_alloc                               - Undefined Weak Reference
    _init_user_alloc                          - Undefined Weak Reference
    _initio                                   - Undefined Weak Reference
    _rand_init                                - Undefined Weak Reference
    _signal_finish                            - Undefined Weak Reference
    _signal_init                              - Undefined Weak Reference
    _terminate_alloc                          - Undefined Weak Reference
    _terminate_user_alloc                     - Undefined Weak Reference
    _terminateio                              - Undefined Weak Reference
    __Vectors_Size                           0x000000ec   Number         0  startup_stm32f103x6.o ABSOLUTE
    __Vectors                                0x08000000   Data           4  startup_stm32f103x6.o(RESET)
    __Vectors_End                            0x080000ec   Data           0  startup_stm32f103x6.o(RESET)
    __main                                   0x080000ed   Thumb Code     8  __main.o(!!!main)
    __scatterload                            0x080000f5   Thumb Code     0  __scatter.o(!!!scatter)
    __scatterload_rt2                        0x080000f5   Thumb Code    44  __scatter.o(!!!scatter)
    __scatterload_rt2_thumb_only             0x080000f5   Thumb Code     0  __scatter.o(!!!scatter)
    __scatterload_null                       0x08000103   Thumb Code     0  __scatter.o(!!!scatter)
    __scatterload_copy                       0x08000129   Thumb Code    26  __scatter_copy.o(!!handler_copy)
    __scatterload_zeroinit                   0x08000145   Thumb Code    28  __scatter_zi.o(!!handler_zi)
    __rt_lib_init                            0x08000161   Thumb Code     0  libinit.o(.ARM.Collect$$libinit$$00000000)
    __rt_lib_init_alloca_1                   0x08000163   Thumb Code     0  libinit2.o(.ARM.Collect$$libinit$$0000002E)
    __rt_lib_init_argv_1                     0x08000163   Thumb Code     0  libinit2.o(.ARM.Collect$$libinit$$0000002C)
    __rt_lib_init_atexit_1                   0x08000163   Thumb Code     0  libinit2.o(.ARM.Collect$$libinit$$0000001B)
    __rt_lib_init_clock_1                    0x08000163   Thumb Code     0  libinit2.o(.ARM.Collect$$libinit$$00000021)
    __rt_lib_init_cpp_2                      0x08000163   Thumb Code     0  libinit2.o(.ARM.Collect$$libinit$$00000031)
    __rt_lib_init_exceptions_1               0x08000163   Thumb Code     0  libinit2.o(.ARM.Collect$$libinit$$00000030)
    __rt_lib_init_fp_1                       0x08000163   Thumb Code     0  libinit2.o(.ARM.Collect$$libinit$$00000002)
    __rt_lib_init_fp_trap_1                  0x08000163   Thumb Code     0  libinit2.o(.ARM.Collect$$libinit$$0000001F)
    __rt_lib_init_getenv_1                   0x08000163   Thumb Code     0  libinit2.o(.ARM.Collect$$libinit$$00000023)
    __rt_lib_init_heap_1                     0x08000163   Thumb Code     0  libinit2.o(.ARM.Collect$$libinit$$0000000A)
    __rt_lib_init_lc_collate_1               0x08000163   Thumb Code     0  libinit2.o(.ARM.Collect$$libinit$$00000011)
    __rt_lib_init_lc_ctype_1                 0x08000163   Thumb Code     0  libinit2.o(.ARM.Collect$$libinit$$00000013)
    __rt_lib_init_lc_monetary_1              0x08000163   Thumb Code     0  libinit2.o(.ARM.Collect$$libinit$$00000015)
    __rt_lib_init_lc_numeric_1               0x08000163   Thumb Code     0  libinit2.o(.ARM.Collect$$libinit$$00000017)
    __rt_lib_init_lc_time_1                  0x08000163   Thumb Code     0  libinit2.o(.ARM.Collect$$libinit$$00000019)
    __rt_lib_init_preinit_1                  0x08000163   Thumb Code     0  libinit2.o(.ARM.Collect$$libinit$$00000004)
    __rt_lib_init_rand_1                     0x08000163   Thumb Code     0  libinit2.o(.ARM.Collect$$libinit$$0000000E)
    __rt_lib_init_signal_1                   0x08000163   Thumb Code     0  libinit2.o(.ARM.Collect$$libinit$$0000001D)
    __rt_lib_init_stdio_1                    0x08000163   Thumb Code     0  libinit2.o(.ARM.Collect$$libinit$$00000025)
    __rt_lib_init_user_alloc_1               0x08000163   Thumb Code     0  libinit2.o(.ARM.Collect$$libinit$$0000000C)
    __rt_lib_init_cpp_1                      0x08000167   Thumb Code     0  libinit2.o(.ARM.Collect$$libinit$$00000032)
    __rt_lib_init_return                     0x08000167   Thumb Code     0  libinit2.o(.ARM.Collect$$libinit$$00000033)
    __rt_lib_shutdown                        0x08000169   Thumb Code     0  libshutdown.o(.ARM.Collect$$libshutdown$$00000000)
    __rt_lib_shutdown_cpp_1                  0x0800016b   Thumb Code     0  libshutdown2.o(.ARM.Collect$$libshutdown$$00000004)
    __rt_lib_shutdown_fini_1                 0x0800016b   Thumb Code     0  libshutdown2.o(.ARM.Collect$$libshutdown$$00000002)
    __rt_lib_shutdown_fp_trap_1              0x0800016b   Thumb Code     0  libshutdown2.o(.ARM.Collect$$libshutdown$$00000009)
    __rt_lib_shutdown_heap_1                 0x0800016b   Thumb Code     0  libshutdown2.o(.ARM.Collect$$libshutdown$$00000011)
    __rt_lib_shutdown_return                 0x0800016b   Thumb Code     0  libshutdown2.o(.ARM.Collect$$libshutdown$$00000012)
    __rt_lib_shutdown_signal_1               0x0800016b   Thumb Code     0  libshutdown2.o(.ARM.Collect$$libshutdown$$0000000C)
    __rt_lib_shutdown_stdio_1                0x0800016b   Thumb Code     0  libshutdown2.o(.ARM.Collect$$libshutdown$$00000006)
    __rt_lib_shutdown_user_alloc_1           0x0800016b   Thumb Code     0  libshutdown2.o(.ARM.Collect$$libshutdown$$0000000E)
    __rt_entry                               0x0800016d   Thumb Code     0  __rtentry.o(.ARM.Collect$$rtentry$$00000000)
    __rt_entry_presh_1                       0x0800016d   Thumb Code     0  __rtentry2.o(.ARM.Collect$$rtentry$$00000002)
    __rt_entry_sh                            0x0800016d   Thumb Code     0  __rtentry4.o(.ARM.Collect$$rtentry$$00000004)
    __rt_entry_li                            0x08000173   Thumb Code     0  __rtentry2.o(.ARM.Collect$$rtentry$$0000000A)
    __rt_entry_postsh_1                      0x08000173   Thumb Code     0  __rtentry2.o(.ARM.Collect$$rtentry$$00000009)
    __rt_entry_main                          0x08000177   Thumb Code     0  __rtentry2.o(.ARM.Collect$$rtentry$$0000000D)
    __rt_entry_postli_1                      0x08000177   Thumb Code     0  __rtentry2.o(.ARM.Collect$$rtentry$$0000000C)
    __rt_exit                                0x0800017f   Thumb Code     0  rtexit.o(.ARM.Collect$$rtexit$$00000000)
    __rt_exit_ls                             0x08000181   Thumb Code     0  rtexit2.o(.ARM.Collect$$rtexit$$00000003)
    __rt_exit_prels_1                        0x08000181   Thumb Code     0  rtexit2.o(.ARM.Collect$$rtexit$$00000002)
    __rt_exit_exit                           0x08000185   Thumb Code     0  rtexit2.o(.ARM.Collect$$rtexit$$00000004)
    SVC_Handler                              0x0800018d   Thumb Code    32  port.o(.emb_text)
    __asm___6_port_c_39a90d8d__prvStartFirstTask 0x080001b1   Thumb Code    28  port.o(.emb_text)
    PendSV_Handler                           0x080001d1   Thumb Code    72  port.o(.emb_text)
    vPortGetIPSR                             0x0800021d   Thumb Code     6  port.o(.emb_text)
    Reset_Handler                            0x08000225   Thumb Code     8  startup_stm32f103x6.o(.text)
    ADC1_2_IRQHandler                        0x0800023f   Thumb Code     0  startup_stm32f103x6.o(.text)
    CAN1_RX1_IRQHandler                      0x0800023f   Thumb Code     0  startup_stm32f103x6.o(.text)
    CAN1_SCE_IRQHandler                      0x0800023f   Thumb Code     0  startup_stm32f103x6.o(.text)
    DMA1_Channel2_IRQHandler                 0x0800023f   Thumb Code     0  startup_stm32f103x6.o(.text)
    DMA1_Channel3_IRQHandler                 0x0800023f   Thumb Code     0  startup_stm32f103x6.o(.text)
    DMA1_Channel4_IRQHandler                 0x0800023f   Thumb Code     0  startup_stm32f103x6.o(.text)
    DMA1_Channel5_IRQHandler                 0x0800023f   Thumb Code     0  startup_stm32f103x6.o(.text)
    DMA1_Channel6_IRQHandler                 0x0800023f   Thumb Code     0  startup_stm32f103x6.o(.text)
    DMA1_Channel7_IRQHandler                 0x0800023f   Thumb Code     0  startup_stm32f103x6.o(.text)
    EXTI0_IRQHandler                         0x0800023f   Thumb Code     0  startup_stm32f103x6.o(.text)
    EXTI15_10_IRQHandler                     0x0800023f   Thumb Code     0  startup_stm32f103x6.o(.text)
    EXTI1_IRQHandler                         0x0800023f   Thumb Code     0  startup_stm32f103x6.o(.text)
    EXTI2_IRQHandler                         0x0800023f   Thumb Code     0  startup_stm32f103x6.o(.text)
    EXTI3_IRQHandler                         0x0800023f   Thumb Code     0  startup_stm32f103x6.o(.text)
    EXTI4_IRQHandler                         0x0800023f   Thumb Code     0  startup_stm32f103x6.o(.text)
    EXTI9_5_IRQHandler                       0x0800023f   Thumb Code     0  startup_stm32f103x6.o(.text)
    FLASH_IRQHandler                         0x0800023f   Thumb Code     0  startup_stm32f103x6.o(.text)
    I2C1_ER_IRQHandler                       0x0800023f   Thumb Code     0  startup_stm32f103x6.o(.text)
    I2C1_EV_IRQHandler                       0x0800023f   Thumb Code     0  startup_stm32f103x6.o(.text)
    PVD_IRQHandler                           0x0800023f   Thumb Code     0  startup_stm32f103x6.o(.text)
    RCC_IRQHandler                           0x0800023f   Thumb Code     0  startup_stm32f103x6.o(.text)
    RTC_Alarm_IRQHandler                     0x0800023f   Thumb Code     0  startup_stm32f103x6.o(.text)
    RTC_IRQHandler                           0x0800023f   Thumb Code     0  startup_stm32f103x6.o(.text)
    SPI1_IRQHandler                          0x0800023f   Thumb Code     0  startup_stm32f103x6.o(.text)
    TAMPER_IRQHandler                        0x0800023f   Thumb Code     0  startup_stm32f103x6.o(.text)
    TIM1_BRK_IRQHandler                      0x0800023f   Thumb Code     0  startup_stm32f103x6.o(.text)
    TIM1_CC_IRQHandler                       0x0800023f   Thumb Code     0  startup_stm32f103x6.o(.text)
    TIM1_TRG_COM_IRQHandler                  0x0800023f   Thumb Code     0  startup_stm32f103x6.o(.text)
    TIM1_UP_IRQHandler                       0x0800023f   Thumb Code     0  startup_stm32f103x6.o(.text)
    TIM2_IRQHandler                          0x0800023f   Thumb Code     0  startup_stm32f103x6.o(.text)
    TIM3_IRQHandler                          0x0800023f   Thumb Code     0  startup_stm32f103x6.o(.text)
    USART1_IRQHandler                        0x0800023f   Thumb Code     0  startup_stm32f103x6.o(.text)
    USART2_IRQHandler                        0x0800023f   Thumb Code     0  startup_stm32f103x6.o(.text)
    USBWakeUp_IRQHandler                     0x0800023f   Thumb Code     0  startup_stm32f103x6.o(.text)
    USB_HP_CAN1_TX_IRQHandler                0x0800023f   Thumb Code     0  startup_stm32f103x6.o(.text)
    USB_LP_CAN1_RX0_IRQHandler               0x0800023f   Thumb Code     0  startup_stm32f103x6.o(.text)
    WWDG_IRQHandler                          0x0800023f   Thumb Code     0  startup_stm32f103x6.o(.text)
    __user_initial_stackheap                 0x08000241   Thumb Code     0  startup_stm32f103x6.o(.text)
    __aeabi_memcpy                           0x08000265   Thumb Code     0  rt_memcpy_v6.o(.text)
    __rt_memcpy                              0x08000265   Thumb Code   138  rt_memcpy_v6.o(.text)
    _memcpy_lastbytes                        0x080002cb   Thumb Code     0  rt_memcpy_v6.o(.text)
    __aeabi_memset                           0x080002ef   Thumb Code    16  aeabi_memset.o(.text)
    __aeabi_memclr4                          0x080002ff   Thumb Code     0  rt_memclr_w.o(.text)
    __aeabi_memclr8                          0x080002ff   Thumb Code     0  rt_memclr_w.o(.text)
    __rt_memclr_w                            0x080002ff   Thumb Code    78  rt_memclr_w.o(.text)
    _memset_w                                0x08000303   Thumb Code     0  rt_memclr_w.o(.text)
    __use_two_region_memory                  0x0800034d   Thumb Code     2  heapauxi.o(.text)
    __rt_heap_escrow$2region                 0x0800034f   Thumb Code     2  heapauxi.o(.text)
    __rt_heap_expand$2region                 0x08000351   Thumb Code     2  heapauxi.o(.text)
    __cpp_initialize__aeabi_                 0x08000355   Thumb Code    26  init_aeabi.o(.text)
    __aeabi_memcpy4                          0x08000379   Thumb Code     0  rt_memcpy_w.o(.text)
    __aeabi_memcpy8                          0x08000379   Thumb Code     0  rt_memcpy_w.o(.text)
    __rt_memcpy_w                            0x08000379   Thumb Code   100  rt_memcpy_w.o(.text)
    _memcpy_lastbytes_aligned                0x080003c1   Thumb Code     0  rt_memcpy_w.o(.text)
    __aeabi_memclr                           0x080003dd   Thumb Code     0  rt_memclr.o(.text)
    __rt_memclr                              0x080003dd   Thumb Code    68  rt_memclr.o(.text)
    _memset                                  0x080003e1   Thumb Code     0  rt_memclr.o(.text)
    __user_setup_stackheap                   0x08000421   Thumb Code    74  sys_stackheap_outer.o(.text)
    exit                                     0x0800046b   Thumb Code    18  exit.o(.text)
    __user_libspace                          0x0800047d   Thumb Code     8  libspace.o(.text)
    __user_perproc_libspace                  0x0800047d   Thumb Code     0  libspace.o(.text)
    __user_perthread_libspace                0x0800047d   Thumb Code     0  libspace.o(.text)
    __I$use$semihosting                      0x08000485   Thumb Code     0  use_no_semi.o(.text)
    __use_no_semihosting_swi                 0x08000485   Thumb Code     2  use_no_semi.o(.text)
    __semihosting_library_function           0x08000487   Thumb Code     0  indicate_semi.o(.text)
    _sys_exit                                0x08000489   Thumb Code     8  sys_exit.o(.text)
    ADC_ConversionStop_Disable               0x080004cd   Thumb Code    86  stm32f1xx_hal_adc.o(i.ADC_ConversionStop_Disable)
    ADC_DMAConvCplt                          0x08000523   Thumb Code    78  stm32f1xx_hal_adc.o(i.ADC_DMAConvCplt)
    ADC_DMAError                             0x08000571   Thumb Code    26  stm32f1xx_hal_adc.o(i.ADC_DMAError)
    ADC_DMAHalfConvCplt                      0x0800058b   Thumb Code    10  stm32f1xx_hal_adc.o(i.ADC_DMAHalfConvCplt)
    ADC_Enable                               0x08000595   Thumb Code   114  stm32f1xx_hal_adc.o(i.ADC_Enable)
    Add_Button                               0x08000611   Thumb Code    20  button.o(i.Add_Button)
    BusFault_Handler                         0x08000661   Thumb Code     2  stm32f1xx_it.o(i.BusFault_Handler)
    Button_Attach                            0x08000663   Thumb Code    36  button.o(i.Button_Attach)
    Button_Create                            0x08000689   Thumb Code   102  button.o(i.Button_Create)
    Button_Process                           0x080007e9   Thumb Code    22  button.o(i.Button_Process)
    DMA1_Channel1_IRQHandler                 0x08000875   Thumb Code     6  stm32f1xx_it.o(i.DMA1_Channel1_IRQHandler)
    DebugMon_Handler                         0x080008ab   Thumb Code     2  stm32f1xx_it.o(i.DebugMon_Handler)
    DisplayTask02                            0x080008ad   Thumb Code    78  freertos.o(i.DisplayTask02)
    Error_Handler                            0x08000951   Thumb Code     4  main.o(i.Error_Handler)
    GearTask03                               0x080009c5   Thumb Code    84  freertos.o(i.GearTask03)
    HAL_ADC_ConfigChannel                    0x08000a21   Thumb Code   240  stm32f1xx_hal_adc.o(i.HAL_ADC_ConfigChannel)
    HAL_ADC_ConvCpltCallback                 0x08000b1d   Thumb Code     2  stm32f1xx_hal_adc.o(i.HAL_ADC_ConvCpltCallback)
    HAL_ADC_ConvHalfCpltCallback             0x08000b1f   Thumb Code     2  stm32f1xx_hal_adc.o(i.HAL_ADC_ConvHalfCpltCallback)
    HAL_ADC_ErrorCallback                    0x08000b21   Thumb Code     2  stm32f1xx_hal_adc.o(i.HAL_ADC_ErrorCallback)
    HAL_ADC_Init                             0x08000b25   Thumb Code   272  stm32f1xx_hal_adc.o(i.HAL_ADC_Init)
    HAL_ADC_MspInit                          0x08000c41   Thumb Code   120  adc.o(i.HAL_ADC_MspInit)
    HAL_ADC_Start_DMA                        0x08000ccd   Thumb Code   246  stm32f1xx_hal_adc.o(i.HAL_ADC_Start_DMA)
    HAL_DMA_IRQHandler                       0x08000dd9   Thumb Code   316  stm32f1xx_hal_dma.o(i.HAL_DMA_IRQHandler)
    HAL_DMA_Init                             0x08000f2d   Thumb Code    84  stm32f1xx_hal_dma.o(i.HAL_DMA_Init)
    HAL_DMA_Start_IT                         0x08000f89   Thumb Code   112  stm32f1xx_hal_dma.o(i.HAL_DMA_Start_IT)
    HAL_GPIO_Init                            0x08000ff9   Thumb Code   418  stm32f1xx_hal_gpio.o(i.HAL_GPIO_Init)
    HAL_GPIO_ReadPin                         0x080011b9   Thumb Code    10  stm32f1xx_hal_gpio.o(i.HAL_GPIO_ReadPin)
    HAL_GPIO_WritePin                        0x080011c3   Thumb Code    10  stm32f1xx_hal_gpio.o(i.HAL_GPIO_WritePin)
    HAL_GetTick                              0x080011cd   Thumb Code     6  stm32f1xx_hal.o(i.HAL_GetTick)
    HAL_IncTick                              0x080011d9   Thumb Code    12  stm32f1xx_hal.o(i.HAL_IncTick)
    HAL_Init                                 0x080011e9   Thumb Code    32  stm32f1xx_hal.o(i.HAL_Init)
    HAL_InitTick                             0x0800120d   Thumb Code    54  stm32f1xx_hal.o(i.HAL_InitTick)
    HAL_MspInit                              0x0800124d   Thumb Code    62  stm32f1xx_hal_msp.o(i.HAL_MspInit)
    HAL_NVIC_EnableIRQ                       0x08001295   Thumb Code    26  stm32f1xx_hal_cortex.o(i.HAL_NVIC_EnableIRQ)
    HAL_NVIC_SetPriority                     0x080012b1   Thumb Code    60  stm32f1xx_hal_cortex.o(i.HAL_NVIC_SetPriority)
    HAL_NVIC_SetPriorityGrouping             0x080012f1   Thumb Code    26  stm32f1xx_hal_cortex.o(i.HAL_NVIC_SetPriorityGrouping)
    HAL_RCCEx_PeriphCLKConfig                0x08001315   Thumb Code   224  stm32f1xx_hal_rcc_ex.o(i.HAL_RCCEx_PeriphCLKConfig)
    HAL_RCC_ClockConfig                      0x08001401   Thumb Code   280  stm32f1xx_hal_rcc.o(i.HAL_RCC_ClockConfig)
    HAL_RCC_GetSysClockFreq                  0x0800152d   Thumb Code    58  stm32f1xx_hal_rcc.o(i.HAL_RCC_GetSysClockFreq)
    HAL_RCC_OscConfig                        0x08001579   Thumb Code   778  stm32f1xx_hal_rcc.o(i.HAL_RCC_OscConfig)
    HAL_SYSTICK_Config                       0x08001899   Thumb Code    40  stm32f1xx_hal_cortex.o(i.HAL_SYSTICK_Config)
    HAL_TIMEx_ConfigBreakDeadTime            0x080018c1   Thumb Code    84  stm32f1xx_hal_tim_ex.o(i.HAL_TIMEx_ConfigBreakDeadTime)
    HAL_TIMEx_MasterConfigSynchronization    0x08001915   Thumb Code    86  stm32f1xx_hal_tim_ex.o(i.HAL_TIMEx_MasterConfigSynchronization)
    HAL_TIM_MspPostInit                      0x08001975   Thumb Code   112  tim.o(i.HAL_TIM_MspPostInit)
    HAL_TIM_PWM_ConfigChannel                0x080019f9   Thumb Code   204  stm32f1xx_hal_tim.o(i.HAL_TIM_PWM_ConfigChannel)
    HAL_TIM_PWM_Init                         0x08001ac5   Thumb Code    90  stm32f1xx_hal_tim.o(i.HAL_TIM_PWM_Init)
    HAL_TIM_PWM_MspInit                      0x08001b21   Thumb Code    30  tim.o(i.HAL_TIM_PWM_MspInit)
    HAL_TIM_PWM_Start                        0x08001b49   Thumb Code   138  stm32f1xx_hal_tim.o(i.HAL_TIM_PWM_Start)
    HardFault_Handler                        0x08001bdd   Thumb Code     2  stm32f1xx_it.o(i.HardFault_Handler)
    KeyTask04                                0x08001be1   Thumb Code    40  freertos.o(i.KeyTask04)
    MX_ADC1_Init                             0x08001c19   Thumb Code    70  adc.o(i.MX_ADC1_Init)
    MX_DMA_Init                              0x08001c69   Thumb Code    40  dma.o(i.MX_DMA_Init)
    MX_FREERTOS_Init                         0x08001c95   Thumb Code    60  freertos.o(i.MX_FREERTOS_Init)
    MX_GPIO_Init                             0x08001ce9   Thumb Code   120  gpio.o(i.MX_GPIO_Init)
    MX_TIM1_Init                             0x08001d6d   Thumb Code   168  tim.o(i.MX_TIM1_Init)
    MemManage_Handler                        0x08001e1d   Thumb Code     2  stm32f1xx_it.o(i.MemManage_Handler)
    NMI_Handler                              0x08001e1f   Thumb Code     2  stm32f1xx_it.o(i.NMI_Handler)
    PowerTask                                0x08001e21   Thumb Code   104  freertos.o(i.PowerTask)
    SysTick_Handler                          0x08001ea5   Thumb Code    24  stm32f1xx_it.o(i.SysTick_Handler)
    SystemClock_Config                       0x08001ebd   Thumb Code   120  main.o(i.SystemClock_Config)
    SystemInit                               0x08001f35   Thumb Code     2  system_stm32f1xx.o(i.SystemInit)
    TIM_Base_SetConfig                       0x08001f39   Thumb Code    84  stm32f1xx_hal_tim.o(i.TIM_Base_SetConfig)
    TIM_CCxChannelCmd                        0x08001f95   Thumb Code    26  stm32f1xx_hal_tim.o(i.TIM_CCxChannelCmd)
    TIM_OC2_SetConfig                        0x08002001   Thumb Code    84  stm32f1xx_hal_tim.o(i.TIM_OC2_SetConfig)
    UsageFault_Handler                       0x080020f5   Thumb Code     2  stm32f1xx_it.o(i.UsageFault_Handler)
    __armlib_thread_safety_init              0x08002119   Thumb Code    38  armlib_lock_glue.o(i.__armlib_thread_safety_init)
    _mutex_acquire                           0x08002145   Thumb Code    52  armlib_lock_glue.o(i._mutex_acquire)
    _mutex_free                              0x0800217d   Thumb Code    50  armlib_lock_glue.o(i._mutex_free)
    _mutex_initialize                        0x080021b5   Thumb Code    94  armlib_lock_glue.o(i._mutex_initialize)
    _mutex_release                           0x08002219   Thumb Code    52  armlib_lock_glue.o(i._mutex_release)
    display188_1                             0x08002251   Thumb Code   464  display188.o(i.display188_1)
    display188_10                            0x08002421   Thumb Code   420  display188.o(i.display188_10)
    display188_refresh_handle                0x080025c5   Thumb Code    98  display188.o(i.display188_refresh_handle)
    get_PA15                                 0x08002631   Thumb Code    20  gpio.o(i.get_PA15)
    main                                     0x08002649   Thumb Code    38  main.o(i.main)
    osDelay                                  0x08002671   Thumb Code    46  cmsis_os2.o(i.osDelay)
    osDelayUntil                             0x080026a5   Thumb Code    56  cmsis_os2.o(i.osDelayUntil)
    osKernelGetTickCount                     0x080026e1   Thumb Code    34  cmsis_os2.o(i.osKernelGetTickCount)
    osKernelInitialize                       0x08002709   Thumb Code    50  cmsis_os2.o(i.osKernelInitialize)
    osKernelStart                            0x08002741   Thumb Code    58  cmsis_os2.o(i.osKernelStart)
    osThreadNew                              0x08002781   Thumb Code   160  cmsis_os2.o(i.osThreadNew)
    pvPortMalloc                             0x08002f69   Thumb Code   210  heap_4.o(i.pvPortMalloc)
    pxPortInitialiseStack                    0x08003041   Thumb Code    32  port.o(i.pxPortInitialiseStack)
    set_PB3                                  0x08003065   Thumb Code    18  gpio.o(i.set_PB3)
    set_PB4                                  0x0800307d   Thumb Code    18  gpio.o(i.set_PB4)
    set_PB5                                  0x08003095   Thumb Code    18  gpio.o(i.set_PB5)
    set_PB6                                  0x080030ad   Thumb Code    18  gpio.o(i.set_PB6)
    set_PB7                                  0x080030c5   Thumb Code    18  gpio.o(i.set_PB7)
    uxListRemove                             0x08003159   Thumb Code    38  list.o(i.uxListRemove)
    vApplicationGetIdleTaskMemory            0x08003181   Thumb Code    16  cmsis_os2.o(i.vApplicationGetIdleTaskMemory)
    vApplicationGetTimerTaskMemory           0x08003195   Thumb Code    18  cmsis_os2.o(i.vApplicationGetTimerTaskMemory)
    vListInitialise                          0x080031ad   Thumb Code    22  list.o(i.vListInitialise)
    vListInitialiseItem                      0x080031c3   Thumb Code     6  list.o(i.vListInitialiseItem)
    vListInsert                              0x080031c9   Thumb Code    48  list.o(i.vListInsert)
    vListInsertEnd                           0x080031f9   Thumb Code    24  list.o(i.vListInsertEnd)
    vPortEnterCritical                       0x08003211   Thumb Code    54  port.o(i.vPortEnterCritical)
    vPortExitCritical                        0x08003251   Thumb Code    34  port.o(i.vPortExitCritical)
    vPortFree                                0x08003279   Thumb Code    88  heap_4.o(i.vPortFree)
    vPortSetupTimerInterrupt                 0x080032d5   Thumb Code    32  port.o(i.vPortSetupTimerInterrupt)
    vPortValidateInterruptPriority           0x080032f9   Thumb Code    74  port.o(i.vPortValidateInterruptPriority)
    vQueueAddToRegistry                      0x0800334d   Thumb Code    34  queue.o(i.vQueueAddToRegistry)
    vQueueWaitForMessageRestricted           0x08003375   Thumb Code    68  queue.o(i.vQueueWaitForMessageRestricted)
    vTaskDelay                               0x080033b9   Thumb Code    66  tasks.o(i.vTaskDelay)
    vTaskDelayUntil                          0x08003405   Thumb Code   132  tasks.o(i.vTaskDelayUntil)
    vTaskInternalSetTimeOutState             0x08003491   Thumb Code    12  tasks.o(i.vTaskInternalSetTimeOutState)
    vTaskMissedYield                         0x080034a1   Thumb Code     8  tasks.o(i.vTaskMissedYield)
    vTaskPlaceOnEventList                    0x080034ad   Thumb Code    44  tasks.o(i.vTaskPlaceOnEventList)
    vTaskPlaceOnEventListRestricted          0x080034dd   Thumb Code    52  tasks.o(i.vTaskPlaceOnEventListRestricted)
    vTaskStartScheduler                      0x08003515   Thumb Code   118  tasks.o(i.vTaskStartScheduler)
    vTaskSuspendAll                          0x0800359d   Thumb Code    10  tasks.o(i.vTaskSuspendAll)
    vTaskSwitchContext                       0x080035ad   Thumb Code    90  tasks.o(i.vTaskSwitchContext)
    xPortStartScheduler                      0x08003611   Thumb Code   154  port.o(i.xPortStartScheduler)
    xPortSysTickHandler                      0x080036b9   Thumb Code    38  port.o(i.xPortSysTickHandler)
    xQueueGenericCreateStatic                0x080036e5   Thumb Code   102  queue.o(i.xQueueGenericCreateStatic)
    xQueueGenericReset                       0x0800374d   Thumb Code   132  queue.o(i.xQueueGenericReset)
    xQueueGenericSend                        0x080037d5   Thumb Code   346  queue.o(i.xQueueGenericSend)
    xQueueGenericSendFromISR                 0x08003935   Thumb Code   188  queue.o(i.xQueueGenericSendFromISR)
    xQueueReceive                            0x080039f1   Thumb Code   308  queue.o(i.xQueueReceive)
    xTaskCheckForTimeOut                     0x08003b29   Thumb Code   112  tasks.o(i.xTaskCheckForTimeOut)
    xTaskCreate                              0x08003b9d   Thumb Code    90  tasks.o(i.xTaskCreate)
    xTaskCreateStatic                        0x08003bf7   Thumb Code    86  tasks.o(i.xTaskCreateStatic)
    xTaskGetSchedulerState                   0x08003c4d   Thumb Code    22  tasks.o(i.xTaskGetSchedulerState)
    xTaskGetTickCount                        0x08003c69   Thumb Code     6  tasks.o(i.xTaskGetTickCount)
    xTaskGetTickCountFromISR                 0x08003c75   Thumb Code    12  tasks.o(i.xTaskGetTickCountFromISR)
    xTaskIncrementTick                       0x08003c85   Thumb Code   190  tasks.o(i.xTaskIncrementTick)
    xTaskPriorityDisinherit                  0x08003d4d   Thumb Code   118  tasks.o(i.xTaskPriorityDisinherit)
    xTaskRemoveFromEventList                 0x08003dcd   Thumb Code    98  tasks.o(i.xTaskRemoveFromEventList)
    xTaskResumeAll                           0x08003e3d   Thumb Code   182  tasks.o(i.xTaskResumeAll)
    xTimerCreateTimerTask                    0x08003f01   Thumb Code    78  timers.o(i.xTimerCreateTimerTask)
    xTimerGenericCommand                     0x08003f61   Thumb Code    98  timers.o(i.xTimerGenericCommand)
    __aeabi_d2f                              0x08003fc9   Thumb Code     0  d2f.o(x$fpl$d2f)
    _d2f                                     0x08003fc9   Thumb Code    98  d2f.o(x$fpl$d2f)
    __aeabi_ddiv                             0x0800402d   Thumb Code     0  ddiv.o(x$fpl$ddiv)
    _ddiv                                    0x0800402d   Thumb Code   552  ddiv.o(x$fpl$ddiv)
    __aeabi_d2iz                             0x080042dd   Thumb Code     0  dfix.o(x$fpl$dfix)
    _dfix                                    0x080042dd   Thumb Code    94  dfix.o(x$fpl$dfix)
    __aeabi_ui2d                             0x0800433b   Thumb Code     0  dflt_clz.o(x$fpl$dfltu)
    _dfltu                                   0x0800433b   Thumb Code    38  dflt_clz.o(x$fpl$dfltu)
    __aeabi_dmul                             0x08004361   Thumb Code     0  dmul.o(x$fpl$dmul)
    _dmul                                    0x08004361   Thumb Code   332  dmul.o(x$fpl$dmul)
    __fpl_dnaninf                            0x080044b5   Thumb Code   156  dnaninf.o(x$fpl$dnaninf)
    __fpl_dretinf                            0x08004551   Thumb Code    12  dretinf.o(x$fpl$dretinf)
    __aeabi_f2d                              0x0800455d   Thumb Code     0  f2d.o(x$fpl$f2d)
    _f2d                                     0x0800455d   Thumb Code    86  f2d.o(x$fpl$f2d)
    __fpl_fnaninf                            0x080045b3   Thumb Code   140  fnaninf.o(x$fpl$fnaninf)
    __fpl_fretinf                            0x0800463f   Thumb Code    10  fretinf.o(x$fpl$fretinf)
    __I$use$fp                               0x08004648   Number         0  usenofp.o(x$fpl$usenofp)
    power_attributes                         0x08004648   Data          36  freertos.o(.constdata)
    display_attributes                       0x0800466c   Data          36  freertos.o(.constdata)
    gear_attributes                          0x08004690   Data          36  freertos.o(.constdata)
    key_attributes                           0x080046b4   Data          36  freertos.o(.constdata)
    AHBPrescTable                            0x080046ea   Data          16  system_stm32f1xx.o(.constdata)
    Region$$Table$$Base                      0x08004718   Number         0  anon$$obj.o(Region$$Table)
    Region$$Table$$Limit                     0x08004738   Number         0  anon$$obj.o(Region$$Table)
    SHT$$INIT_ARRAY$$Base                    0x08004738   Number         0  armlib_lock_glue.o(.init_array)
    SHT$$INIT_ARRAY$$Limit                   0x0800473c   Number         0  init_aeabi.o(.init_array)
    powerHandle                              0x20000000   Data           4  freertos.o(.data)
    displayHandle                            0x20000004   Data           4  freertos.o(.data)
    gearHandle                               0x20000008   Data           4  freertos.o(.data)
    keyHandle                                0x2000000c   Data           4  freertos.o(.data)
    uwTickFreq                               0x20000010   Data           1  stm32f1xx_hal.o(.data)
    uwTickPrio                               0x20000014   Data           4  stm32f1xx_hal.o(.data)
    uwTick                                   0x20000018   Data           4  stm32f1xx_hal.o(.data)
    SystemCoreClock                          0x2000001c   Data           4  system_stm32f1xx.o(.data)
    pxCurrentTCB                             0x20000020   Data           4  tasks.o(.data)
    model                                    0x2000012c   Data          28  freertos.o(.bss)
    hadc1                                    0x20000148   Data          48  adc.o(.bss)
    hdma_adc1                                0x20000178   Data          68  adc.o(.bss)
    htim1                                    0x200001bc   Data          72  tim.o(.bss)
    xQueueRegistry                           0x20000204   Data          64  queue.o(.bss)
    display188_var                           0x20001ad8   Data          36  display188.o(.bss)
    sw0                                      0x20001afc   Data          56  button.o(.bss)
    __libspace_start                         0x20001b34   Data          96  libspace.o(.bss)
    __temporary_stack_top$libspace           0x20001b94   Data           0  libspace.o(.bss)



==============================================================================

Memory Map of the image

  Image Entry point : 0x080000ed

  Load Region LR_IROM1 (Base: 0x08000000, Size: 0x000047dc, Max: 0x00008000, ABSOLUTE)

    Execution Region ER_IROM1 (Exec base: 0x08000000, Load base: 0x08000000, Size: 0x0000473c, Max: 0x00008000, ABSOLUTE)

    Exec Addr    Load Addr    Size         Type   Attr      Idx    E Section Name        Object

    0x08000000   0x08000000   0x000000ec   Data   RO            3    RESET               startup_stm32f103x6.o
    0x080000ec   0x080000ec   0x00000008   Code   RO         4722  * !!!main             c_w.l(__main.o)
    0x080000f4   0x080000f4   0x00000034   Code   RO         4920    !!!scatter          c_w.l(__scatter.o)
    0x08000128   0x08000128   0x0000001a   Code   RO         4922    !!handler_copy      c_w.l(__scatter_copy.o)
    0x08000142   0x08000142   0x00000002   PAD
    0x08000144   0x08000144   0x0000001c   Code   RO         4924    !!handler_zi        c_w.l(__scatter_zi.o)
    0x08000160   0x08000160   0x00000002   Code   RO         4841    .ARM.Collect$$libinit$$00000000  c_w.l(libinit.o)
    0x08000162   0x08000162   0x00000000   Code   RO         4756    .ARM.Collect$$libinit$$00000002  c_w.l(libinit2.o)
    0x08000162   0x08000162   0x00000000   Code   RO         4758    .ARM.Collect$$libinit$$00000004  c_w.l(libinit2.o)
    0x08000162   0x08000162   0x00000000   Code   RO         4761    .ARM.Collect$$libinit$$0000000A  c_w.l(libinit2.o)
    0x08000162   0x08000162   0x00000000   Code   RO         4763    .ARM.Collect$$libinit$$0000000C  c_w.l(libinit2.o)
    0x08000162   0x08000162   0x00000000   Code   RO         4765    .ARM.Collect$$libinit$$0000000E  c_w.l(libinit2.o)
    0x08000162   0x08000162   0x00000000   Code   RO         4768    .ARM.Collect$$libinit$$00000011  c_w.l(libinit2.o)
    0x08000162   0x08000162   0x00000000   Code   RO         4770    .ARM.Collect$$libinit$$00000013  c_w.l(libinit2.o)
    0x08000162   0x08000162   0x00000000   Code   RO         4772    .ARM.Collect$$libinit$$00000015  c_w.l(libinit2.o)
    0x08000162   0x08000162   0x00000000   Code   RO         4774    .ARM.Collect$$libinit$$00000017  c_w.l(libinit2.o)
    0x08000162   0x08000162   0x00000000   Code   RO         4776    .ARM.Collect$$libinit$$00000019  c_w.l(libinit2.o)
    0x08000162   0x08000162   0x00000000   Code   RO         4778    .ARM.Collect$$libinit$$0000001B  c_w.l(libinit2.o)
    0x08000162   0x08000162   0x00000000   Code   RO         4780    .ARM.Collect$$libinit$$0000001D  c_w.l(libinit2.o)
    0x08000162   0x08000162   0x00000000   Code   RO         4782    .ARM.Collect$$libinit$$0000001F  c_w.l(libinit2.o)
    0x08000162   0x08000162   0x00000000   Code   RO         4784    .ARM.Collect$$libinit$$00000021  c_w.l(libinit2.o)
    0x08000162   0x08000162   0x00000000   Code   RO         4786    .ARM.Collect$$libinit$$00000023  c_w.l(libinit2.o)
    0x08000162   0x08000162   0x00000000   Code   RO         4788    .ARM.Collect$$libinit$$00000025  c_w.l(libinit2.o)
    0x08000162   0x08000162   0x00000000   Code   RO         4792    .ARM.Collect$$libinit$$0000002C  c_w.l(libinit2.o)
    0x08000162   0x08000162   0x00000000   Code   RO         4794    .ARM.Collect$$libinit$$0000002E  c_w.l(libinit2.o)
    0x08000162   0x08000162   0x00000000   Code   RO         4796    .ARM.Collect$$libinit$$00000030  c_w.l(libinit2.o)
    0x08000162   0x08000162   0x00000004   Code   RO         4797    .ARM.Collect$$libinit$$00000031  c_w.l(libinit2.o)
    0x08000166   0x08000166   0x00000000   Code   RO         4798    .ARM.Collect$$libinit$$00000032  c_w.l(libinit2.o)
    0x08000166   0x08000166   0x00000002   Code   RO         4799    .ARM.Collect$$libinit$$00000033  c_w.l(libinit2.o)
    0x08000168   0x08000168   0x00000002   Code   RO         4879    .ARM.Collect$$libshutdown$$00000000  c_w.l(libshutdown.o)
    0x0800016a   0x0800016a   0x00000000   Code   RO         4885    .ARM.Collect$$libshutdown$$00000002  c_w.l(libshutdown2.o)
    0x0800016a   0x0800016a   0x00000000   Code   RO         4887    .ARM.Collect$$libshutdown$$00000004  c_w.l(libshutdown2.o)
    0x0800016a   0x0800016a   0x00000000   Code   RO         4889    .ARM.Collect$$libshutdown$$00000006  c_w.l(libshutdown2.o)
    0x0800016a   0x0800016a   0x00000000   Code   RO         4892    .ARM.Collect$$libshutdown$$00000009  c_w.l(libshutdown2.o)
    0x0800016a   0x0800016a   0x00000000   Code   RO         4895    .ARM.Collect$$libshutdown$$0000000C  c_w.l(libshutdown2.o)
    0x0800016a   0x0800016a   0x00000000   Code   RO         4897    .ARM.Collect$$libshutdown$$0000000E  c_w.l(libshutdown2.o)
    0x0800016a   0x0800016a   0x00000000   Code   RO         4900    .ARM.Collect$$libshutdown$$00000011  c_w.l(libshutdown2.o)
    0x0800016a   0x0800016a   0x00000002   Code   RO         4901    .ARM.Collect$$libshutdown$$00000012  c_w.l(libshutdown2.o)
    0x0800016c   0x0800016c   0x00000000   Code   RO         4750    .ARM.Collect$$rtentry$$00000000  c_w.l(__rtentry.o)
    0x0800016c   0x0800016c   0x00000000   Code   RO         4810    .ARM.Collect$$rtentry$$00000002  c_w.l(__rtentry2.o)
    0x0800016c   0x0800016c   0x00000006   Code   RO         4822    .ARM.Collect$$rtentry$$00000004  c_w.l(__rtentry4.o)
    0x08000172   0x08000172   0x00000000   Code   RO         4812    .ARM.Collect$$rtentry$$00000009  c_w.l(__rtentry2.o)
    0x08000172   0x08000172   0x00000004   Code   RO         4813    .ARM.Collect$$rtentry$$0000000A  c_w.l(__rtentry2.o)
    0x08000176   0x08000176   0x00000000   Code   RO         4815    .ARM.Collect$$rtentry$$0000000C  c_w.l(__rtentry2.o)
    0x08000176   0x08000176   0x00000008   Code   RO         4816    .ARM.Collect$$rtentry$$0000000D  c_w.l(__rtentry2.o)
    0x0800017e   0x0800017e   0x00000002   Code   RO         4847    .ARM.Collect$$rtexit$$00000000  c_w.l(rtexit.o)
    0x08000180   0x08000180   0x00000000   Code   RO         4859    .ARM.Collect$$rtexit$$00000002  c_w.l(rtexit2.o)
    0x08000180   0x08000180   0x00000004   Code   RO         4860    .ARM.Collect$$rtexit$$00000003  c_w.l(rtexit2.o)
    0x08000184   0x08000184   0x00000006   Code   RO         4861    .ARM.Collect$$rtexit$$00000004  c_w.l(rtexit2.o)
    0x0800018a   0x0800018a   0x00000002   PAD
    0x0800018c   0x0800018c   0x00000096   Code   RO         4451    .emb_text           port.o
    0x08000222   0x08000222   0x00000002   PAD
    0x08000224   0x08000224   0x00000040   Code   RO            4    .text               startup_stm32f103x6.o
    0x08000264   0x08000264   0x0000008a   Code   RO         4712    .text               c_w.l(rt_memcpy_v6.o)
    0x080002ee   0x080002ee   0x00000010   Code   RO         4716    .text               c_w.l(aeabi_memset.o)
    0x080002fe   0x080002fe   0x0000004e   Code   RO         4718    .text               c_w.l(rt_memclr_w.o)
    0x0800034c   0x0800034c   0x00000006   Code   RO         4720    .text               c_w.l(heapauxi.o)
    0x08000352   0x08000352   0x00000002   PAD
    0x08000354   0x08000354   0x00000024   Code   RO         4727    .text               c_w.l(init_aeabi.o)
    0x08000378   0x08000378   0x00000064   Code   RO         4751    .text               c_w.l(rt_memcpy_w.o)
    0x080003dc   0x080003dc   0x00000044   Code   RO         4753    .text               c_w.l(rt_memclr.o)
    0x08000420   0x08000420   0x0000004a   Code   RO         4828    .text               c_w.l(sys_stackheap_outer.o)
    0x0800046a   0x0800046a   0x00000012   Code   RO         4830    .text               c_w.l(exit.o)
    0x0800047c   0x0800047c   0x00000008   Code   RO         4844    .text               c_w.l(libspace.o)
    0x08000484   0x08000484   0x00000002   Code   RO         4855    .text               c_w.l(use_no_semi.o)
    0x08000486   0x08000486   0x00000000   Code   RO         4857    .text               c_w.l(indicate_semi.o)
    0x08000486   0x08000486   0x00000002   PAD
    0x08000488   0x08000488   0x0000000c   Code   RO         4871    .text               c_w.l(sys_exit.o)
    0x08000494   0x08000494   0x0000001c   Code   RO         4528    i.A2                display188.o
    0x080004b0   0x080004b0   0x0000001c   Code   RO         4529    i.A3                display188.o
    0x080004cc   0x080004cc   0x00000056   Code   RO          658    i.ADC_ConversionStop_Disable  stm32f1xx_hal_adc.o
    0x08000522   0x08000522   0x0000004e   Code   RO          659    i.ADC_DMAConvCplt   stm32f1xx_hal_adc.o
    0x08000570   0x08000570   0x0000001a   Code   RO          660    i.ADC_DMAError      stm32f1xx_hal_adc.o
    0x0800058a   0x0800058a   0x0000000a   Code   RO          661    i.ADC_DMAHalfConvCplt  stm32f1xx_hal_adc.o
    0x08000594   0x08000594   0x0000007c   Code   RO          662    i.ADC_Enable        stm32f1xx_hal_adc.o
    0x08000610   0x08000610   0x00000018   Code   RO         4649    i.Add_Button        button.o
    0x08000628   0x08000628   0x0000001c   Code   RO         4531    i.B2                display188.o
    0x08000644   0x08000644   0x0000001c   Code   RO         4532    i.B3                display188.o
    0x08000660   0x08000660   0x00000002   Code   RO          528    i.BusFault_Handler  stm32f1xx_it.o
    0x08000662   0x08000662   0x00000024   Code   RO         4650    i.Button_Attach     button.o
    0x08000686   0x08000686   0x00000002   PAD
    0x08000688   0x08000688   0x00000066   Code   RO         4651    i.Button_Create     button.o
    0x080006ee   0x080006ee   0x000000f8   Code   RO         4652    i.Button_Cycle_Process  button.o
    0x080007e6   0x080007e6   0x00000002   PAD
    0x080007e8   0x080007e8   0x0000001c   Code   RO         4654    i.Button_Process    button.o
    0x08000804   0x08000804   0x0000001c   Code   RO         4534    i.C2                display188.o
    0x08000820   0x08000820   0x0000001c   Code   RO         4535    i.C3                display188.o
    0x0800083c   0x0800083c   0x0000001c   Code   RO         4536    i.D2                display188.o
    0x08000858   0x08000858   0x0000001c   Code   RO         4537    i.D3                display188.o
    0x08000874   0x08000874   0x0000000c   Code   RO          529    i.DMA1_Channel1_IRQHandler  stm32f1xx_it.o
    0x08000880   0x08000880   0x0000002a   Code   RO         1314    i.DMA_SetConfig     stm32f1xx_hal_dma.o
    0x080008aa   0x080008aa   0x00000002   Code   RO          530    i.DebugMon_Handler  stm32f1xx_it.o
    0x080008ac   0x080008ac   0x0000006c   Code   RO          330    i.DisplayTask02     freertos.o
    0x08000918   0x08000918   0x0000001c   Code   RO         4538    i.E2                display188.o
    0x08000934   0x08000934   0x0000001c   Code   RO         4539    i.E3                display188.o
    0x08000950   0x08000950   0x00000004   Code   RO          124    i.Error_Handler     main.o
    0x08000954   0x08000954   0x0000001c   Code   RO         4540    i.F2                display188.o
    0x08000970   0x08000970   0x0000001c   Code   RO         4541    i.F3                display188.o
    0x0800098c   0x0800098c   0x0000001c   Code   RO         4542    i.G2                display188.o
    0x080009a8   0x080009a8   0x0000001c   Code   RO         4543    i.G3                display188.o
    0x080009c4   0x080009c4   0x0000005c   Code   RO          331    i.GearTask03        freertos.o
    0x08000a20   0x08000a20   0x000000fc   Code   RO          664    i.HAL_ADC_ConfigChannel  stm32f1xx_hal_adc.o
    0x08000b1c   0x08000b1c   0x00000002   Code   RO          665    i.HAL_ADC_ConvCpltCallback  stm32f1xx_hal_adc.o
    0x08000b1e   0x08000b1e   0x00000002   Code   RO          666    i.HAL_ADC_ConvHalfCpltCallback  stm32f1xx_hal_adc.o
    0x08000b20   0x08000b20   0x00000002   Code   RO          668    i.HAL_ADC_ErrorCallback  stm32f1xx_hal_adc.o
    0x08000b22   0x08000b22   0x00000002   PAD
    0x08000b24   0x08000b24   0x0000011c   Code   RO          673    i.HAL_ADC_Init      stm32f1xx_hal_adc.o
    0x08000c40   0x08000c40   0x0000008c   Code   RO          415    i.HAL_ADC_MspInit   adc.o
    0x08000ccc   0x08000ccc   0x0000010c   Code   RO          680    i.HAL_ADC_Start_DMA  stm32f1xx_hal_adc.o
    0x08000dd8   0x08000dd8   0x00000154   Code   RO         1320    i.HAL_DMA_IRQHandler  stm32f1xx_hal_dma.o
    0x08000f2c   0x08000f2c   0x0000005c   Code   RO         1321    i.HAL_DMA_Init      stm32f1xx_hal_dma.o
    0x08000f88   0x08000f88   0x00000070   Code   RO         1325    i.HAL_DMA_Start_IT  stm32f1xx_hal_dma.o
    0x08000ff8   0x08000ff8   0x000001c0   Code   RO         1251    i.HAL_GPIO_Init     stm32f1xx_hal_gpio.o
    0x080011b8   0x080011b8   0x0000000a   Code   RO         1253    i.HAL_GPIO_ReadPin  stm32f1xx_hal_gpio.o
    0x080011c2   0x080011c2   0x0000000a   Code   RO         1255    i.HAL_GPIO_WritePin  stm32f1xx_hal_gpio.o
    0x080011cc   0x080011cc   0x0000000c   Code   RO          945    i.HAL_GetTick       stm32f1xx_hal.o
    0x080011d8   0x080011d8   0x00000010   Code   RO          951    i.HAL_IncTick       stm32f1xx_hal.o
    0x080011e8   0x080011e8   0x00000024   Code   RO          952    i.HAL_Init          stm32f1xx_hal.o
    0x0800120c   0x0800120c   0x00000040   Code   RO          953    i.HAL_InitTick      stm32f1xx_hal.o
    0x0800124c   0x0800124c   0x00000048   Code   RO          598    i.HAL_MspInit       stm32f1xx_hal_msp.o
    0x08001294   0x08001294   0x0000001a   Code   RO         1411    i.HAL_NVIC_EnableIRQ  stm32f1xx_hal_cortex.o
    0x080012ae   0x080012ae   0x00000002   PAD
    0x080012b0   0x080012b0   0x00000040   Code   RO         1417    i.HAL_NVIC_SetPriority  stm32f1xx_hal_cortex.o
    0x080012f0   0x080012f0   0x00000024   Code   RO         1418    i.HAL_NVIC_SetPriorityGrouping  stm32f1xx_hal_cortex.o
    0x08001314   0x08001314   0x000000ec   Code   RO         1213    i.HAL_RCCEx_PeriphCLKConfig  stm32f1xx_hal_rcc_ex.o
    0x08001400   0x08001400   0x0000012c   Code   RO         1109    i.HAL_RCC_ClockConfig  stm32f1xx_hal_rcc.o
    0x0800152c   0x0800152c   0x0000004c   Code   RO         1118    i.HAL_RCC_GetSysClockFreq  stm32f1xx_hal_rcc.o
    0x08001578   0x08001578   0x00000320   Code   RO         1121    i.HAL_RCC_OscConfig  stm32f1xx_hal_rcc.o
    0x08001898   0x08001898   0x00000028   Code   RO         1422    i.HAL_SYSTICK_Config  stm32f1xx_hal_cortex.o
    0x080018c0   0x080018c0   0x00000054   Code   RO         2610    i.HAL_TIMEx_ConfigBreakDeadTime  stm32f1xx_hal_tim_ex.o
    0x08001914   0x08001914   0x00000060   Code   RO         2626    i.HAL_TIMEx_MasterConfigSynchronization  stm32f1xx_hal_tim_ex.o
    0x08001974   0x08001974   0x00000084   Code   RO          480    i.HAL_TIM_MspPostInit  tim.o
    0x080019f8   0x080019f8   0x000000cc   Code   RO         1975    i.HAL_TIM_PWM_ConfigChannel  stm32f1xx_hal_tim.o
    0x08001ac4   0x08001ac4   0x0000005a   Code   RO         1978    i.HAL_TIM_PWM_Init  stm32f1xx_hal_tim.o
    0x08001b1e   0x08001b1e   0x00000002   PAD
    0x08001b20   0x08001b20   0x00000028   Code   RO          482    i.HAL_TIM_PWM_MspInit  tim.o
    0x08001b48   0x08001b48   0x00000094   Code   RO         1983    i.HAL_TIM_PWM_Start  stm32f1xx_hal_tim.o
    0x08001bdc   0x08001bdc   0x00000002   Code   RO          531    i.HardFault_Handler  stm32f1xx_it.o
    0x08001bde   0x08001bde   0x00000002   PAD
    0x08001be0   0x08001be0   0x00000038   Code   RO          332    i.KeyTask04         freertos.o
    0x08001c18   0x08001c18   0x00000050   Code   RO          416    i.MX_ADC1_Init      adc.o
    0x08001c68   0x08001c68   0x0000002c   Code   RO          456    i.MX_DMA_Init       dma.o
    0x08001c94   0x08001c94   0x00000054   Code   RO          333    i.MX_FREERTOS_Init  freertos.o
    0x08001ce8   0x08001ce8   0x00000084   Code   RO          270    i.MX_GPIO_Init      gpio.o
    0x08001d6c   0x08001d6c   0x000000b0   Code   RO          483    i.MX_TIM1_Init      tim.o
    0x08001e1c   0x08001e1c   0x00000002   Code   RO          532    i.MemManage_Handler  stm32f1xx_it.o
    0x08001e1e   0x08001e1e   0x00000002   Code   RO          533    i.NMI_Handler       stm32f1xx_it.o
    0x08001e20   0x08001e20   0x00000084   Code   RO          334    i.PowerTask         freertos.o
    0x08001ea4   0x08001ea4   0x00000018   Code   RO          534    i.SysTick_Handler   stm32f1xx_it.o
    0x08001ebc   0x08001ebc   0x00000078   Code   RO          125    i.SystemClock_Config  main.o
    0x08001f34   0x08001f34   0x00000002   Code   RO         2875    i.SystemInit        system_stm32f1xx.o
    0x08001f36   0x08001f36   0x00000002   PAD
    0x08001f38   0x08001f38   0x0000005c   Code   RO         1996    i.TIM_Base_SetConfig  stm32f1xx_hal_tim.o
    0x08001f94   0x08001f94   0x0000001a   Code   RO         1997    i.TIM_CCxChannelCmd  stm32f1xx_hal_tim.o
    0x08001fae   0x08001fae   0x00000002   PAD
    0x08001fb0   0x08001fb0   0x00000050   Code   RO         2009    i.TIM_OC1_SetConfig  stm32f1xx_hal_tim.o
    0x08002000   0x08002000   0x00000058   Code   RO         2010    i.TIM_OC2_SetConfig  stm32f1xx_hal_tim.o
    0x08002058   0x08002058   0x00000058   Code   RO         2011    i.TIM_OC3_SetConfig  stm32f1xx_hal_tim.o
    0x080020b0   0x080020b0   0x00000044   Code   RO         2012    i.TIM_OC4_SetConfig  stm32f1xx_hal_tim.o
    0x080020f4   0x080020f4   0x00000002   Code   RO          535    i.UsageFault_Handler  stm32f1xx_it.o
    0x080020f6   0x080020f6   0x00000020   Code   RO         1424    i.__NVIC_SetPriority  stm32f1xx_hal_cortex.o
    0x08002116   0x08002116   0x00000002   PAD
    0x08002118   0x08002118   0x0000002c   Code   RO           14    i.__armlib_thread_safety_init  armlib_lock_glue.o
    0x08002144   0x08002144   0x00000038   Code   RO           15    i._mutex_acquire    armlib_lock_glue.o
    0x0800217c   0x0800217c   0x00000038   Code   RO           16    i._mutex_free       armlib_lock_glue.o
    0x080021b4   0x080021b4   0x00000064   Code   RO           17    i._mutex_initialize  armlib_lock_glue.o
    0x08002218   0x08002218   0x00000038   Code   RO           18    i._mutex_release    armlib_lock_glue.o
    0x08002250   0x08002250   0x000001d0   Code   RO         4544    i.display188_1      display188.o
    0x08002420   0x08002420   0x000001a4   Code   RO         4545    i.display188_10     display188.o
    0x080025c4   0x080025c4   0x0000006c   Code   RO         4547    i.display188_refresh_handle  display188.o
    0x08002630   0x08002630   0x00000018   Code   RO          271    i.get_PA15          gpio.o
    0x08002648   0x08002648   0x00000026   Code   RO          126    i.main              main.o
    0x0800266e   0x0800266e   0x00000002   PAD
    0x08002670   0x08002670   0x00000034   Code   RO         3981    i.osDelay           cmsis_os2.o
    0x080026a4   0x080026a4   0x0000003c   Code   RO         3982    i.osDelayUntil      cmsis_os2.o
    0x080026e0   0x080026e0   0x00000028   Code   RO         3993    i.osKernelGetTickCount  cmsis_os2.o
    0x08002708   0x08002708   0x00000038   Code   RO         3995    i.osKernelInitialize  cmsis_os2.o
    0x08002740   0x08002740   0x00000040   Code   RO         3998    i.osKernelStart     cmsis_os2.o
    0x08002780   0x08002780   0x000000a4   Code   RO         4032    i.osThreadNew       cmsis_os2.o
    0x08002824   0x08002824   0x0000005c   Code   RO         3477    i.prvAddCurrentTaskToDelayedList  tasks.o
    0x08002880   0x08002880   0x000000d0   Code   RO         3478    i.prvAddNewTaskToReadyList  tasks.o
    0x08002950   0x08002950   0x00000058   Code   RO         3827    i.prvCheckForValidListAndQueue  timers.o
    0x080029a8   0x080029a8   0x00000026   Code   RO         3080    i.prvCopyDataFromQueue  queue.o
    0x080029ce   0x080029ce   0x0000006c   Code   RO         3081    i.prvCopyDataToQueue  queue.o
    0x08002a3a   0x08002a3a   0x00000034   Code   RO         3479    i.prvDeleteTCB      tasks.o
    0x08002a6e   0x08002a6e   0x00000002   PAD
    0x08002a70   0x08002a70   0x0000004c   Code   RO         4402    i.prvHeapInit       heap_4.o
    0x08002abc   0x08002abc   0x00000060   Code   RO         3480    i.prvIdleTask       tasks.o
    0x08002b1c   0x08002b1c   0x00000022   Code   RO         3083    i.prvInitialiseNewQueue  queue.o
    0x08002b3e   0x08002b3e   0x0000009c   Code   RO         3481    i.prvInitialiseNewTask  tasks.o
    0x08002bda   0x08002bda   0x00000002   PAD
    0x08002bdc   0x08002bdc   0x0000004c   Code   RO         4403    i.prvInsertBlockIntoFreeList  heap_4.o
    0x08002c28   0x08002c28   0x00000038   Code   RO         3829    i.prvInsertTimerInActiveList  timers.o
    0x08002c60   0x08002c60   0x0000001c   Code   RO         3084    i.prvIsQueueEmpty   queue.o
    0x08002c7c   0x08002c7c   0x000000cc   Code   RO         3830    i.prvProcessReceivedCommands  timers.o
    0x08002d48   0x08002d48   0x000000b4   Code   RO         3831    i.prvProcessTimerOrBlockTask  timers.o
    0x08002dfc   0x08002dfc   0x00000020   Code   RO         3483    i.prvResetNextTaskUnblockTime  tasks.o
    0x08002e1c   0x08002e1c   0x00000028   Code   RO         3832    i.prvSampleTimeNow  timers.o
    0x08002e44   0x08002e44   0x0000006c   Code   RO         3833    i.prvSwitchTimerLists  timers.o
    0x08002eb0   0x08002eb0   0x00000028   Code   RO         4452    i.prvTaskExitError  port.o
    0x08002ed8   0x08002ed8   0x00000024   Code   RO         3834    i.prvTimerTask      timers.o
    0x08002efc   0x08002efc   0x0000006a   Code   RO         3085    i.prvUnlockQueue    queue.o
    0x08002f66   0x08002f66   0x00000002   PAD
    0x08002f68   0x08002f68   0x000000d8   Code   RO         4404    i.pvPortMalloc      heap_4.o
    0x08003040   0x08003040   0x00000024   Code   RO         4453    i.pxPortInitialiseStack  port.o
    0x08003064   0x08003064   0x00000018   Code   RO          272    i.set_PB3           gpio.o
    0x0800307c   0x0800307c   0x00000018   Code   RO          273    i.set_PB4           gpio.o
    0x08003094   0x08003094   0x00000018   Code   RO          274    i.set_PB5           gpio.o
    0x080030ac   0x080030ac   0x00000018   Code   RO          275    i.set_PB6           gpio.o
    0x080030c4   0x080030c4   0x00000018   Code   RO          276    i.set_PB7           gpio.o
    0x080030dc   0x080030dc   0x00000036   Code   RO           19    i.stm32_lock_acquire  armlib_lock_glue.o
    0x08003112   0x08003112   0x0000002a   Code   RO           20    i.stm32_lock_release  armlib_lock_glue.o
    0x0800313c   0x0800313c   0x0000001c   Code   RO          335    i.sw0_down_callback  freertos.o
    0x08003158   0x08003158   0x00000026   Code   RO         3040    i.uxListRemove      list.o
    0x0800317e   0x0800317e   0x00000002   PAD
    0x08003180   0x08003180   0x00000014   Code   RO         4044    i.vApplicationGetIdleTaskMemory  cmsis_os2.o
    0x08003194   0x08003194   0x00000018   Code   RO         4045    i.vApplicationGetTimerTaskMemory  cmsis_os2.o
    0x080031ac   0x080031ac   0x00000016   Code   RO         3041    i.vListInitialise   list.o
    0x080031c2   0x080031c2   0x00000006   Code   RO         3042    i.vListInitialiseItem  list.o
    0x080031c8   0x080031c8   0x00000030   Code   RO         3043    i.vListInsert       list.o
    0x080031f8   0x080031f8   0x00000018   Code   RO         3044    i.vListInsertEnd    list.o
    0x08003210   0x08003210   0x00000040   Code   RO         4455    i.vPortEnterCritical  port.o
    0x08003250   0x08003250   0x00000028   Code   RO         4456    i.vPortExitCritical  port.o
    0x08003278   0x08003278   0x0000005c   Code   RO         4405    i.vPortFree         heap_4.o
    0x080032d4   0x080032d4   0x00000024   Code   RO         4457    i.vPortSetupTimerInterrupt  port.o
    0x080032f8   0x080032f8   0x00000054   Code   RO         4458    i.vPortValidateInterruptPriority  port.o
    0x0800334c   0x0800334c   0x00000028   Code   RO         3091    i.vQueueAddToRegistry  queue.o
    0x08003374   0x08003374   0x00000044   Code   RO         3095    i.vQueueWaitForMessageRestricted  queue.o
    0x080033b8   0x080033b8   0x0000004c   Code   RO         3495    i.vTaskDelay        tasks.o
    0x08003404   0x08003404   0x0000008c   Code   RO         3496    i.vTaskDelayUntil   tasks.o
    0x08003490   0x08003490   0x00000010   Code   RO         3500    i.vTaskInternalSetTimeOutState  tasks.o
    0x080034a0   0x080034a0   0x0000000c   Code   RO         3501    i.vTaskMissedYield  tasks.o
    0x080034ac   0x080034ac   0x00000030   Code   RO         3503    i.vTaskPlaceOnEventList  tasks.o
    0x080034dc   0x080034dc   0x00000038   Code   RO         3504    i.vTaskPlaceOnEventListRestricted  tasks.o
    0x08003514   0x08003514   0x00000088   Code   RO         3512    i.vTaskStartScheduler  tasks.o
    0x0800359c   0x0800359c   0x00000010   Code   RO         3514    i.vTaskSuspendAll   tasks.o
    0x080035ac   0x080035ac   0x00000064   Code   RO         3515    i.vTaskSwitchContext  tasks.o
    0x08003610   0x08003610   0x000000a8   Code   RO         4459    i.xPortStartScheduler  port.o
    0x080036b8   0x080036b8   0x0000002c   Code   RO         4460    i.xPortSysTickHandler  port.o
    0x080036e4   0x080036e4   0x00000066   Code   RO         3101    i.xQueueGenericCreateStatic  queue.o
    0x0800374a   0x0800374a   0x00000002   PAD
    0x0800374c   0x0800374c   0x00000088   Code   RO         3102    i.xQueueGenericReset  queue.o
    0x080037d4   0x080037d4   0x00000160   Code   RO         3103    i.xQueueGenericSend  queue.o
    0x08003934   0x08003934   0x000000bc   Code   RO         3104    i.xQueueGenericSendFromISR  queue.o
    0x080039f0   0x080039f0   0x00000138   Code   RO         3113    i.xQueueReceive     queue.o
    0x08003b28   0x08003b28   0x00000074   Code   RO         3516    i.xTaskCheckForTimeOut  tasks.o
    0x08003b9c   0x08003b9c   0x0000005a   Code   RO         3517    i.xTaskCreate       tasks.o
    0x08003bf6   0x08003bf6   0x00000056   Code   RO         3518    i.xTaskCreateStatic  tasks.o
    0x08003c4c   0x08003c4c   0x0000001c   Code   RO         3522    i.xTaskGetSchedulerState  tasks.o
    0x08003c68   0x08003c68   0x0000000c   Code   RO         3523    i.xTaskGetTickCount  tasks.o
    0x08003c74   0x08003c74   0x00000010   Code   RO         3524    i.xTaskGetTickCountFromISR  tasks.o
    0x08003c84   0x08003c84   0x000000c8   Code   RO         3525    i.xTaskIncrementTick  tasks.o
    0x08003d4c   0x08003d4c   0x00000080   Code   RO         3528    i.xTaskPriorityDisinherit  tasks.o
    0x08003dcc   0x08003dcc   0x00000070   Code   RO         3530    i.xTaskRemoveFromEventList  tasks.o
    0x08003e3c   0x08003e3c   0x000000c4   Code   RO         3531    i.xTaskResumeAll    tasks.o
    0x08003f00   0x08003f00   0x00000060   Code   RO         3841    i.xTimerCreateTimerTask  timers.o
    0x08003f60   0x08003f60   0x00000068   Code   RO         3842    i.xTimerGenericCommand  timers.o
    0x08003fc8   0x08003fc8   0x00000062   Code   RO         4730    x$fpl$d2f           fz_ws.l(d2f.o)
    0x0800402a   0x0800402a   0x00000002   PAD
    0x0800402c   0x0800402c   0x000002b0   Code   RO         4733    x$fpl$ddiv          fz_ws.l(ddiv.o)
    0x080042dc   0x080042dc   0x0000005e   Code   RO         4736    x$fpl$dfix          fz_ws.l(dfix.o)
    0x0800433a   0x0800433a   0x00000026   Code   RO         4740    x$fpl$dfltu         fz_ws.l(dflt_clz.o)
    0x08004360   0x08004360   0x00000154   Code   RO         4746    x$fpl$dmul          fz_ws.l(dmul.o)
    0x080044b4   0x080044b4   0x0000009c   Code   RO         4800    x$fpl$dnaninf       fz_ws.l(dnaninf.o)
    0x08004550   0x08004550   0x0000000c   Code   RO         4802    x$fpl$dretinf       fz_ws.l(dretinf.o)
    0x0800455c   0x0800455c   0x00000056   Code   RO         4748    x$fpl$f2d           fz_ws.l(f2d.o)
    0x080045b2   0x080045b2   0x0000008c   Code   RO         4804    x$fpl$fnaninf       fz_ws.l(fnaninf.o)
    0x0800463e   0x0800463e   0x0000000a   Code   RO         4806    x$fpl$fretinf       fz_ws.l(fretinf.o)
    0x08004648   0x08004648   0x00000000   Code   RO         4808    x$fpl$usenofp       fz_ws.l(usenofp.o)
    0x08004648   0x08004648   0x00000090   Data   RO          337    .constdata          freertos.o
    0x080046d8   0x080046d8   0x00000012   Data   RO         1122    .constdata          stm32f1xx_hal_rcc.o
    0x080046ea   0x080046ea   0x00000010   Data   RO         2876    .constdata          system_stm32f1xx.o
    0x080046fa   0x080046fa   0x00000002   PAD
    0x080046fc   0x080046fc   0x0000001c   Data   RO          338    .conststring        freertos.o
    0x08004718   0x08004718   0x00000020   Data   RO         4918    Region$$Table       anon$$obj.o
    0x08004738   0x08004738   0x00000004   Data   RO           22    .init_array         armlib_lock_glue.o
    0x0800473c   0x08004738   0x00000000   Data   RO         4725    .init_array         c_w.l(init_aeabi.o)


    Execution Region RW_IRAM1 (Exec base: 0x20000000, Load base: 0x0800473c, Size: 0x00002198, Max: 0x00002800, ABSOLUTE)

    Exec Addr    Load Addr    Size         Type   Attr      Idx    E Section Name        Object

    0x20000000   0x0800473c   0x00000010   Data   RW          339    .data               freertos.o
    0x20000010   0x0800474c   0x0000000c   Data   RW          959    .data               stm32f1xx_hal.o
    0x2000001c   0x08004758   0x00000004   Data   RW         2878    .data               system_stm32f1xx.o
    0x20000020   0x0800475c   0x0000003c   Data   RW         3534    .data               tasks.o
    0x2000005c   0x08004798   0x00000014   Data   RW         3850    .data               timers.o
    0x20000070   0x080047ac   0x00000004   Data   RW         4047    .data               cmsis_os2.o
    0x20000074   0x080047b0   0x00000018   Data   RW         4410    .data               heap_4.o
    0x2000008c   0x080047c8   0x0000000c   Data   RW         4461    .data               port.o
    0x20000098   0x080047d4   0x00000004   Data   RW         4549    .data               display188.o
    0x2000009c   0x080047d8   0x00000004   Data   RW         4657    .data               button.o
    0x200000a0        -       0x0000008c   Zero   RW           21    .bss                armlib_lock_glue.o
    0x2000012c        -       0x0000001c   Zero   RW          336    .bss                freertos.o
    0x20000148        -       0x00000074   Zero   RW          417    .bss                adc.o
    0x200001bc        -       0x00000048   Zero   RW          484    .bss                tim.o
    0x20000204        -       0x00000040   Zero   RW         3117    .bss                queue.o
    0x20000244        -       0x000004c4   Zero   RW         3533    .bss                tasks.o
    0x20000708        -       0x00000118   Zero   RW         3849    .bss                timers.o
    0x20000820        -       0x000006b8   Zero   RW         4046    .bss                cmsis_os2.o
    0x20000ed8        -       0x00000c00   Zero   RW         4409    .bss                heap_4.o
    0x20001ad8        -       0x00000024   Zero   RW         4548    .bss                display188.o
    0x20001afc        -       0x00000038   Zero   RW         4656    .bss                button.o
    0x20001b34        -       0x00000060   Zero   RW         4845    .bss                c_w.l(libspace.o)
    0x20001b94   0x080047dc   0x00000004   PAD
    0x20001b98        -       0x00000200   Zero   RW            2    HEAP                startup_stm32f103x6.o
    0x20001d98        -       0x00000400   Zero   RW            1    STACK               startup_stm32f103x6.o


==============================================================================

Image component sizes


      Code (inc. data)   RO Data    RW Data    ZI Data      Debug   Object Name

       220         30          0          0        116       1623   adc.o
       408         26          4          0        140      15386   armlib_lock_glue.o
       438         10          0          4         56       5528   button.o
       480         42          0          4       1720      15584   cmsis_os2.o
      1384        114          0          4         36       9236   display188.o
        44          4          0          0          0        698   dma.o
         0          0          0          0          0      20008   event_groups.o
       500        110        172         16         28       6678   freertos.o
       276         46          0          0          0       3476   gpio.o
       460         24          0         24       3072       4487   heap_4.o
       138          0          0          0          0       3214   list.o
       162          0          0          0          0     426984   main.o
       662         70          0         12          0      10469   port.o
      1512         20          0          0         64      16448   queue.o
        64         26        236          0       1536        780   startup_stm32f103x6.o
       128         24          0         12          0       4749   stm32f1xx_hal.o
      1134         56          0          0          0       8178   stm32f1xx_hal_adc.o
       198         14          0          0          0      28763   stm32f1xx_hal_cortex.o
       586         32          0          0          0       3447   stm32f1xx_hal_dma.o
       468         30          0          0          0       3391   stm32f1xx_hal_gpio.o
        72         10          0          0          0        810   stm32f1xx_hal_msp.o
      1176         60         18          0          0       3874   stm32f1xx_hal_rcc.o
       236         12          0          0          0       1324   stm32f1xx_hal_rcc_ex.o
       884         38          0          0          0       7634   stm32f1xx_hal_tim.o
       180         10          0          0          0       2060   stm32f1xx_hal_tim_ex.o
        48          6          0          0          0       3310   stm32f1xx_it.o
         0          0          0          0          0       8844   stream_buffer.o
         2          0         16          4          0       1031   system_stm32f1xx.o
      2220        182          0         60       1220      24145   tasks.o
       348         38          0          0         72       2231   tim.o
       912         82          0         20        280      25539   timers.o

    ----------------------------------------------------------------------
     15372       1116        480        160       8340     669929   Object Totals
         0          0         32          0          0          0   (incl. Generated)
        32          0          2          0          0          0   (incl. Padding)

    ----------------------------------------------------------------------

      Code (inc. data)   RO Data    RW Data    ZI Data      Debug   Library Member Name

         8          0          0          0          0         68   __main.o
         0          0          0          0          0          0   __rtentry.o
        12          0          0          0          0          0   __rtentry2.o
         6          0          0          0          0          0   __rtentry4.o
        52          8          0          0          0          0   __scatter.o
        26          0          0          0          0          0   __scatter_copy.o
        28          0          0          0          0          0   __scatter_zi.o
        16          0          0          0          0         68   aeabi_memset.o
        18          0          0          0          0         80   exit.o
         6          0          0          0          0        152   heapauxi.o
         0          0          0          0          0          0   indicate_semi.o
        36         10          0          0          0         80   init_aeabi.o
         2          0          0          0          0          0   libinit.o
         6          0          0          0          0          0   libinit2.o
         2          0          0          0          0          0   libshutdown.o
         2          0          0          0          0          0   libshutdown2.o
         8          4          0          0         96         68   libspace.o
        68          0          0          0          0         68   rt_memclr.o
        78          0          0          0          0         80   rt_memclr_w.o
       138          0          0          0          0         68   rt_memcpy_v6.o
       100          0          0          0          0         80   rt_memcpy_w.o
         2          0          0          0          0          0   rtexit.o
        10          0          0          0          0          0   rtexit2.o
        12          4          0          0          0         68   sys_exit.o
        74          0          0          0          0         80   sys_stackheap_outer.o
         2          0          0          0          0         68   use_no_semi.o
        98          4          0          0          0         92   d2f.o
       688        140          0          0          0        208   ddiv.o
        94          4          0          0          0         92   dfix.o
        38          0          0          0          0         68   dflt_clz.o
       340         12          0          0          0        104   dmul.o
       156          4          0          0          0         92   dnaninf.o
        12          0          0          0          0         68   dretinf.o
        86          4          0          0          0         84   f2d.o
       140          4          0          0          0         84   fnaninf.o
        10          0          0          0          0         68   fretinf.o
         0          0          0          0          0          0   usenofp.o

    ----------------------------------------------------------------------
      2384        198          0          0        100       1988   Library Totals
        10          0          0          0          4          0   (incl. Padding)

    ----------------------------------------------------------------------

      Code (inc. data)   RO Data    RW Data    ZI Data      Debug   Library Name

       712         26          0          0         96       1028   c_w.l
      1662        172          0          0          0        960   fz_ws.l

    ----------------------------------------------------------------------
      2384        198          0          0        100       1988   Library Totals

    ----------------------------------------------------------------------

==============================================================================


      Code (inc. data)   RO Data    RW Data    ZI Data      Debug   

     17756       1314        480        160       8440     662137   Grand Totals
     17756       1314        480        160       8440     662137   ELF Image Totals
     17756       1314        480        160          0          0   ROM Totals

==============================================================================

    Total RO  Size (Code + RO Data)                18236 (  17.81kB)
    Total RW  Size (RW Data + ZI Data)              8600 (   8.40kB)
    Total ROM Size (Code + RO Data + RW Data)      18396 (  17.96kB)

==============================================================================

