Component: ARM Compiler 5.06 update 7 (build 960) Tool: armlink [4d3601]

==============================================================================

Section Cross References

    startup_stm32f103x6.o(STACK) refers (Special) to heapauxi.o(.text) for __use_two_region_memory
    startup_stm32f103x6.o(HEAP) refers (Special) to heapauxi.o(.text) for __use_two_region_memory
    startup_stm32f103x6.o(RESET) refers (Special) to heapauxi.o(.text) for __use_two_region_memory
    startup_stm32f103x6.o(RESET) refers to startup_stm32f103x6.o(STACK) for __initial_sp
    startup_stm32f103x6.o(RESET) refers to startup_stm32f103x6.o(.text) for Reset_Handler
    startup_stm32f103x6.o(RESET) refers to stm32f1xx_it.o(i.NMI_Handler) for NMI_Handler
    startup_stm32f103x6.o(RESET) refers to stm32f1xx_it.o(i.HardFault_Handler) for HardFault_Handler
    startup_stm32f103x6.o(RESET) refers to stm32f1xx_it.o(i.MemManage_Handler) for MemManage_Handler
    startup_stm32f103x6.o(RESET) refers to stm32f1xx_it.o(i.BusFault_Handler) for BusFault_Handler
    startup_stm32f103x6.o(RESET) refers to stm32f1xx_it.o(i.UsageFault_Handler) for UsageFault_Handler
    startup_stm32f103x6.o(RESET) refers to port.o(.emb_text) for SVC_Handler
    startup_stm32f103x6.o(RESET) refers to stm32f1xx_it.o(i.DebugMon_Handler) for DebugMon_Handler
    startup_stm32f103x6.o(RESET) refers to port.o(i.SysTick_Handler) for SysTick_Handler
    startup_stm32f103x6.o(RESET) refers to stm32f1xx_it.o(i.TIM1_UP_IRQHandler) for TIM1_UP_IRQHandler
    startup_stm32f103x6.o(.text) refers (Special) to heapauxi.o(.text) for __use_two_region_memory
    startup_stm32f103x6.o(.text) refers to system_stm32f1xx.o(i.SystemInit) for SystemInit
    startup_stm32f103x6.o(.text) refers to __main.o(!!!main) for __main
    startup_stm32f103x6.o(.text) refers to startup_stm32f103x6.o(HEAP) for Heap_Mem
    startup_stm32f103x6.o(.text) refers to startup_stm32f103x6.o(STACK) for Stack_Mem
    armlib_lock_glue.o(i.__armlib_thread_safety_init) refers to armlib_lock_glue.o(i.stm32_lock_acquire) for stm32_lock_acquire
    armlib_lock_glue.o(i.__armlib_thread_safety_init) refers to armlib_lock_glue.o(i.stm32_lock_release) for stm32_lock_release
    armlib_lock_glue.o(i.__armlib_thread_safety_init) refers to armlib_lock_glue.o(.bss) for .bss
    armlib_lock_glue.o(i._mutex_acquire) refers to armlib_lock_glue.o(i.stm32_lock_acquire) for stm32_lock_acquire
    armlib_lock_glue.o(i._mutex_acquire) refers to main.o(i.Error_Handler) for Error_Handler
    armlib_lock_glue.o(i._mutex_acquire) refers to armlib_lock_glue.o(i.stm32_lock_release) for stm32_lock_release
    armlib_lock_glue.o(i._mutex_acquire) refers to armlib_lock_glue.o(.bss) for .bss
    armlib_lock_glue.o(i._mutex_free) refers to armlib_lock_glue.o(i.stm32_lock_acquire) for stm32_lock_acquire
    armlib_lock_glue.o(i._mutex_free) refers to main.o(i.Error_Handler) for Error_Handler
    armlib_lock_glue.o(i._mutex_free) refers to armlib_lock_glue.o(i.stm32_lock_release) for stm32_lock_release
    armlib_lock_glue.o(i._mutex_free) refers to armlib_lock_glue.o(.bss) for .bss
    armlib_lock_glue.o(i._mutex_initialize) refers to armlib_lock_glue.o(i.stm32_lock_acquire) for stm32_lock_acquire
    armlib_lock_glue.o(i._mutex_initialize) refers to armlib_lock_glue.o(i.stm32_lock_release) for stm32_lock_release
    armlib_lock_glue.o(i._mutex_initialize) refers to main.o(i.Error_Handler) for Error_Handler
    armlib_lock_glue.o(i._mutex_initialize) refers to armlib_lock_glue.o(.bss) for .bss
    armlib_lock_glue.o(i._mutex_release) refers to armlib_lock_glue.o(i.stm32_lock_acquire) for stm32_lock_acquire
    armlib_lock_glue.o(i._mutex_release) refers to main.o(i.Error_Handler) for Error_Handler
    armlib_lock_glue.o(i._mutex_release) refers to armlib_lock_glue.o(i.stm32_lock_release) for stm32_lock_release
    armlib_lock_glue.o(i._mutex_release) refers to armlib_lock_glue.o(.bss) for .bss
    armlib_lock_glue.o(i.stm32_lock_acquire) refers to main.o(i.Error_Handler) for Error_Handler
    armlib_lock_glue.o(i.stm32_lock_release) refers to main.o(i.Error_Handler) for Error_Handler
    armlib_lock_glue.o(.init_array) refers to armlib_lock_glue.o(i.__armlib_thread_safety_init) for __armlib_thread_safety_init
    armlib_lock_glue.o(.init_array) refers to init_aeabi.o(.text) for __cpp_initialize__aeabi_
    main.o(i.HAL_TIM_PeriodElapsedCallback) refers to stm32f1xx_hal.o(i.HAL_IncTick) for HAL_IncTick
    main.o(i.SystemClock_Config) refers to rt_memclr_w.o(.text) for __aeabi_memclr4
    main.o(i.SystemClock_Config) refers to stm32f1xx_hal_rcc.o(i.HAL_RCC_OscConfig) for HAL_RCC_OscConfig
    main.o(i.SystemClock_Config) refers to stm32f1xx_hal_rcc.o(i.HAL_RCC_ClockConfig) for HAL_RCC_ClockConfig
    main.o(i.SystemClock_Config) refers to stm32f1xx_hal_rcc_ex.o(i.HAL_RCCEx_PeriphCLKConfig) for HAL_RCCEx_PeriphCLKConfig
    main.o(i.main) refers to stm32f1xx_hal.o(i.HAL_Init) for HAL_Init
[...]
    i.Button_Attach                          0x080004a2   Section        0  button.o(i.Button_Attach)
    i.Button_Create                          0x080004c8   Section        0  button.o(i.Button_Create)
    i.Button_Cycle_Process                   0x0800052e   Section        0  button.o(i.Button_Cycle_Process)
    Button_Cycle_Process                     0x0800052f   Thumb Code   248  button.o(i.Button_Cycle_Process)
    i.Button_Process                         0x08000628   Section        0  button.o(i.Button_Process)
    i.DebugMon_Handler                       0x08000644   Section        0  stm32f1xx_it.o(i.DebugMon_Handler)
    i.DisplayTask02                          0x08000648   Section        0  freertos.o(i.DisplayTask02)
    i.Error_Handler                          0x080006b4   Section        0  main.o(i.Error_Handler)
    i.GearTask03                             0x080006b8   Section        0  freertos.o(i.GearTask03)
    i.HAL_ADC_ConfigChannel                  0x0800071c   Section        0  stm32f1xx_hal_adc.o(i.HAL_ADC_ConfigChannel)
    i.HAL_ADC_GetState                       0x08000818   Section        0  stm32f1xx_hal_adc.o(i.HAL_ADC_GetState)
    i.HAL_ADC_GetValue                       0x0800081c   Section        0  stm32f1xx_hal_adc.o(i.HAL_ADC_GetValue)
    i.HAL_ADC_Init                           0x08000824   Section        0  stm32f1xx_hal_adc.o(i.HAL_ADC_Init)
    i.HAL_ADC_MspInit                        0x08000940   Section        0  adc.o(i.HAL_ADC_MspInit)
    i.HAL_ADC_PollForConversion              0x08000998   Section        0  stm32f1xx_hal_adc.o(i.HAL_ADC_PollForConversion)
    i.HAL_ADC_Start                          0x08000ad4   Section        0  stm32f1xx_hal_adc.o(i.HAL_ADC_Start)
    i.HAL_GPIO_Init                          0x08000b94   Section        0  stm32f1xx_hal_gpio.o(i.HAL_GPIO_Init)
    i.HAL_GPIO_ReadPin                       0x08000d54   Section        0  stm32f1xx_hal_gpio.o(i.HAL_GPIO_ReadPin)
    i.HAL_GPIO_WritePin                      0x08000d5e   Section        0  stm32f1xx_hal_gpio.o(i.HAL_GPIO_WritePin)
    i.HAL_GetTick                            0x08000d68   Section        0  stm32f1xx_hal.o(i.HAL_GetTick)
    i.HAL_IncTick                            0x08000d74   Section        0  stm32f1xx_hal.o(i.HAL_IncTick)
    i.HAL_Init                               0x08000d84   Section        0  stm32f1xx_hal.o(i.HAL_Init)
    i.HAL_InitTick                           0x08000da8   Section        0  stm32f1xx_hal_timebase_tim.o(i.HAL_InitTick)
    i.HAL_MspInit                            0x08000e34   Section        0  stm32f1xx_hal_msp.o(i.HAL_MspInit)
    i.HAL_NVIC_EnableIRQ                     0x08000e7c   Section        0  stm32f1xx_hal_cortex.o(i.HAL_NVIC_EnableIRQ)
    i.HAL_NVIC_SetPriority                   0x08000e98   Section        0  stm32f1xx_hal_cortex.o(i.HAL_NVIC_SetPriority)
    i.HAL_NVIC_SetPriorityGrouping           0x08000ed8   Section        0  stm32f1xx_hal_cortex.o(i.HAL_NVIC_SetPriorityGrouping)
    i.HAL_RCCEx_GetPeriphCLKFreq             0x08000efc   Section        0  stm32f1xx_hal_rcc_ex.o(i.HAL_RCCEx_GetPeriphCLKFreq)
    i.HAL_RCCEx_PeriphCLKConfig              0x08000fa0   Section        0  stm32f1xx_hal_rcc_ex.o(i.HAL_RCCEx_PeriphCLKConfig)
    i.HAL_RCC_ClockConfig                    0x0800108c   Section        0  stm32f1xx_hal_rcc.o(i.HAL_RCC_ClockConfig)
    i.HAL_RCC_GetClockConfig                 0x080011b8   Section        0  stm32f1xx_hal_rcc.o(i.HAL_RCC_GetClockConfig)
    i.HAL_RCC_GetPCLK2Freq                   0x080011f8   Section        0  stm32f1xx_hal_rcc.o(i.HAL_RCC_GetPCLK2Freq)
    i.HAL_RCC_GetSysClockFreq                0x08001218   Section        0  stm32f1xx_hal_rcc.o(i.HAL_RCC_GetSysClockFreq)
    i.HAL_RCC_OscConfig                      0x08001264   Section        0  stm32f1xx_hal_rcc.o(i.HAL_RCC_OscConfig)
    i.HAL_TIMEx_BreakCallback                0x08001584   Section        0  stm32f1xx_hal_tim_ex.o(i.HAL_TIMEx_BreakCallback)
    i.HAL_TIMEx_CommutCallback               0x08001586   Section        0  stm32f1xx_hal_tim_ex.o(i.HAL_TIMEx_CommutCallback)
    i.HAL_TIMEx_MasterConfigSynchronization  0x08001588   Section        0  stm32f1xx_hal_tim_ex.o(i.HAL_TIMEx_MasterConfigSynchronization)
    i.HAL_TIM_Base_Init                      0x080015e8   Section        0  stm32f1xx_hal_tim.o(i.HAL_TIM_Base_Init)
    i.HAL_TIM_Base_MspInit                   0x08001644   Section        0  tim.o(i.HAL_TIM_Base_MspInit)
    i.HAL_TIM_Base_Start_IT                  0x0800166c   Section        0  stm32f1xx_hal_tim.o(i.HAL_TIM_Base_Start_IT)
    i.HAL_TIM_ConfigClockSource              0x080016bc   Section        0  stm32f1xx_hal_tim.o(i.HAL_TIM_ConfigClockSource)
    i.HAL_TIM_IC_CaptureCallback             0x08001798   Section        0  stm32f1xx_hal_tim.o(i.HAL_TIM_IC_CaptureCallback)
    i.HAL_TIM_IRQHandler                     0x0800179a   Section        0  stm32f1xx_hal_tim.o(i.HAL_TIM_IRQHandler)
    i.HAL_TIM_MspPostInit                    0x08001900   Section        0  tim.o(i.HAL_TIM_MspPostInit)
    i.HAL_TIM_OC_DelayElapsedCallback        0x0800194c   Section        0  stm32f1xx_hal_tim.o(i.HAL_TIM_OC_DelayElapsedCallback)
    i.HAL_TIM_PWM_ConfigChannel              0x0800194e   Section        0  stm32f1xx_hal_tim.o(i.HAL_TIM_PWM_ConfigChannel)
    i.HAL_TIM_PWM_Init                       0x08001a1a   Section        0  stm32f1xx_hal_tim.o(i.HAL_TIM_PWM_Init)
    i.HAL_TIM_PWM_MspInit                    0x08001a74   Section        0  stm32f1xx_hal_tim.o(i.HAL_TIM_PWM_MspInit)
    i.HAL_TIM_PWM_PulseFinishedCallback      0x08001a76   Section        0  stm32f1xx_hal_tim.o(i.HAL_TIM_PWM_PulseFinishedCallback)
    i.HAL_TIM_PWM_Start                      0x08001a78   Section        0  stm32f1xx_hal_tim.o(i.HAL_TIM_PWM_Start)
    i.HAL_TIM_PeriodElapsedCallback          0x08001b0c   Section        0  main.o(i.HAL_TIM_PeriodElapsedCallback)
    i.HAL_TIM_TriggerCallback                0x08001b20   Section        0  stm32f1xx_hal_tim.o(i.HAL_TIM_TriggerCallback)
    i.HardFault_Handler                      0x08001b22   Section        0  stm32f1xx_it.o(i.HardFault_Handler)
    i.KeyTask04                              0x08001b24   Section        0  freertos.o(i.KeyTask04)
    i.MX_ADC1_Init                           0x08001b5c   Section        0  adc.o(i.MX_ADC1_Init)
    i.MX_FREERTOS_Init                       0x08001bac   Section        0  freertos.o(i.MX_FREERTOS_Init)
    i.MX_GPIO_Init                           0x08001c14   Section        0  gpio.o(i.MX_GPIO_Init)
    i.MX_TIM3_Init                           0x08001c98   Section        0  tim.o(i.MX_TIM3_Init)
    i.MemManage_Handler                      0x08001d40   Section        0  stm32f1xx_it.o(i.MemManage_Handler)
    i.NMI_Handler                            0x08001d42   Section        0  stm32f1xx_it.o(i.NMI_Handler)
    i.PowerTask                              0x08001d44   Section        0  freertos.o(i.PowerTask)
    i.SysTick_Handler                        0x08001dec   Section        0  port.o(i.SysTick_Handler)
    i.SystemClock_Config                     0x08001e18   Section        0  main.o(i.SystemClock_Config)
    i.SystemInit                             0x08001e90   Section        0  system_stm32f1xx.o(i.SystemInit)
    i.TIM1_UP_IRQHandler                     0x08001e94   Section        0  stm32f1xx_it.o(i.TIM1_UP_IRQHandler)
    i.TIM_Base_SetConfig                     0x08001ea0   Section        0  stm32f1xx_hal_tim.o(i.TIM_Base_SetConfig)
    i.TIM_CCxChannelCmd                      0x08001efc   Section        0  stm32f1xx_hal_tim.o(i.TIM_CCxChannelCmd)
    i.TIM_ETR_SetConfig                      0x08001f16   Section        0  stm32f1xx_hal_tim.o(i.TIM_ETR_SetConfig)
    i.TIM_ITRx_SetConfig                     0x08001f2a   Section        0  stm32f1xx_hal_tim.o(i.TIM_ITRx_SetConfig)
    TIM_ITRx_SetConfig                       0x08001f2b   Thumb Code    16  stm32f1xx_hal_tim.o(i.TIM_ITRx_SetConfig)
    i.TIM_OC1_SetConfig                      0x08001f3c   Section        0  stm32f1xx_hal_tim.o(i.TIM_OC1_SetConfig)
    TIM_OC1_SetConfig                        0x08001f3d   Thumb Code    74  stm32f1xx_hal_tim.o(i.TIM_OC1_SetConfig)
    i.TIM_OC2_SetConfig                      0x08001f8c   Section        0  stm32f1xx_hal_tim.o(i.TIM_OC2_SetConfig)
    i.TIM_OC3_SetConfig                      0x08001fe4   Section        0  stm32f1xx_hal_tim.o(i.TIM_OC3_SetConfig)
    TIM_OC3_SetConfig                        0x08001fe5   Thumb Code    82  stm32f1xx_hal_tim.o(i.TIM_OC3_SetConfig)
    i.TIM_OC4_SetConfig                      0x0800203c   Section        0  stm32f1xx_hal_tim.o(i.TIM_OC4_SetConfig)
    TIM_OC4_SetConfig                        0x0800203d   Thumb Code    64  stm32f1xx_hal_tim.o(i.TIM_OC4_SetConfig)
    i.TIM_TI1_ConfigInputStage               0x08002080   Section        0  stm32f1xx_hal_tim.o(i.TIM_TI1_ConfigInputStage)
    TIM_TI1_ConfigInputStage                 0x08002081   Thumb Code    34  stm32f1xx_hal_tim.o(i.TIM_TI1_ConfigInputStage)
    i.TIM_TI2_ConfigInputStage               0x080020a2   Section        0  stm32f1xx_hal_tim.o(i.TIM_TI2_ConfigInputStage)
    TIM_TI2_ConfigInputStage                 0x080020a3   Thumb Code    36  stm32f1xx_hal_tim.o(i.TIM_TI2_ConfigInputStage)
    i.UsageFault_Handler                     0x080020c6   Section        0  stm32f1xx_it.o(i.UsageFault_Handler)
    i.__NVIC_SetPriority                     0x080020c8   Section        0  stm32f1xx_hal_cortex.o(i.__NVIC_SetPriority)
    __NVIC_SetPriority                       0x080020c9   Thumb Code    32  stm32f1xx_hal_cortex.o(i.__NVIC_SetPriority)
    i.__armlib_thread_safety_init            0x080020e8   Section        0  armlib_lock_glue.o(i.__armlib_thread_safety_init)
    i._mutex_acquire                         0x08002114   Section        0  armlib_lock_glue.o(i._mutex_acquire)
    __tagsym$$used                           0x08002115   Number         0  armlib_lock_glue.o(i._mutex_acquire)
    i._mutex_free                            0x0800214c   Section        0  armlib_lock_glue.o(i._mutex_free)
    __tagsym$$used                           0x0800214d   Number         0  armlib_lock_glue.o(i._mutex_free)
    i._mutex_initialize                      0x08002184   Section        0  armlib_lock_glue.o(i._mutex_initialize)
    __tagsym$$used                           0x08002185   Number         0  armlib_lock_glue.o(i._mutex_initialize)
    i._mutex_release                         0x080021e8   Section        0  armlib_lock_glue.o(i._mutex_release)
    __tagsym$$used                           0x080021e9   Number         0  armlib_lock_glue.o(i._mutex_release)
    i.display188_refresh_handle              0x08002220   Section        0  display188.o(i.display188_refresh_handle)
    i.get_PA15                               0x08002428   Section        0  gpio.o(i.get_PA15)
    i.main                                   0x08002440   Section        0  main.o(i.main)
    i.makeFreeRtosPriority                   0x0800245e   Section        0  cmsis_os.o(i.makeFreeRtosPriority)
    makeFreeRtosPriority                     0x0800245f   Thumb Code    12  cmsis_os.o(i.makeFreeRtosPriority)
    i.osDelay                                0x0800246a   Section        0  cmsis_os.o(i.osDelay)
    i.osKernelStart                          0x08002478   Section        0  cmsis_os.o(i.osKernelStart)
    i.osThreadCreate                         0x08002482   Section        0  cmsis_os.o(i.osThreadCreate)
    i.prvAddCurrentTaskToDelayedList         0x080024d8   Section        0  tasks.o(i.prvAddCurrentTaskToDelayedList)
    prvAddCurrentTaskToDelayedList           0x080024d9   Thumb Code   102  tasks.o(i.prvAddCurrentTaskToDelayedList)
    i.prvAddNewTaskToReadyList               0x08002548   Section        0  tasks.o(i.prvAddNewTaskToReadyList)
    prvAddNewTaskToReadyList                 0x08002549   Thumb Code   194  tasks.o(i.prvAddNewTaskToReadyList)
    i.prvDeleteTCB                           0x08002618   Section        0  tasks.o(i.prvDeleteTCB)
    prvDeleteTCB                             0x08002619   Thumb Code    52  tasks.o(i.prvDeleteTCB)
    i.prvHeapInit                            0x0800264c   Section        0  heap_4.o(i.prvHeapInit)
    prvHeapInit                              0x0800264d   Thumb Code    66  heap_4.o(i.prvHeapInit)
    i.prvIdleTask                            0x08002698   Section        0  tasks.o(i.prvIdleTask)
    prvIdleTask                              0x08002699   Thumb Code    82  tasks.o(i.prvIdleTask)
    i.prvInitialiseNewTask                   0x080026f8   Section        0  tasks.o(i.prvInitialiseNewTask)
    prvInitialiseNewTask                     0x080026f9   Thumb Code   142  tasks.o(i.prvInitialiseNewTask)
    i.prvInsertBlockIntoFreeList             0x08002788   Section        0  heap_4.o(i.prvInsertBlockIntoFreeList)
    prvInsertBlockIntoFreeList               0x08002789   Thumb Code    72  heap_4.o(i.prvInsertBlockIntoFreeList)
    i.prvResetNextTaskUnblockTime            0x080027d4   Section        0  tasks.o(i.prvResetNextTaskUnblockTime)
    prvResetNextTaskUnblockTime              0x080027d5   Thumb Code    26  tasks.o(i.prvResetNextTaskUnblockTime)
    i.prvTaskExitError                       0x080027f4   Section        0  port.o(i.prvTaskExitError)
    prvTaskExitError                         0x080027f5   Thumb Code    36  port.o(i.prvTaskExitError)
    i.pvPortMalloc                           0x0800281c   Section        0  heap_4.o(i.pvPortMalloc)
    i.pxPortInitialiseStack                  0x080028f4   Section        0  port.o(i.pxPortInitialiseStack)
    i.set_PB3                                0x08002918   Section        0  gpio.o(i.set_PB3)
    i.set_PB3to7_input                       0x0800294c   Section        0  gpio.o(i.set_PB3to7_input)
    i.set_PB4                                0x0800296c   Section        0  gpio.o(i.set_PB4)
    i.set_PB5                                0x080029a0   Section        0  gpio.o(i.set_PB5)
    i.set_PB6                                0x080029d4   Section        0  gpio.o(i.set_PB6)
    i.set_PB7                                0x08002a08   Section        0  gpio.o(i.set_PB7)
    i.stm32_lock_acquire                     0x08002a3c   Section        0  armlib_lock_glue.o(i.stm32_lock_acquire)
    stm32_lock_acquire                       0x08002a3d   Thumb Code    54  armlib_lock_glue.o(i.stm32_lock_acquire)
    i.stm32_lock_release                     0x08002a72   Section        0  armlib_lock_glue.o(i.stm32_lock_release)
    stm32_lock_release                       0x08002a73   Thumb Code    42  armlib_lock_glue.o(i.stm32_lock_release)
    i.sw0_down_callback                      0x08002a9c   Section        0  freertos.o(i.sw0_down_callback)
    sw0_down_callback                        0x08002a9d   Thumb Code    24  freertos.o(i.sw0_down_callback)
    i.uxListRemove                           0x08002ab8   Section        0  list.o(i.uxListRemove)
    i.vApplicationGetIdleTaskMemory          0x08002ae0   Section        0  freertos.o(i.vApplicationGetIdleTaskMemory)
    i.vListInitialise                        0x08002af4   Section        0  list.o(i.vListInitialise)
    i.vListInitialiseItem                    0x08002b0a   Section        0  list.o(i.vListInitialiseItem)
    i.vListInsert                            0x08002b10   Section        0  list.o(i.vListInsert)
    i.vListInsertEnd                         0x08002b40   Section        0  list.o(i.vListInsertEnd)
    i.vPortEnterCritical                     0x08002b58   Section        0  port.o(i.vPortEnterCritical)
    i.vPortExitCritical                      0x08002b98   Section        0  port.o(i.vPortExitCritical)
    i.vPortFree                              0x08002bc0   Section        0  heap_4.o(i.vPortFree)
    i.vPortSetupTimerInterrupt               0x08002c1c   Section        0  port.o(i.vPortSetupTimerInterrupt)
    i.vTaskDelay                             0x08002c40   Section        0  tasks.o(i.vTaskDelay)
    i.vTaskStartScheduler                    0x08002c8c   Section        0  tasks.o(i.vTaskStartScheduler)
    i.vTaskSuspendAll                        0x08002cf8   Section        0  tasks.o(i.vTaskSuspendAll)
    i.vTaskSwitchContext                     0x08002d08   Section        0  tasks.o(i.vTaskSwitchContext)
    i.xPortStartScheduler                    0x08002d64   Section        0  port.o(i.xPortStartScheduler)
    i.xTaskCreate                            0x08002e0c   Section        0  tasks.o(i.xTaskCreate)
    i.xTaskCreateStatic                      0x08002e66   Section        0  tasks.o(i.xTaskCreateStatic)
    i.xTaskIncrementTick                     0x08002ebc   Section        0  tasks.o(i.xTaskIncrementTick)
    i.xTaskResumeAll                         0x08002f84   Section        0  tasks.o(i.xTaskResumeAll)
    x$fpl$d2f                                0x08003048   Section       98  d2f.o(x$fpl$d2f)
    x$fpl$dadd                               0x080030ac   Section      336  daddsub_clz.o(x$fpl$dadd)
    _dadd1                                   0x080030bd   Thumb Code     0  daddsub_clz.o(x$fpl$dadd)
    x$fpl$dcheck1                            0x080031fc   Section       16  dcheck1.o(x$fpl$dcheck1)
    x$fpl$ddiv                               0x0800320c   Section      688  ddiv.o(x$fpl$ddiv)
    ddiv_entry                               0x08003213   Thumb Code     0  ddiv.o(x$fpl$ddiv)
    x$fpl$dfix                               0x080034bc   Section       94  dfix.o(x$fpl$dfix)
    x$fpl$dfltu                              0x0800351a   Section       38  dflt_clz.o(x$fpl$dfltu)
    x$fpl$dmul                               0x08003540   Section      340  dmul.o(x$fpl$dmul)
    x$fpl$dnaninf                            0x08003694   Section      156  dnaninf.o(x$fpl$dnaninf)
    x$fpl$dretinf                            0x08003730   Section       12  dretinf.o(x$fpl$dretinf)
    x$fpl$dsub                               0x0800373c   Section      468  daddsub_clz.o(x$fpl$dsub)
    _dsub1                                   0x0800374d   Thumb Code     0  daddsub_clz.o(x$fpl$dsub)
    x$fpl$f2d                                0x08003910   Section       86  f2d.o(x$fpl$f2d)
    x$fpl$fnaninf                            0x08003966   Section      140  fnaninf.o(x$fpl$fnaninf)
    x$fpl$fretinf                            0x080039f2   Section       10  fretinf.o(x$fpl$fretinf)
    x$fpl$retnan                             0x080039fc   Section      100  retnan.o(x$fpl$retnan)
    x$fpl$scalbn                             0x08003a60   Section       92  scalbn.o(x$fpl$scalbn)
    x$fpl$trapveneer                         0x08003abc   Section       48  trapv.o(x$fpl$trapveneer)
    .constdata                               0x08003aec   Section      112  freertos.o(.constdata)
    x$fpl$usenofp                            0x08003aec   Section        0  usenofp.o(x$fpl$usenofp)
    .constdata                               0x08003b5c   Section       18  stm32f1xx_hal_rcc.o(.constdata)
    aPredivFactorTable                       0x08003b5c   Data           2  stm32f1xx_hal_rcc.o(.constdata)
    aPLLMULFactorTable                       0x08003b5e   Data          16  stm32f1xx_hal_rcc.o(.constdata)
    .constdata                               0x08003b6e   Section       18  stm32f1xx_hal_rcc_ex.o(.constdata)
    aPredivFactorTable                       0x08003b6e   Data           2  stm32f1xx_hal_rcc_ex.o(.constdata)
    aPLLMULFactorTable                       0x08003b70   Data          16  stm32f1xx_hal_rcc_ex.o(.constdata)
    .constdata                               0x08003b80   Section       16  system_stm32f1xx.o(.constdata)
    .constdata                               0x08003b90   Section        8  system_stm32f1xx.o(.constdata)
    .conststring                             0x08003b98   Section       28  freertos.o(.conststring)
    .init_array                              0x08003bd4   Section        4  armlib_lock_glue.o(.init_array)
    .init_array                              0x08003bd8   Section        0  init_aeabi.o(.init_array)
    .data                                    0x20000000   Section       16  freertos.o(.data)
    .data                                    0x20000010   Section       12  stm32f1xx_hal.o(.data)
    .data                                    0x2000001c   Section        4  system_stm32f1xx.o(.data)
    .data                                    0x20000020   Section       60  tasks.o(.data)
    pxDelayedTaskList                        0x20000024   Data           4  tasks.o(.data)
    pxOverflowDelayedTaskList                0x20000028   Data           4  tasks.o(.data)
    uxDeletedTasksWaitingCleanUp             0x2000002c   Data           4  tasks.o(.data)
    uxCurrentNumberOfTasks                   0x20000030   Data           4  tasks.o(.data)
    xTickCount                               0x20000034   Data           4  tasks.o(.data)
    uxTopReadyPriority                       0x20000038   Data           4  tasks.o(.data)
    xSchedulerRunning                        0x2000003c   Data           4  tasks.o(.data)
    uxPendedTicks                            0x20000040   Data           4  tasks.o(.data)
    xYieldPending                            0x20000044   Data           4  tasks.o(.data)
    xNumOfOverflows                          0x20000048   Data           4  tasks.o(.data)
    uxTaskNumber                             0x2000004c   Data           4  tasks.o(.data)
    xNextTaskUnblockTime                     0x20000050   Data           4  tasks.o(.data)
    xIdleTaskHandle                          0x20000054   Data           4  tasks.o(.data)
    uxSchedulerSuspended                     0x20000058   Data           4  tasks.o(.data)
    .data                                    0x2000005c   Section       24  heap_4.o(.data)
    pxEnd                                    0x2000005c   Data           4  heap_4.o(.data)
    xFreeBytesRemaining                      0x20000060   Data           4  heap_4.o(.data)
    xMinimumEverFreeBytesRemaining           0x20000064   Data           4  heap_4.o(.data)
    xBlockAllocatedBit                       0x20000068   Data           4  heap_4.o(.data)
    xStart                                   0x2000006c   Data           8  heap_4.o(.data)
    .data                                    0x20000074   Section       12  port.o(.data)
    ucMaxSysCallPriority                     0x20000074   Data           1  port.o(.data)
    uxCriticalNesting                        0x20000078   Data           4  port.o(.data)
    ulMaxPRIGROUPValue                       0x2000007c   Data           4  port.o(.data)
    .data                                    0x20000080   Section        4  display188.o(.data)
    state                                    0x20000080   Data           4  display188.o(.data)
    .data                                    0x20000084   Section        4  button.o(.data)
    Head_Button                              0x20000084   Data           4  button.o(.data)
    .bss                                     0x20000088   Section      140  armlib_lock_glue.o(.bss)
    static_list_lock                         0x20000088   Data          12  armlib_lock_glue.o(.bss)
    static_lock                              0x20000094   Data         128  armlib_lock_glue.o(.bss)
    .bss                                     0x20000114   Section      624  freertos.o(.bss)
    xIdleTaskTCBBuffer                       0x20000130   Data          84  freertos.o(.bss)
    xIdleStack                               0x20000184   Data         512  freertos.o(.bss)
    .bss                                     0x20000384   Section      512  freertos.o(.bss)
    .bss                                     0x20000584   Section       84  freertos.o(.bss)
    .bss                                     0x200005d8   Section      512  freertos.o(.bss)
    .bss                                     0x200007d8   Section       84  freertos.o(.bss)
    .bss                                     0x2000082c   Section      512  freertos.o(.bss)
    .bss                                     0x20000a2c   Section       84  freertos.o(.bss)
    .bss                                     0x20000a80   Section      512  freertos.o(.bss)
    .bss                                     0x20000c80   Section       84  freertos.o(.bss)
    .bss                                     0x20000cd4   Section       48  adc.o(.bss)
    .bss                                     0x20000d04   Section       72  tim.o(.bss)
    .bss                                     0x20000d4c   Section       72  stm32f1xx_hal_timebase_tim.o(.bss)
    .bss                                     0x20000d94   Section      240  tasks.o(.bss)
    pxReadyTasksLists                        0x20000d94   Data         140  tasks.o(.bss)
    xDelayedTaskList1                        0x20000e20   Data          20  tasks.o(.bss)
    xDelayedTaskList2                        0x20000e34   Data          20  tasks.o(.bss)
    xPendingReadyList                        0x20000e48   Data          20  tasks.o(.bss)
    xTasksWaitingTermination                 0x20000e5c   Data          20  tasks.o(.bss)
    xSuspendedTaskList                       0x20000e70   Data          20  tasks.o(.bss)
    .bss                                     0x20000e84   Section     3072  heap_4.o(.bss)
    ucHeap                                   0x20000e84   Data        3072  heap_4.o(.bss)
    .bss                                     0x20001a84   Section       52  display188.o(.bss)
    .bss                                     0x20001ab8   Section       56  button.o(.bss)
    .bss                                     0x20001af0   Section       96  libspace.o(.bss)
    HEAP                                     0x20001b50   Section      512  startup_stm32f103x6.o(HEAP)
    Heap_Mem                                 0x20001b50   Data         512  startup_stm32f103x6.o(HEAP)
    STACK                                    0x20001d50   Section     1024  startup_stm32f103x6.o(STACK)
    Stack_Mem                                0x20001d50   Data        1024  startup_stm32f103x6.o(STACK)
    __initial_sp                             0x20002150   Data           0  startup_stm32f103x6.o(STACK)

    Global Symbols

    Symbol Name                              Value     Ov Type        Size  Object(Section)

    BuildAttributes$$THM_ISAv4$P$D$K$B$S$PE$A:L22UL41UL21$X:L11$S22US41US21$IEEE1$IW$USESV6$~STKCKD$USESV7$~SHL$OSPACE$ROPI$EBA8$UX$STANDARDLIB$REQ8$PRES8$EABIv2 0x00000000   Number         0  anon$$obj.o ABSOLUTE
    __ARM_use_no_argv                        0x00000000   Number         0  main.o ABSOLUTE
    __ARM_exceptions_init                     - Undefined Weak Reference
    __alloca_initialize                       - Undefined Weak Reference
    __arm_fini_                               - Undefined Weak Reference
    __arm_preinit_                            - Undefined Weak Reference
    __cxa_finalize                            - Undefined Weak Reference
    __rt_locale                               - Undefined Weak Reference
    __sigvec_lookup                           - Undefined Weak Reference
    _atexit_init                              - Undefined Weak Reference
    _call_atexit_fns                          - Undefined Weak Reference
    _clock_init                               - Undefined Weak Reference
    _fp_trap_init                             - Undefined Weak Reference
    _fp_trap_shutdown                         - Undefined Weak Reference
    _get_lc_collate                           - Undefined Weak Reference
    _get_lc_ctype                             - Undefined Weak Reference
    _get_lc_monetary                          - Undefined Weak Reference
    _get_lc_numeric                           - Undefined Weak Reference
    _get_lc_time                              - Undefined Weak Reference
    _getenv_init                              - Undefined Weak Reference
    _handle_redirection                       - Undefined Weak Reference
    _init_alloc                               - Undefined Weak Reference
    _init_user_alloc                          - Undefined Weak Reference
    _initio                                   - Undefined Weak Reference
    _rand_init                                - Undefined Weak Reference
    _signal_finish                            - Undefined Weak Reference
    _signal_init                              - Undefined Weak Reference
    _terminate_alloc                          - Undefined Weak Reference
    _terminate_user_alloc                     - Undefined Weak Reference
    _terminateio                              - Undefined Weak Reference
    __Vectors_Size                           0x000000ec   Number         0  startup_stm32f103x6.o ABSOLUTE
    __Vectors                                0x08000000   Data           4  startup_stm32f103x6.o(RESET)
    __Vectors_End                            0x080000ec   Data           0  startup_stm32f103x6.o(RESET)
    __main                                   0x080000ed   Thumb Code     8  __main.o(!!!main)
    __scatterload                            0x080000f5   Thumb Code     0  __scatter.o(!!!scatter)
    __scatterload_rt2                        0x080000f5   Thumb Code    44  __scatter.o(!!!scatter)
    __scatterload_rt2_thumb_only             0x080000f5   Thumb Code     0  __scatter.o(!!!scatter)
    __scatterload_null                       0x08000103   Thumb Code     0  __scatter.o(!!!scatter)
    __scatterload_copy                       0x08000129   Thumb Code    26  __scatter_copy.o(!!handler_copy)
    __scatterload_zeroinit                   0x08000145   Thumb Code    28  __scatter_zi.o(!!handler_zi)
    __rt_lib_init                            0x08000161   Thumb Code     0  libinit.o(.ARM.Collect$$libinit$$00000000)
    __rt_lib_init_alloca_1                   0x08000163   Thumb Code     0  libinit2.o(.ARM.Collect$$libinit$$0000002E)
    __rt_lib_init_argv_1                     0x08000163   Thumb Code     0  libinit2.o(.ARM.Collect$$libinit$$0000002C)
    __rt_lib_init_atexit_1                   0x08000163   Thumb Code     0  libinit2.o(.ARM.Collect$$libinit$$0000001B)
    __rt_lib_init_clock_1                    0x08000163   Thumb Code     0  libinit2.o(.ARM.Collect$$libinit$$00000021)
    __rt_lib_init_cpp_2                      0x08000163   Thumb Code     0  libinit2.o(.ARM.Collect$$libinit$$00000031)
    __rt_lib_init_exceptions_1               0x08000163   Thumb Code     0  libinit2.o(.ARM.Collect$$libinit$$00000030)
    __rt_lib_init_fp_1                       0x08000163   Thumb Code     0  libinit2.o(.ARM.Collect$$libinit$$00000002)
    __rt_lib_init_fp_trap_1                  0x08000163   Thumb Code     0  libinit2.o(.ARM.Collect$$libinit$$0000001F)
    __rt_lib_init_getenv_1                   0x08000163   Thumb Code     0  libinit2.o(.ARM.Collect$$libinit$$00000023)
    __rt_lib_init_heap_1                     0x08000163   Thumb Code     0  libinit2.o(.ARM.Collect$$libinit$$0000000A)
    __rt_lib_init_lc_collate_1               0x08000163   Thumb Code     0  libinit2.o(.ARM.Collect$$libinit$$00000011)
    __rt_lib_init_lc_ctype_1                 0x08000163   Thumb Code     0  libinit2.o(.ARM.Collect$$libinit$$00000013)
    __rt_lib_init_lc_monetary_1              0x08000163   Thumb Code     0  libinit2.o(.ARM.Collect$$libinit$$00000015)
    __rt_lib_init_lc_numeric_1               0x08000163   Thumb Code     0  libinit2.o(.ARM.Collect$$libinit$$00000017)
    __rt_lib_init_lc_time_1                  0x08000163   Thumb Code     0  libinit2.o(.ARM.Collect$$libinit$$00000019)
    __rt_lib_init_preinit_1                  0x08000163   Thumb Code     0  libinit2.o(.ARM.Collect$$libinit$$00000004)
    __rt_lib_init_rand_1                     0x08000163   Thumb Code     0  libinit2.o(.ARM.Collect$$libinit$$0000000E)
    __rt_lib_init_signal_1                   0x08000163   Thumb Code     0  libinit2.o(.ARM.Collect$$libinit$$0000001D)
    __rt_lib_init_stdio_1                    0x08000163   Thumb Code     0  libinit2.o(.ARM.Collect$$libinit$$00000025)
    __rt_lib_init_user_alloc_1               0x08000163   Thumb Code     0  libinit2.o(.ARM.Collect$$libinit$$0000000C)
    __rt_lib_init_cpp_1                      0x08000167   Thumb Code     0  libinit2.o(.ARM.Collect$$libinit$$00000032)
    __rt_lib_init_return                     0x08000167   Thumb Code     0  libinit2.o(.ARM.Collect$$libinit$$00000033)
    __rt_lib_shutdown                        0x08000169   Thumb Code     0  libshutdown.o(.ARM.Collect$$libshutdown$$00000000)
    __rt_lib_shutdown_cpp_1                  0x0800016b   Thumb Code     0  libshutdown2.o(.ARM.Collect$$libshutdown$$00000004)
    __rt_lib_shutdown_fini_1                 0x0800016b   Thumb Code     0  libshutdown2.o(.ARM.Collect$$libshutdown$$00000002)
    __rt_lib_shutdown_fp_trap_1              0x0800016b   Thumb Code     0  libshutdown2.o(.ARM.Collect$$libshutdown$$00000009)
    __rt_lib_shutdown_heap_1                 0x0800016b   Thumb Code     0  libshutdown2.o(.ARM.Collect$$libshutdown$$00000011)
    __rt_lib_shutdown_return                 0x0800016b   Thumb Code     0  libshutdown2.o(.ARM.Collect$$libshutdown$$00000012)
    __rt_lib_shutdown_signal_1               0x0800016b   Thumb Code     0  libshutdown2.o(.ARM.Collect$$libshutdown$$0000000C)
    __rt_lib_shutdown_stdio_1                0x0800016b   Thumb Code     0  libshutdown2.o(.ARM.Collect$$libshutdown$$00000006)
    __rt_lib_shutdown_user_alloc_1           0x0800016b   Thumb Code     0  libshutdown2.o(.ARM.Collect$$libshutdown$$0000000E)
    __rt_entry                               0x0800016d   Thumb Code     0  __rtentry.o(.ARM.Collect$$rtentry$$00000000)
    __rt_entry_presh_1                       0x0800016d   Thumb Code     0  __rtentry2.o(.ARM.Collect$$rtentry$$00000002)
    __rt_entry_sh                            0x0800016d   Thumb Code     0  __rtentry4.o(.ARM.Collect$$rtentry$$00000004)
    __rt_entry_li                            0x08000173   Thumb Code     0  __rtentry2.o(.ARM.Collect$$rtentry$$0000000A)
    __rt_entry_postsh_1                      0x08000173   Thumb Code     0  __rtentry2.o(.ARM.Collect$$rtentry$$00000009)
    __rt_entry_main                          0x08000177   Thumb Code     0  __rtentry2.o(.ARM.Collect$$rtentry$$0000000D)
    __rt_entry_postli_1                      0x08000177   Thumb Code     0  __rtentry2.o(.ARM.Collect$$rtentry$$0000000C)
    __rt_exit                                0x0800017f   Thumb Code     0  rtexit.o(.ARM.Collect$$rtexit$$00000000)
    __rt_exit_ls                             0x08000181   Thumb Code     0  rtexit2.o(.ARM.Collect$$rtexit$$00000003)
    __rt_exit_prels_1                        0x08000181   Thumb Code     0  rtexit2.o(.ARM.Collect$$rtexit$$00000002)
    __rt_exit_exit                           0x08000185   Thumb Code     0  rtexit2.o(.ARM.Collect$$rtexit$$00000004)
    SVC_Handler                              0x0800018d   Thumb Code    32  port.o(.emb_text)
    __asm___6_port_c_39a90d8d__prvStartFirstTask 0x080001b1   Thumb Code    28  port.o(.emb_text)
    PendSV_Handler                           0x080001d1   Thumb Code    72  port.o(.emb_text)
    vPortGetIPSR                             0x0800021d   Thumb Code     6  port.o(.emb_text)
    Reset_Handler                            0x08000225   Thumb Code     8  startup_stm32f103x6.o(.text)
    ADC1_2_IRQHandler                        0x0800023f   Thumb Code     0  startup_stm32f103x6.o(.text)
    CAN1_RX1_IRQHandler                      0x0800023f   Thumb Code     0  startup_stm32f103x6.o(.text)
    CAN1_SCE_IRQHandler                      0x0800023f   Thumb Code     0  startup_stm32f103x6.o(.text)
    DMA1_Channel1_IRQHandler                 0x0800023f   Thumb Code     0  startup_stm32f103x6.o(.text)
    DMA1_Channel2_IRQHandler                 0x0800023f   Thumb Code     0  startup_stm32f103x6.o(.text)
    DMA1_Channel3_IRQHandler                 0x0800023f   Thumb Code     0  startup_stm32f103x6.o(.text)
    DMA1_Channel4_IRQHandler                 0x0800023f   Thumb Code     0  startup_stm32f103x6.o(.text)
    DMA1_Channel5_IRQHandler                 0x0800023f   Thumb Code     0  startup_stm32f103x6.o(.text)
    DMA1_Channel6_IRQHandler                 0x0800023f   Thumb Code     0  startup_stm32f103x6.o(.text)
    DMA1_Channel7_IRQHandler                 0x0800023f   Thumb Code     0  startup_stm32f103x6.o(.text)
    EXTI0_IRQHandler                         0x0800023f   Thumb Code     0  startup_stm32f103x6.o(.text)
    EXTI15_10_IRQHandler                     0x0800023f   Thumb Code     0  startup_stm32f103x6.o(.text)
    EXTI1_IRQHandler                         0x0800023f   Thumb Code     0  startup_stm32f103x6.o(.text)
    EXTI2_IRQHandler                         0x0800023f   Thumb Code     0  startup_stm32f103x6.o(.text)
    EXTI3_IRQHandler                         0x0800023f   Thumb Code     0  startup_stm32f103x6.o(.text)
    EXTI4_IRQHandler                         0x0800023f   Thumb Code     0  startup_stm32f103x6.o(.text)
    EXTI9_5_IRQHandler                       0x0800023f   Thumb Code     0  startup_stm32f103x6.o(.text)
    FLASH_IRQHandler                         0x0800023f   Thumb Code     0  startup_stm32f103x6.o(.text)
    I2C1_ER_IRQHandler                       0x0800023f   Thumb Code     0  startup_stm32f103x6.o(.text)
    I2C1_EV_IRQHandler                       0x0800023f   Thumb Code     0  startup_stm32f103x6.o(.text)
    PVD_IRQHandler                           0x0800023f   Thumb Code     0  startup_stm32f103x6.o(.text)
    RCC_IRQHandler                           0x0800023f   Thumb Code     0  startup_stm32f103x6.o(.text)
    RTC_Alarm_IRQHandler                     0x0800023f   Thumb Code     0  startup_stm32f103x6.o(.text)
    RTC_IRQHandler                           0x0800023f   Thumb Code     0  startup_stm32f103x6.o(.text)
    SPI1_IRQHandler                          0x0800023f   Thumb Code     0  startup_stm32f103x6.o(.text)
    TAMPER_IRQHandler                        0x0800023f   Thumb Code     0  startup_stm32f103x6.o(.text)
    TIM1_BRK_IRQHandler                      0x0800023f   Thumb Code     0  startup_stm32f103x6.o(.text)
    TIM1_CC_IRQHandler                       0x0800023f   Thumb Code     0  startup_stm32f103x6.o(.text)
    TIM1_TRG_COM_IRQHandler                  0x0800023f   Thumb Code     0  startup_stm32f103x6.o(.text)
    TIM2_IRQHandler                          0x0800023f   Thumb Code     0  startup_stm32f103x6.o(.text)
    TIM3_IRQHandler                          0x0800023f   Thumb Code     0  startup_stm32f103x6.o(.text)
    USART1_IRQHandler                        0x0800023f   Thumb Code     0  startup_stm32f103x6.o(.text)
    USART2_IRQHandler                        0x0800023f   Thumb Code     0  startup_stm32f103x6.o(.text)
    USBWakeUp_IRQHandler                     0x0800023f   Thumb Code     0  startup_stm32f103x6.o(.text)
    USB_HP_CAN1_TX_IRQHandler                0x0800023f   Thumb Code     0  startup_stm32f103x6.o(.text)
    USB_LP_CAN1_RX0_IRQHandler               0x0800023f   Thumb Code     0  startup_stm32f103x6.o(.text)
    WWDG_IRQHandler                          0x0800023f   Thumb Code     0  startup_stm32f103x6.o(.text)
    __user_initial_stackheap                 0x08000241   Thumb Code     0  startup_stm32f103x6.o(.text)
    __aeabi_memcpy4                          0x08000265   Thumb Code     0  rt_memcpy_w.o(.text)
    __aeabi_memcpy8                          0x08000265   Thumb Code     0  rt_memcpy_w.o(.text)
    __rt_memcpy_w                            0x08000265   Thumb Code   100  rt_memcpy_w.o(.text)
    _memcpy_lastbytes_aligned                0x080002ad   Thumb Code     0  rt_memcpy_w.o(.text)
    __aeabi_memclr4                          0x080002c9   Thumb Code     0  rt_memclr_w.o(.text)
    __aeabi_memclr8                          0x080002c9   Thumb Code     0  rt_memclr_w.o(.text)
    __rt_memclr_w                            0x080002c9   Thumb Code    78  rt_memclr_w.o(.text)
    _memset_w                                0x080002cd   Thumb Code     0  rt_memclr_w.o(.text)
    __use_two_region_memory                  0x08000317   Thumb Code     2  heapauxi.o(.text)
    __rt_heap_escrow$2region                 0x08000319   Thumb Code     2  heapauxi.o(.text)
    __rt_heap_expand$2region                 0x0800031b   Thumb Code     2  heapauxi.o(.text)
    __cpp_initialize__aeabi_                 0x0800031d   Thumb Code    26  init_aeabi.o(.text)
    __user_setup_stackheap                   0x08000341   Thumb Code    74  sys_stackheap_outer.o(.text)
    exit                                     0x0800038b   Thumb Code    18  exit.o(.text)
    __user_libspace                          0x0800039d   Thumb Code     8  libspace.o(.text)
    __user_perproc_libspace                  0x0800039d   Thumb Code     0  libspace.o(.text)
    __user_perthread_libspace                0x0800039d   Thumb Code     0  libspace.o(.text)
    __I$use$semihosting                      0x080003a5   Thumb Code     0  use_no_semi.o(.text)
    __use_no_semihosting_swi                 0x080003a5   Thumb Code     2  use_no_semi.o(.text)
    __semihosting_library_function           0x080003a7   Thumb Code     0  indicate_semi.o(.text)
    _sys_exit                                0x080003a9   Thumb Code     8  sys_exit.o(.text)
    ADC_ConversionStop_Disable               0x080003b5   Thumb Code    86  stm32f1xx_hal_adc.o(i.ADC_ConversionStop_Disable)
    ADC_Enable                               0x0800040d   Thumb Code   114  stm32f1xx_hal_adc.o(i.ADC_Enable)
    Add_Button                               0x08000489   Thumb Code    20  button.o(i.Add_Button)
    BusFault_Handler                         0x080004a1   Thumb Code     2  stm32f1xx_it.o(i.BusFault_Handler)
    Button_Attach                            0x080004a3   Thumb Code    36  button.o(i.Button_Attach)
    Button_Create                            0x080004c9   Thumb Code   102  button.o(i.Button_Create)
    Button_Process                           0x08000629   Thumb Code    22  button.o(i.Button_Process)
    DebugMon_Handler                         0x08000645   Thumb Code     2  stm32f1xx_it.o(i.DebugMon_Handler)
    DisplayTask02                            0x08000649   Thumb Code    74  freertos.o(i.DisplayTask02)
    Error_Handler                            0x080006b5   Thumb Code     4  main.o(i.Error_Handler)
    GearTask03                               0x080006b9   Thumb Code    90  freertos.o(i.GearTask03)
    HAL_ADC_ConfigChannel                    0x0800071d   Thumb Code   240  stm32f1xx_hal_adc.o(i.HAL_ADC_ConfigChannel)
    HAL_ADC_GetState                         0x08000819   Thumb Code     4  stm32f1xx_hal_adc.o(i.HAL_ADC_GetState)
    HAL_ADC_GetValue                         0x0800081d   Thumb Code     6  stm32f1xx_hal_adc.o(i.HAL_ADC_GetValue)
    HAL_ADC_Init                             0x08000825   Thumb Code   272  stm32f1xx_hal_adc.o(i.HAL_ADC_Init)
    HAL_ADC_MspInit                          0x08000941   Thumb Code    76  adc.o(i.HAL_ADC_MspInit)
    HAL_ADC_PollForConversion                0x08000999   Thumb Code   304  stm32f1xx_hal_adc.o(i.HAL_ADC_PollForConversion)
    HAL_ADC_Start                            0x08000ad5   Thumb Code   184  stm32f1xx_hal_adc.o(i.HAL_ADC_Start)
    HAL_GPIO_Init                            0x08000b95   Thumb Code   418  stm32f1xx_hal_gpio.o(i.HAL_GPIO_Init)
    HAL_GPIO_ReadPin                         0x08000d55   Thumb Code    10  stm32f1xx_hal_gpio.o(i.HAL_GPIO_ReadPin)
    HAL_GPIO_WritePin                        0x08000d5f   Thumb Code    10  stm32f1xx_hal_gpio.o(i.HAL_GPIO_WritePin)
    HAL_GetTick                              0x08000d69   Thumb Code     6  stm32f1xx_hal.o(i.HAL_GetTick)
    HAL_IncTick                              0x08000d75   Thumb Code    12  stm32f1xx_hal.o(i.HAL_IncTick)
    HAL_Init                                 0x08000d85   Thumb Code    32  stm32f1xx_hal.o(i.HAL_Init)
    HAL_InitTick                             0x08000da9   Thumb Code   118  stm32f1xx_hal_timebase_tim.o(i.HAL_InitTick)
    HAL_MspInit                              0x08000e35   Thumb Code    62  stm32f1xx_hal_msp.o(i.HAL_MspInit)
    HAL_NVIC_EnableIRQ                       0x08000e7d   Thumb Code    26  stm32f1xx_hal_cortex.o(i.HAL_NVIC_EnableIRQ)
    HAL_NVIC_SetPriority                     0x08000e99   Thumb Code    60  stm32f1xx_hal_cortex.o(i.HAL_NVIC_SetPriority)
    HAL_NVIC_SetPriorityGrouping             0x08000ed9   Thumb Code    26  stm32f1xx_hal_cortex.o(i.HAL_NVIC_SetPriorityGrouping)
    HAL_RCCEx_GetPeriphCLKFreq               0x08000efd   Thumb Code   148  stm32f1xx_hal_rcc_ex.o(i.HAL_RCCEx_GetPeriphCLKFreq)
    HAL_RCCEx_PeriphCLKConfig                0x08000fa1   Thumb Code   224  stm32f1xx_hal_rcc_ex.o(i.HAL_RCCEx_PeriphCLKConfig)
    HAL_RCC_ClockConfig                      0x0800108d   Thumb Code   280  stm32f1xx_hal_rcc.o(i.HAL_RCC_ClockConfig)
    HAL_RCC_GetClockConfig                   0x080011b9   Thumb Code    54  stm32f1xx_hal_rcc.o(i.HAL_RCC_GetClockConfig)
    HAL_RCC_GetPCLK2Freq                     0x080011f9   Thumb Code    20  stm32f1xx_hal_rcc.o(i.HAL_RCC_GetPCLK2Freq)
    HAL_RCC_GetSysClockFreq                  0x08001219   Thumb Code    58  stm32f1xx_hal_rcc.o(i.HAL_RCC_GetSysClockFreq)
    HAL_RCC_OscConfig                        0x08001265   Thumb Code   778  stm32f1xx_hal_rcc.o(i.HAL_RCC_OscConfig)
    HAL_TIMEx_BreakCallback                  0x08001585   Thumb Code     2  stm32f1xx_hal_tim_ex.o(i.HAL_TIMEx_BreakCallback)
    HAL_TIMEx_CommutCallback                 0x08001587   Thumb Code     2  stm32f1xx_hal_tim_ex.o(i.HAL_TIMEx_CommutCallback)
    HAL_TIMEx_MasterConfigSynchronization    0x08001589   Thumb Code    86  stm32f1xx_hal_tim_ex.o(i.HAL_TIMEx_MasterConfigSynchronization)
    HAL_TIM_Base_Init                        0x080015e9   Thumb Code    90  stm32f1xx_hal_tim.o(i.HAL_TIM_Base_Init)
    HAL_TIM_Base_MspInit                     0x08001645   Thumb Code    30  tim.o(i.HAL_TIM_Base_MspInit)
    HAL_TIM_Base_Start_IT                    0x0800166d   Thumb Code    70  stm32f1xx_hal_tim.o(i.HAL_TIM_Base_Start_IT)
    HAL_TIM_ConfigClockSource                0x080016bd   Thumb Code   220  stm32f1xx_hal_tim.o(i.HAL_TIM_ConfigClockSource)
    HAL_TIM_IC_CaptureCallback               0x08001799   Thumb Code     2  stm32f1xx_hal_tim.o(i.HAL_TIM_IC_CaptureCallback)
    HAL_TIM_IRQHandler                       0x0800179b   Thumb Code   358  stm32f1xx_hal_tim.o(i.HAL_TIM_IRQHandler)
    HAL_TIM_MspPostInit                      0x08001901   Thumb Code    62  tim.o(i.HAL_TIM_MspPostInit)
    HAL_TIM_OC_DelayElapsedCallback          0x0800194d   Thumb Code     2  stm32f1xx_hal_tim.o(i.HAL_TIM_OC_DelayElapsedCallback)
    HAL_TIM_PWM_ConfigChannel                0x0800194f   Thumb Code   204  stm32f1xx_hal_tim.o(i.HAL_TIM_PWM_ConfigChannel)
    HAL_TIM_PWM_Init                         0x08001a1b   Thumb Code    90  stm32f1xx_hal_tim.o(i.HAL_TIM_PWM_Init)
    HAL_TIM_PWM_MspInit                      0x08001a75   Thumb Code     2  stm32f1xx_hal_tim.o(i.HAL_TIM_PWM_MspInit)
    HAL_TIM_PWM_PulseFinishedCallback        0x08001a77   Thumb Code     2  stm32f1xx_hal_tim.o(i.HAL_TIM_PWM_PulseFinishedCallback)
    HAL_TIM_PWM_Start                        0x08001a79   Thumb Code   138  stm32f1xx_hal_tim.o(i.HAL_TIM_PWM_Start)
    HAL_TIM_PeriodElapsedCallback            0x08001b0d   Thumb Code    14  main.o(i.HAL_TIM_PeriodElapsedCallback)
    HAL_TIM_TriggerCallback                  0x08001b21   Thumb Code     2  stm32f1xx_hal_tim.o(i.HAL_TIM_TriggerCallback)
    HardFault_Handler                        0x08001b23   Thumb Code     2  stm32f1xx_it.o(i.HardFault_Handler)
    KeyTask04                                0x08001b25   Thumb Code    40  freertos.o(i.KeyTask04)
    MX_ADC1_Init                             0x08001b5d   Thumb Code    70  adc.o(i.MX_ADC1_Init)
    MX_FREERTOS_Init                         0x08001bad   Thumb Code    96  freertos.o(i.MX_FREERTOS_Init)
    MX_GPIO_Init                             0x08001c15   Thumb Code   120  gpio.o(i.MX_GPIO_Init)
    MX_TIM3_Init                             0x08001c99   Thumb Code   160  tim.o(i.MX_TIM3_Init)
    MemManage_Handler                        0x08001d41   Thumb Code     2  stm32f1xx_it.o(i.MemManage_Handler)
    NMI_Handler                              0x08001d43   Thumb Code     2  stm32f1xx_it.o(i.NMI_Handler)
    PowerTask                                0x08001d45   Thumb Code   128  freertos.o(i.PowerTask)
    SysTick_Handler                          0x08001ded   Thumb Code    38  port.o(i.SysTick_Handler)
    SystemClock_Config                       0x08001e19   Thumb Code   120  main.o(i.SystemClock_Config)
    SystemInit                               0x08001e91   Thumb Code     2  system_stm32f1xx.o(i.SystemInit)
    TIM1_UP_IRQHandler                       0x08001e95   Thumb Code     6  stm32f1xx_it.o(i.TIM1_UP_IRQHandler)
    TIM_Base_SetConfig                       0x08001ea1   Thumb Code    84  stm32f1xx_hal_tim.o(i.TIM_Base_SetConfig)
    TIM_CCxChannelCmd                        0x08001efd   Thumb Code    26  stm32f1xx_hal_tim.o(i.TIM_CCxChannelCmd)
    TIM_ETR_SetConfig                        0x08001f17   Thumb Code    20  stm32f1xx_hal_tim.o(i.TIM_ETR_SetConfig)
    TIM_OC2_SetConfig                        0x08001f8d   Thumb Code    84  stm32f1xx_hal_tim.o(i.TIM_OC2_SetConfig)
    UsageFault_Handler                       0x080020c7   Thumb Code     2  stm32f1xx_it.o(i.UsageFault_Handler)
    __armlib_thread_safety_init              0x080020e9   Thumb Code    38  armlib_lock_glue.o(i.__armlib_thread_safety_init)
    _mutex_acquire                           0x08002115   Thumb Code    52  armlib_lock_glue.o(i._mutex_acquire)
    _mutex_free                              0x0800214d   Thumb Code    50  armlib_lock_glue.o(i._mutex_free)
    _mutex_initialize                        0x08002185   Thumb Code    94  armlib_lock_glue.o(i._mutex_initialize)
    _mutex_release                           0x080021e9   Thumb Code    52  armlib_lock_glue.o(i._mutex_release)
    display188_refresh_handle                0x08002221   Thumb Code   510  display188.o(i.display188_refresh_handle)
    get_PA15                                 0x08002429   Thumb Code    20  gpio.o(i.get_PA15)
    main                                     0x08002441   Thumb Code    30  main.o(i.main)
    osDelay                                  0x0800246b   Thumb Code    14  cmsis_os.o(i.osDelay)
    osKernelStart                            0x08002479   Thumb Code    10  cmsis_os.o(i.osKernelStart)
    osThreadCreate                           0x08002483   Thumb Code    84  cmsis_os.o(i.osThreadCreate)
    pvPortMalloc                             0x0800281d   Thumb Code   210  heap_4.o(i.pvPortMalloc)
    pxPortInitialiseStack                    0x080028f5   Thumb Code    32  port.o(i.pxPortInitialiseStack)
    set_PB3                                  0x08002919   Thumb Code    48  gpio.o(i.set_PB3)
    set_PB3to7_input                         0x0800294d   Thumb Code    26  gpio.o(i.set_PB3to7_input)
    set_PB4                                  0x0800296d   Thumb Code    48  gpio.o(i.set_PB4)
    set_PB5                                  0x080029a1   Thumb Code    48  gpio.o(i.set_PB5)
    set_PB6                                  0x080029d5   Thumb Code    48  gpio.o(i.set_PB6)
    set_PB7                                  0x08002a09   Thumb Code    48  gpio.o(i.set_PB7)
    uxListRemove                             0x08002ab9   Thumb Code    38  list.o(i.uxListRemove)
    vApplicationGetIdleTaskMemory            0x08002ae1   Thumb Code    16  freertos.o(i.vApplicationGetIdleTaskMemory)
    vListInitialise                          0x08002af5   Thumb Code    22  list.o(i.vListInitialise)
    vListInitialiseItem                      0x08002b0b   Thumb Code     6  list.o(i.vListInitialiseItem)
    vListInsert                              0x08002b11   Thumb Code    48  list.o(i.vListInsert)
    vListInsertEnd                           0x08002b41   Thumb Code    24  list.o(i.vListInsertEnd)
    vPortEnterCritical                       0x08002b59   Thumb Code    54  port.o(i.vPortEnterCritical)
    vPortExitCritical                        0x08002b99   Thumb Code    34  port.o(i.vPortExitCritical)
    vPortFree                                0x08002bc1   Thumb Code    88  heap_4.o(i.vPortFree)
    vPortSetupTimerInterrupt                 0x08002c1d   Thumb Code    32  port.o(i.vPortSetupTimerInterrupt)
    vTaskDelay                               0x08002c41   Thumb Code    66  tasks.o(i.vTaskDelay)
    vTaskStartScheduler                      0x08002c8d   Thumb Code    90  tasks.o(i.vTaskStartScheduler)
    vTaskSuspendAll                          0x08002cf9   Thumb Code    10  tasks.o(i.vTaskSuspendAll)
    vTaskSwitchContext                       0x08002d09   Thumb Code    82  tasks.o(i.vTaskSwitchContext)
    xPortStartScheduler                      0x08002d65   Thumb Code   154  port.o(i.xPortStartScheduler)
    xTaskCreate                              0x08002e0d   Thumb Code    90  tasks.o(i.xTaskCreate)
    xTaskCreateStatic                        0x08002e67   Thumb Code    86  tasks.o(i.xTaskCreateStatic)
    xTaskIncrementTick                       0x08002ebd   Thumb Code   192  tasks.o(i.xTaskIncrementTick)
    xTaskResumeAll                           0x08002f85   Thumb Code   182  tasks.o(i.xTaskResumeAll)
    __aeabi_d2f                              0x08003049   Thumb Code     0  d2f.o(x$fpl$d2f)
    _d2f                                     0x08003049   Thumb Code    98  d2f.o(x$fpl$d2f)
    __aeabi_dadd                             0x080030ad   Thumb Code     0  daddsub_clz.o(x$fpl$dadd)
    _dadd                                    0x080030ad   Thumb Code   332  daddsub_clz.o(x$fpl$dadd)
    __fpl_dcheck_NaN1                        0x080031fd   Thumb Code    10  dcheck1.o(x$fpl$dcheck1)
    __aeabi_ddiv                             0x0800320d   Thumb Code     0  ddiv.o(x$fpl$ddiv)
    _ddiv                                    0x0800320d   Thumb Code   552  ddiv.o(x$fpl$ddiv)
    __aeabi_d2iz                             0x080034bd   Thumb Code     0  dfix.o(x$fpl$dfix)
    _dfix                                    0x080034bd   Thumb Code    94  dfix.o(x$fpl$dfix)
    __aeabi_ui2d                             0x0800351b   Thumb Code     0  dflt_clz.o(x$fpl$dfltu)
    _dfltu                                   0x0800351b   Thumb Code    38  dflt_clz.o(x$fpl$dfltu)
    __aeabi_dmul                             0x08003541   Thumb Code     0  dmul.o(x$fpl$dmul)
    _dmul                                    0x08003541   Thumb Code   332  dmul.o(x$fpl$dmul)
    __fpl_dnaninf                            0x08003695   Thumb Code   156  dnaninf.o(x$fpl$dnaninf)
    __fpl_dretinf                            0x08003731   Thumb Code    12  dretinf.o(x$fpl$dretinf)
    __aeabi_dsub                             0x0800373d   Thumb Code     0  daddsub_clz.o(x$fpl$dsub)
    _dsub                                    0x0800373d   Thumb Code   464  daddsub_clz.o(x$fpl$dsub)
    __aeabi_f2d                              0x08003911   Thumb Code     0  f2d.o(x$fpl$f2d)
    _f2d                                     0x08003911   Thumb Code    86  f2d.o(x$fpl$f2d)
    __fpl_fnaninf                            0x08003967   Thumb Code   140  fnaninf.o(x$fpl$fnaninf)
    __fpl_fretinf                            0x080039f3   Thumb Code    10  fretinf.o(x$fpl$fretinf)
    __fpl_return_NaN                         0x080039fd   Thumb Code   100  retnan.o(x$fpl$retnan)
    __ARM_scalbn                             0x08003a61   Thumb Code    92  scalbn.o(x$fpl$scalbn)
    __fpl_cmpreturn                          0x08003abd   Thumb Code    48  trapv.o(x$fpl$trapveneer)
    __I$use$fp                               0x08003aec   Number         0  usenofp.o(x$fpl$usenofp)
    AHBPrescTable                            0x08003b80   Data          16  system_stm32f1xx.o(.constdata)
    APBPrescTable                            0x08003b90   Data           8  system_stm32f1xx.o(.constdata)
    Region$$Table$$Base                      0x08003bb4   Number         0  anon$$obj.o(Region$$Table)
    Region$$Table$$Limit                     0x08003bd4   Number         0  anon$$obj.o(Region$$Table)
    SHT$$INIT_ARRAY$$Base                    0x08003bd4   Number         0  armlib_lock_glue.o(.init_array)
    SHT$$INIT_ARRAY$$Limit                   0x08003bd8   Number         0  init_aeabi.o(.init_array)
    powerHandle                              0x20000000   Data           4  freertos.o(.data)
    displayHandle                            0x20000004   Data           4  freertos.o(.data)
    gearHandle                               0x20000008   Data           4  freertos.o(.data)
    keyHandle                                0x2000000c   Data           4  freertos.o(.data)
    uwTickFreq                               0x20000010   Data           1  stm32f1xx_hal.o(.data)
    uwTickPrio                               0x20000014   Data           4  stm32f1xx_hal.o(.data)
    uwTick                                   0x20000018   Data           4  stm32f1xx_hal.o(.data)
    SystemCoreClock                          0x2000001c   Data           4  system_stm32f1xx.o(.data)
    pxCurrentTCB                             0x20000020   Data           4  tasks.o(.data)
    model                                    0x20000114   Data          28  freertos.o(.bss)
    powerBuffer                              0x20000384   Data         512  freertos.o(.bss)
    powerControlBlock                        0x20000584   Data          84  freertos.o(.bss)
    displayBuffer                            0x200005d8   Data         512  freertos.o(.bss)
    displayControlBlock                      0x200007d8   Data          84  freertos.o(.bss)
    gearBuffer                               0x2000082c   Data         512  freertos.o(.bss)
    gearControlBlock                         0x20000a2c   Data          84  freertos.o(.bss)
    keyBuffer                                0x20000a80   Data         512  freertos.o(.bss)
    keyControlBlock                          0x20000c80   Data          84  freertos.o(.bss)
    hadc1                                    0x20000cd4   Data          48  adc.o(.bss)
    htim3                                    0x20000d04   Data          72  tim.o(.bss)
    htim1                                    0x20000d4c   Data          72  stm32f1xx_hal_timebase_tim.o(.bss)
    display188_var                           0x20001a84   Data          52  display188.o(.bss)
    sw0                                      0x20001ab8   Data          56  button.o(.bss)
    __libspace_start                         0x20001af0   Data          96  libspace.o(.bss)
    __temporary_stack_top$libspace           0x20001b50   Data           0  libspace.o(.bss)



==============================================================================

Memory Map of the image

  Image Entry point : 0x080000ed

  Load Region LR_IROM1 (Base: 0x08000000, Size: 0x00003c60, Max: 0x00008000, ABSOLUTE)

    Execution Region ER_IROM1 (Exec base: 0x08000000, Load base: 0x08000000, Size: 0x00003bd8, Max: 0x00008000, ABSOLUTE)

    Exec Addr    Load Addr    Size         Type   Attr      Idx    E Section Name        Object

    0x08000000   0x08000000   0x000000ec   Data   RO            3    RESET               startup_stm32f103x6.o
    0x080000ec   0x080000ec   0x00000008   Code   RO         4402  * !!!main             c_w.l(__main.o)
    0x080000f4   0x080000f4   0x00000034   Code   RO         4612    !!!scatter          c_w.l(__scatter.o)
    0x08000128   0x08000128   0x0000001a   Code   RO         4614    !!handler_copy      c_w.l(__scatter_copy.o)
    0x08000142   0x08000142   0x00000002   PAD
    0x08000144   0x08000144   0x0000001c   Code   RO         4616    !!handler_zi        c_w.l(__scatter_zi.o)
    0x08000160   0x08000160   0x00000002   Code   RO         4531    .ARM.Collect$$libinit$$00000000  c_w.l(libinit.o)
    0x08000162   0x08000162   0x00000000   Code   RO         4442    .ARM.Collect$$libinit$$00000002  c_w.l(libinit2.o)
    0x08000162   0x08000162   0x00000000   Code   RO         4444    .ARM.Collect$$libinit$$00000004  c_w.l(libinit2.o)
    0x08000162   0x08000162   0x00000000   Code   RO         4447    .ARM.Collect$$libinit$$0000000A  c_w.l(libinit2.o)
    0x08000162   0x08000162   0x00000000   Code   RO         4449    .ARM.Collect$$libinit$$0000000C  c_w.l(libinit2.o)
    0x08000162   0x08000162   0x00000000   Code   RO         4451    .ARM.Collect$$libinit$$0000000E  c_w.l(libinit2.o)
    0x08000162   0x08000162   0x00000000   Code   RO         4454    .ARM.Collect$$libinit$$00000011  c_w.l(libinit2.o)
    0x08000162   0x08000162   0x00000000   Code   RO         4456    .ARM.Collect$$libinit$$00000013  c_w.l(libinit2.o)
    0x08000162   0x08000162   0x00000000   Code   RO         4458    .ARM.Collect$$libinit$$00000015  c_w.l(libinit2.o)
    0x08000162   0x08000162   0x00000000   Code   RO         4460    .ARM.Collect$$libinit$$00000017  c_w.l(libinit2.o)
    0x08000162   0x08000162   0x00000000   Code   RO         4462    .ARM.Collect$$libinit$$00000019  c_w.l(libinit2.o)
    0x08000162   0x08000162   0x00000000   Code   RO         4464    .ARM.Collect$$libinit$$0000001B  c_w.l(libinit2.o)
    0x08000162   0x08000162   0x00000000   Code   RO         4466    .ARM.Collect$$libinit$$0000001D  c_w.l(libinit2.o)
    0x08000162   0x08000162   0x00000000   Code   RO         4468    .ARM.Collect$$libinit$$0000001F  c_w.l(libinit2.o)
    0x08000162   0x08000162   0x00000000   Code   RO         4470    .ARM.Collect$$libinit$$00000021  c_w.l(libinit2.o)
    0x08000162   0x08000162   0x00000000   Code   RO         4472    .ARM.Collect$$libinit$$00000023  c_w.l(libinit2.o)
    0x08000162   0x08000162   0x00000000   Code   RO         4474    .ARM.Collect$$libinit$$00000025  c_w.l(libinit2.o)
    0x08000162   0x08000162   0x00000000   Code   RO         4478    .ARM.Collect$$libinit$$0000002C  c_w.l(libinit2.o)
    0x08000162   0x08000162   0x00000000   Code   RO         4480    .ARM.Collect$$libinit$$0000002E  c_w.l(libinit2.o)
    0x08000162   0x08000162   0x00000000   Code   RO         4482    .ARM.Collect$$libinit$$00000030  c_w.l(libinit2.o)
    0x08000162   0x08000162   0x00000004   Code   RO         4483    .ARM.Collect$$libinit$$00000031  c_w.l(libinit2.o)
    0x08000166   0x08000166   0x00000000   Code   RO         4484    .ARM.Collect$$libinit$$00000032  c_w.l(libinit2.o)
    0x08000166   0x08000166   0x00000002   Code   RO         4485    .ARM.Collect$$libinit$$00000033  c_w.l(libinit2.o)
    0x08000168   0x08000168   0x00000002   Code   RO         4571    .ARM.Collect$$libshutdown$$00000000  c_w.l(libshutdown.o)
    0x0800016a   0x0800016a   0x00000000   Code   RO         4577    .ARM.Collect$$libshutdown$$00000002  c_w.l(libshutdown2.o)
    0x0800016a   0x0800016a   0x00000000   Code   RO         4579    .ARM.Collect$$libshutdown$$00000004  c_w.l(libshutdown2.o)
    0x0800016a   0x0800016a   0x00000000   Code   RO         4581    .ARM.Collect$$libshutdown$$00000006  c_w.l(libshutdown2.o)
    0x0800016a   0x0800016a   0x00000000   Code   RO         4584    .ARM.Collect$$libshutdown$$00000009  c_w.l(libshutdown2.o)
    0x0800016a   0x0800016a   0x00000000   Code   RO         4587    .ARM.Collect$$libshutdown$$0000000C  c_w.l(libshutdown2.o)
    0x0800016a   0x0800016a   0x00000000   Code   RO         4589    .ARM.Collect$$libshutdown$$0000000E  c_w.l(libshutdown2.o)
    0x0800016a   0x0800016a   0x00000000   Code   RO         4592    .ARM.Collect$$libshutdown$$00000011  c_w.l(libshutdown2.o)
    0x0800016a   0x0800016a   0x00000002   Code   RO         4593    .ARM.Collect$$libshutdown$$00000012  c_w.l(libshutdown2.o)
    0x0800016c   0x0800016c   0x00000000   Code   RO         4438    .ARM.Collect$$rtentry$$00000000  c_w.l(__rtentry.o)
    0x0800016c   0x0800016c   0x00000000   Code   RO         4498    .ARM.Collect$$rtentry$$00000002  c_w.l(__rtentry2.o)
    0x0800016c   0x0800016c   0x00000006   Code   RO         4510    .ARM.Collect$$rtentry$$00000004  c_w.l(__rtentry4.o)
    0x08000172   0x08000172   0x00000000   Code   RO         4500    .ARM.Collect$$rtentry$$00000009  c_w.l(__rtentry2.o)
    0x08000172   0x08000172   0x00000004   Code   RO         4501    .ARM.Collect$$rtentry$$0000000A  c_w.l(__rtentry2.o)
    0x08000176   0x08000176   0x00000000   Code   RO         4503    .ARM.Collect$$rtentry$$0000000C  c_w.l(__rtentry2.o)
    0x08000176   0x08000176   0x00000008   Code   RO         4504    .ARM.Collect$$rtentry$$0000000D  c_w.l(__rtentry2.o)
    0x0800017e   0x0800017e   0x00000002   Code   RO         4539    .ARM.Collect$$rtexit$$00000000  c_w.l(rtexit.o)
    0x08000180   0x08000180   0x00000000   Code   RO         4551    .ARM.Collect$$rtexit$$00000002  c_w.l(rtexit2.o)
    0x08000180   0x08000180   0x00000004   Code   RO         4552    .ARM.Collect$$rtexit$$00000003  c_w.l(rtexit2.o)
    0x08000184   0x08000184   0x00000006   Code   RO         4553    .ARM.Collect$$rtexit$$00000004  c_w.l(rtexit2.o)
    0x0800018a   0x0800018a   0x00000002   PAD
    0x0800018c   0x0800018c   0x00000096   Code   RO         4131    .emb_text           port.o
    0x08000222   0x08000222   0x00000002   PAD
    0x08000224   0x08000224   0x00000040   Code   RO            4    .text               startup_stm32f103x6.o
    0x08000264   0x08000264   0x00000064   Code   RO         4394    .text               c_w.l(rt_memcpy_w.o)
    0x080002c8   0x080002c8   0x0000004e   Code   RO         4398    .text               c_w.l(rt_memclr_w.o)
    0x08000316   0x08000316   0x00000006   Code   RO         4400    .text               c_w.l(heapauxi.o)
    0x0800031c   0x0800031c   0x00000024   Code   RO         4407    .text               c_w.l(init_aeabi.o)
    0x08000340   0x08000340   0x0000004a   Code   RO         4518    .text               c_w.l(sys_stackheap_outer.o)
    0x0800038a   0x0800038a   0x00000012   Code   RO         4520    .text               c_w.l(exit.o)
    0x0800039c   0x0800039c   0x00000008   Code   RO         4536    .text               c_w.l(libspace.o)
    0x080003a4   0x080003a4   0x00000002   Code   RO         4547    .text               c_w.l(use_no_semi.o)
    0x080003a6   0x080003a6   0x00000000   Code   RO         4549    .text               c_w.l(indicate_semi.o)
    0x080003a6   0x080003a6   0x00000002   PAD
    0x080003a8   0x080003a8   0x0000000c   Code   RO         4563    .text               c_w.l(sys_exit.o)
    0x080003b4   0x080003b4   0x00000056   Code   RO          699    i.ADC_ConversionStop_Disable  stm32f1xx_hal_adc.o
    0x0800040a   0x0800040a   0x00000002   PAD
    0x0800040c   0x0800040c   0x0000007c   Code   RO          703    i.ADC_Enable        stm32f1xx_hal_adc.o
    0x08000488   0x08000488   0x00000018   Code   RO         4329    i.Add_Button        button.o
    0x080004a0   0x080004a0   0x00000002   Code   RO          539    i.BusFault_Handler  stm32f1xx_it.o
    0x080004a2   0x080004a2   0x00000024   Code   RO         4330    i.Button_Attach     button.o
    0x080004c6   0x080004c6   0x00000002   PAD
    0x080004c8   0x080004c8   0x00000066   Code   RO         4331    i.Button_Create     button.o
    0x0800052e   0x0800052e   0x000000f8   Code   RO         4332    i.Button_Cycle_Process  button.o
    0x08000626   0x08000626   0x00000002   PAD
    0x08000628   0x08000628   0x0000001c   Code   RO         4334    i.Button_Process    button.o
    0x08000644   0x08000644   0x00000002   Code   RO          540    i.DebugMon_Handler  stm32f1xx_it.o
    0x08000646   0x08000646   0x00000002   PAD
    0x08000648   0x08000648   0x0000006c   Code   RO          354    i.DisplayTask02     freertos.o
    0x080006b4   0x080006b4   0x00000004   Code   RO          124    i.Error_Handler     main.o
    0x080006b8   0x080006b8   0x00000064   Code   RO          355    i.GearTask03        freertos.o
    0x0800071c   0x0800071c   0x000000fc   Code   RO          705    i.HAL_ADC_ConfigChannel  stm32f1xx_hal_adc.o
    0x08000818   0x08000818   0x00000004   Code   RO          711    i.HAL_ADC_GetState  stm32f1xx_hal_adc.o
    0x0800081c   0x0800081c   0x00000006   Code   RO          712    i.HAL_ADC_GetValue  stm32f1xx_hal_adc.o
    0x08000822   0x08000822   0x00000002   PAD
    0x08000824   0x08000824   0x0000011c   Code   RO          714    i.HAL_ADC_Init      stm32f1xx_hal_adc.o
    0x08000940   0x08000940   0x00000058   Code   RO          450    i.HAL_ADC_MspInit   adc.o
    0x08000998   0x08000998   0x0000013c   Code   RO          718    i.HAL_ADC_PollForConversion  stm32f1xx_hal_adc.o
    0x08000ad4   0x08000ad4   0x000000c0   Code   RO          720    i.HAL_ADC_Start     stm32f1xx_hal_adc.o
    0x08000b94   0x08000b94   0x000001c0   Code   RO         1292    i.HAL_GPIO_Init     stm32f1xx_hal_gpio.o
    0x08000d54   0x08000d54   0x0000000a   Code   RO         1294    i.HAL_GPIO_ReadPin  stm32f1xx_hal_gpio.o
    0x08000d5e   0x08000d5e   0x0000000a   Code   RO         1296    i.HAL_GPIO_WritePin  stm32f1xx_hal_gpio.o
    0x08000d68   0x08000d68   0x0000000c   Code   RO          986    i.HAL_GetTick       stm32f1xx_hal.o
    0x08000d74   0x08000d74   0x00000010   Code   RO          992    i.HAL_IncTick       stm32f1xx_hal.o
    0x08000d84   0x08000d84   0x00000024   Code   RO          993    i.HAL_Init          stm32f1xx_hal.o
    0x08000da8   0x08000da8   0x0000008c   Code   RO          624    i.HAL_InitTick      stm32f1xx_hal_timebase_tim.o
    0x08000e34   0x08000e34   0x00000048   Code   RO          600    i.HAL_MspInit       stm32f1xx_hal_msp.o
    0x08000e7c   0x08000e7c   0x0000001a   Code   RO         1452    i.HAL_NVIC_EnableIRQ  stm32f1xx_hal_cortex.o
    0x08000e96   0x08000e96   0x00000002   PAD
    0x08000e98   0x08000e98   0x00000040   Code   RO         1458    i.HAL_NVIC_SetPriority  stm32f1xx_hal_cortex.o
    0x08000ed8   0x08000ed8   0x00000024   Code   RO         1459    i.HAL_NVIC_SetPriorityGrouping  stm32f1xx_hal_cortex.o
    0x08000efc   0x08000efc   0x000000a4   Code   RO         1253    i.HAL_RCCEx_GetPeriphCLKFreq  stm32f1xx_hal_rcc_ex.o
    0x08000fa0   0x08000fa0   0x000000ec   Code   RO         1254    i.HAL_RCCEx_PeriphCLKConfig  stm32f1xx_hal_rcc_ex.o
    0x0800108c   0x0800108c   0x0000012c   Code   RO         1150    i.HAL_RCC_ClockConfig  stm32f1xx_hal_rcc.o
    0x080011b8   0x080011b8   0x00000040   Code   RO         1154    i.HAL_RCC_GetClockConfig  stm32f1xx_hal_rcc.o
    0x080011f8   0x080011f8   0x00000020   Code   RO         1158    i.HAL_RCC_GetPCLK2Freq  stm32f1xx_hal_rcc.o
    0x08001218   0x08001218   0x0000004c   Code   RO         1159    i.HAL_RCC_GetSysClockFreq  stm32f1xx_hal_rcc.o
    0x08001264   0x08001264   0x00000320   Code   RO         1162    i.HAL_RCC_OscConfig  stm32f1xx_hal_rcc.o
    0x08001584   0x08001584   0x00000002   Code   RO         2648    i.HAL_TIMEx_BreakCallback  stm32f1xx_hal_tim_ex.o
    0x08001586   0x08001586   0x00000002   Code   RO         2649    i.HAL_TIMEx_CommutCallback  stm32f1xx_hal_tim_ex.o
    0x08001588   0x08001588   0x00000060   Code   RO         2667    i.HAL_TIMEx_MasterConfigSynchronization  stm32f1xx_hal_tim_ex.o
    0x080015e8   0x080015e8   0x0000005a   Code   RO         1944    i.HAL_TIM_Base_Init  stm32f1xx_hal_tim.o
    0x08001642   0x08001642   0x00000002   PAD
    0x08001644   0x08001644   0x00000028   Code   RO          492    i.HAL_TIM_Base_MspInit  tim.o
    0x0800166c   0x0800166c   0x00000050   Code   RO         1949    i.HAL_TIM_Base_Start_IT  stm32f1xx_hal_tim.o
    0x080016bc   0x080016bc   0x000000dc   Code   RO         1953    i.HAL_TIM_ConfigClockSource  stm32f1xx_hal_tim.o
    0x08001798   0x08001798   0x00000002   Code   RO         1978    i.HAL_TIM_IC_CaptureCallback  stm32f1xx_hal_tim.o
    0x0800179a   0x0800179a   0x00000166   Code   RO         1992    i.HAL_TIM_IRQHandler  stm32f1xx_hal_tim.o
    0x08001900   0x08001900   0x0000004c   Code   RO          493    i.HAL_TIM_MspPostInit  tim.o
    0x0800194c   0x0800194c   0x00000002   Code   RO         1995    i.HAL_TIM_OC_DelayElapsedCallback  stm32f1xx_hal_tim.o
    0x0800194e   0x0800194e   0x000000cc   Code   RO         2016    i.HAL_TIM_PWM_ConfigChannel  stm32f1xx_hal_tim.o
    0x08001a1a   0x08001a1a   0x0000005a   Code   RO         2019    i.HAL_TIM_PWM_Init  stm32f1xx_hal_tim.o
    0x08001a74   0x08001a74   0x00000002   Code   RO         2021    i.HAL_TIM_PWM_MspInit  stm32f1xx_hal_tim.o
    0x08001a76   0x08001a76   0x00000002   Code   RO         2022    i.HAL_TIM_PWM_PulseFinishedCallback  stm32f1xx_hal_tim.o
    0x08001a78   0x08001a78   0x00000094   Code   RO         2024    i.HAL_TIM_PWM_Start  stm32f1xx_hal_tim.o
    0x08001b0c   0x08001b0c   0x00000014   Code   RO          125    i.HAL_TIM_PeriodElapsedCallback  main.o
    0x08001b20   0x08001b20   0x00000002   Code   RO         2035    i.HAL_TIM_TriggerCallback  stm32f1xx_hal_tim.o
    0x08001b22   0x08001b22   0x00000002   Code   RO          541    i.HardFault_Handler  stm32f1xx_it.o
    0x08001b24   0x08001b24   0x00000038   Code   RO          356    i.KeyTask04         freertos.o
    0x08001b5c   0x08001b5c   0x00000050   Code   RO          451    i.MX_ADC1_Init      adc.o
    0x08001bac   0x08001bac   0x00000068   Code   RO          357    i.MX_FREERTOS_Init  freertos.o
    0x08001c14   0x08001c14   0x00000084   Code   RO          288    i.MX_GPIO_Init      gpio.o
    0x08001c98   0x08001c98   0x000000a8   Code   RO          494    i.MX_TIM3_Init      tim.o
    0x08001d40   0x08001d40   0x00000002   Code   RO          542    i.MemManage_Handler  stm32f1xx_it.o
    0x08001d42   0x08001d42   0x00000002   Code   RO          543    i.NMI_Handler       stm32f1xx_it.o
    0x08001d44   0x08001d44   0x000000a8   Code   RO          358    i.PowerTask         freertos.o
    0x08001dec   0x08001dec   0x0000002c   Code   RO         4132    i.SysTick_Handler   port.o
    0x08001e18   0x08001e18   0x00000078   Code   RO          126    i.SystemClock_Config  main.o
    0x08001e90   0x08001e90   0x00000002   Code   RO         2916    i.SystemInit        system_stm32f1xx.o
    0x08001e92   0x08001e92   0x00000002   PAD
    0x08001e94   0x08001e94   0x0000000c   Code   RO          544    i.TIM1_UP_IRQHandler  stm32f1xx_it.o
    0x08001ea0   0x08001ea0   0x0000005c   Code   RO         2037    i.TIM_Base_SetConfig  stm32f1xx_hal_tim.o
    0x08001efc   0x08001efc   0x0000001a   Code   RO         2038    i.TIM_CCxChannelCmd  stm32f1xx_hal_tim.o
    0x08001f16   0x08001f16   0x00000014   Code   RO         2048    i.TIM_ETR_SetConfig  stm32f1xx_hal_tim.o
    0x08001f2a   0x08001f2a   0x00000010   Code   RO         2049    i.TIM_ITRx_SetConfig  stm32f1xx_hal_tim.o
    0x08001f3a   0x08001f3a   0x00000002   PAD
    0x08001f3c   0x08001f3c   0x00000050   Code   RO         2050    i.TIM_OC1_SetConfig  stm32f1xx_hal_tim.o
    0x08001f8c   0x08001f8c   0x00000058   Code   RO         2051    i.TIM_OC2_SetConfig  stm32f1xx_hal_tim.o
    0x08001fe4   0x08001fe4   0x00000058   Code   RO         2052    i.TIM_OC3_SetConfig  stm32f1xx_hal_tim.o
    0x0800203c   0x0800203c   0x00000044   Code   RO         2053    i.TIM_OC4_SetConfig  stm32f1xx_hal_tim.o
    0x08002080   0x08002080   0x00000022   Code   RO         2055    i.TIM_TI1_ConfigInputStage  stm32f1xx_hal_tim.o
    0x080020a2   0x080020a2   0x00000024   Code   RO         2057    i.TIM_TI2_ConfigInputStage  stm32f1xx_hal_tim.o
    0x080020c6   0x080020c6   0x00000002   Code   RO          545    i.UsageFault_Handler  stm32f1xx_it.o
    0x080020c8   0x080020c8   0x00000020   Code   RO         1465    i.__NVIC_SetPriority  stm32f1xx_hal_cortex.o
    0x080020e8   0x080020e8   0x0000002c   Code   RO           14    i.__armlib_thread_safety_init  armlib_lock_glue.o
    0x08002114   0x08002114   0x00000038   Code   RO           15    i._mutex_acquire    armlib_lock_glue.o
    0x0800214c   0x0800214c   0x00000038   Code   RO           16    i._mutex_free       armlib_lock_glue.o
    0x08002184   0x08002184   0x00000064   Code   RO           17    i._mutex_initialize  armlib_lock_glue.o
    0x080021e8   0x080021e8   0x00000038   Code   RO           18    i._mutex_release    armlib_lock_glue.o
    0x08002220   0x08002220   0x00000208   Code   RO         4227    i.display188_refresh_handle  display188.o
    0x08002428   0x08002428   0x00000018   Code   RO          289    i.get_PA15          gpio.o
    0x08002440   0x08002440   0x0000001e   Code   RO          127    i.main              main.o
    0x0800245e   0x0800245e   0x0000000c   Code   RO         3712    i.makeFreeRtosPriority  cmsis_os.o
    0x0800246a   0x0800246a   0x0000000e   Code   RO         3714    i.osDelay           cmsis_os.o
    0x08002478   0x08002478   0x0000000a   Code   RO         3717    i.osKernelStart     cmsis_os.o
    0x08002482   0x08002482   0x00000054   Code   RO         3751    i.osThreadCreate    cmsis_os.o
    0x080024d6   0x080024d6   0x00000002   PAD
    0x080024d8   0x080024d8   0x00000070   Code   RO         3409    i.prvAddCurrentTaskToDelayedList  tasks.o
    0x08002548   0x08002548   0x000000d0   Code   RO         3410    i.prvAddNewTaskToReadyList  tasks.o
    0x08002618   0x08002618   0x00000034   Code   RO         3411    i.prvDeleteTCB      tasks.o
    0x0800264c   0x0800264c   0x0000004c   Code   RO         4070    i.prvHeapInit       heap_4.o
    0x08002698   0x08002698   0x00000060   Code   RO         3412    i.prvIdleTask       tasks.o
    0x080026f8   0x080026f8   0x0000008e   Code   RO         3413    i.prvInitialiseNewTask  tasks.o
    0x08002786   0x08002786   0x00000002   PAD
    0x08002788   0x08002788   0x0000004c   Code   RO         4071    i.prvInsertBlockIntoFreeList  heap_4.o
    0x080027d4   0x080027d4   0x00000020   Code   RO         3414    i.prvResetNextTaskUnblockTime  tasks.o
    0x080027f4   0x080027f4   0x00000028   Code   RO         4133    i.prvTaskExitError  port.o
    0x0800281c   0x0800281c   0x000000d8   Code   RO         4072    i.pvPortMalloc      heap_4.o
    0x080028f4   0x080028f4   0x00000024   Code   RO         4134    i.pxPortInitialiseStack  port.o
    0x08002918   0x08002918   0x00000034   Code   RO          290    i.set_PB3           gpio.o
    0x0800294c   0x0800294c   0x00000020   Code   RO          291    i.set_PB3to7_input  gpio.o
    0x0800296c   0x0800296c   0x00000034   Code   RO          292    i.set_PB4           gpio.o
    0x080029a0   0x080029a0   0x00000034   Code   RO          293    i.set_PB5           gpio.o
    0x080029d4   0x080029d4   0x00000034   Code   RO          294    i.set_PB6           gpio.o
    0x08002a08   0x08002a08   0x00000034   Code   RO          295    i.set_PB7           gpio.o
    0x08002a3c   0x08002a3c   0x00000036   Code   RO           19    i.stm32_lock_acquire  armlib_lock_glue.o
    0x08002a72   0x08002a72   0x0000002a   Code   RO           20    i.stm32_lock_release  armlib_lock_glue.o
    0x08002a9c   0x08002a9c   0x0000001c   Code   RO          359    i.sw0_down_callback  freertos.o
    0x08002ab8   0x08002ab8   0x00000026   Code   RO         3054    i.uxListRemove      list.o
    0x08002ade   0x08002ade   0x00000002   PAD
    0x08002ae0   0x08002ae0   0x00000014   Code   RO          360    i.vApplicationGetIdleTaskMemory  freertos.o
    0x08002af4   0x08002af4   0x00000016   Code   RO         3055    i.vListInitialise   list.o
    0x08002b0a   0x08002b0a   0x00000006   Code   RO         3056    i.vListInitialiseItem  list.o
    0x08002b10   0x08002b10   0x00000030   Code   RO         3057    i.vListInsert       list.o
    0x08002b40   0x08002b40   0x00000018   Code   RO         3058    i.vListInsertEnd    list.o
    0x08002b58   0x08002b58   0x00000040   Code   RO         4136    i.vPortEnterCritical  port.o
    0x08002b98   0x08002b98   0x00000028   Code   RO         4137    i.vPortExitCritical  port.o
    0x08002bc0   0x08002bc0   0x0000005c   Code   RO         4073    i.vPortFree         heap_4.o
    0x08002c1c   0x08002c1c   0x00000024   Code   RO         4138    i.vPortSetupTimerInterrupt  port.o
    0x08002c40   0x08002c40   0x0000004c   Code   RO         3422    i.vTaskDelay        tasks.o
    0x08002c8c   0x08002c8c   0x0000006c   Code   RO         3435    i.vTaskStartScheduler  tasks.o
    0x08002cf8   0x08002cf8   0x00000010   Code   RO         3437    i.vTaskSuspendAll   tasks.o
    0x08002d08   0x08002d08   0x0000005c   Code   RO         3438    i.vTaskSwitchContext  tasks.o
    0x08002d64   0x08002d64   0x000000a8   Code   RO         4140    i.xPortStartScheduler  port.o
    0x08002e0c   0x08002e0c   0x0000005a   Code   RO         3440    i.xTaskCreate       tasks.o
    0x08002e66   0x08002e66   0x00000056   Code   RO         3441    i.xTaskCreateStatic  tasks.o
    0x08002ebc   0x08002ebc   0x000000c8   Code   RO         3448    i.xTaskIncrementTick  tasks.o
    0x08002f84   0x08002f84   0x000000c4   Code   RO         3454    i.xTaskResumeAll    tasks.o
    0x08003048   0x08003048   0x00000062   Code   RO         4410    x$fpl$d2f           fz_ws.l(d2f.o)
    0x080030aa   0x080030aa   0x00000002   PAD
    0x080030ac   0x080030ac   0x00000150   Code   RO         4412    x$fpl$dadd          fz_ws.l(daddsub_clz.o)
    0x080031fc   0x080031fc   0x00000010   Code   RO         4486    x$fpl$dcheck1       fz_ws.l(dcheck1.o)
    0x0800320c   0x0800320c   0x000002b0   Code   RO         4419    x$fpl$ddiv          fz_ws.l(ddiv.o)
    0x080034bc   0x080034bc   0x0000005e   Code   RO         4422    x$fpl$dfix          fz_ws.l(dfix.o)
    0x0800351a   0x0800351a   0x00000026   Code   RO         4426    x$fpl$dfltu         fz_ws.l(dflt_clz.o)
    0x08003540   0x08003540   0x00000154   Code   RO         4432    x$fpl$dmul          fz_ws.l(dmul.o)
    0x08003694   0x08003694   0x0000009c   Code   RO         4488    x$fpl$dnaninf       fz_ws.l(dnaninf.o)
    0x08003730   0x08003730   0x0000000c   Code   RO         4490    x$fpl$dretinf       fz_ws.l(dretinf.o)
    0x0800373c   0x0800373c   0x000001d4   Code   RO         4414    x$fpl$dsub          fz_ws.l(daddsub_clz.o)
    0x08003910   0x08003910   0x00000056   Code   RO         4434    x$fpl$f2d           fz_ws.l(f2d.o)
    0x08003966   0x08003966   0x0000008c   Code   RO         4492    x$fpl$fnaninf       fz_ws.l(fnaninf.o)
    0x080039f2   0x080039f2   0x0000000a   Code   RO         4494    x$fpl$fretinf       fz_ws.l(fretinf.o)
    0x080039fc   0x080039fc   0x00000064   Code   RO         4516    x$fpl$retnan        fz_ws.l(retnan.o)
    0x08003a60   0x08003a60   0x0000005c   Code   RO         4436    x$fpl$scalbn        fz_ws.l(scalbn.o)
    0x08003abc   0x08003abc   0x00000030   Code   RO         4532    x$fpl$trapveneer    fz_ws.l(trapv.o)
    0x08003aec   0x08003aec   0x00000000   Code   RO         4496    x$fpl$usenofp       fz_ws.l(usenofp.o)
    0x08003aec   0x08003aec   0x00000070   Data   RO          370    .constdata          freertos.o
    0x08003b5c   0x08003b5c   0x00000012   Data   RO         1163    .constdata          stm32f1xx_hal_rcc.o
    0x08003b6e   0x08003b6e   0x00000012   Data   RO         1255    .constdata          stm32f1xx_hal_rcc_ex.o
    0x08003b80   0x08003b80   0x00000010   Data   RO         2917    .constdata          system_stm32f1xx.o
    0x08003b90   0x08003b90   0x00000008   Data   RO         2918    .constdata          system_stm32f1xx.o
    0x08003b98   0x08003b98   0x0000001c   Data   RO          371    .conststring        freertos.o
    0x08003bb4   0x08003bb4   0x00000020   Data   RO         4610    Region$$Table       anon$$obj.o
    0x08003bd4   0x08003bd4   0x00000004   Data   RO           22    .init_array         armlib_lock_glue.o
    0x08003bd8   0x08003bd4   0x00000000   Data   RO         4405    .init_array         c_w.l(init_aeabi.o)


    Execution Region RW_IRAM1 (Exec base: 0x20000000, Load base: 0x08003bd8, Size: 0x00002150, Max: 0x00002800, ABSOLUTE)

    Exec Addr    Load Addr    Size         Type   Attr      Idx    E Section Name        Object

    0x20000000   0x08003bd8   0x00000010   Data   RW          372    .data               freertos.o
    0x20000010   0x08003be8   0x0000000c   Data   RW         1000    .data               stm32f1xx_hal.o
    0x2000001c   0x08003bf4   0x00000004   Data   RW         2919    .data               system_stm32f1xx.o
    0x20000020   0x08003bf8   0x0000003c   Data   RW         3457    .data               tasks.o
    0x2000005c   0x08003c34   0x00000018   Data   RW         4078    .data               heap_4.o
    0x20000074   0x08003c4c   0x0000000c   Data   RW         4141    .data               port.o
    0x20000080   0x08003c58   0x00000004   Data   RW         4229    .data               display188.o
    0x20000084   0x08003c5c   0x00000004   Data   RW         4337    .data               button.o
    0x20000088        -       0x0000008c   Zero   RW           21    .bss                armlib_lock_glue.o
    0x20000114        -       0x00000270   Zero   RW          361    .bss                freertos.o
    0x20000384        -       0x00000200   Zero   RW          362    .bss                freertos.o
    0x20000584        -       0x00000054   Zero   RW          363    .bss                freertos.o
    0x200005d8        -       0x00000200   Zero   RW          364    .bss                freertos.o
    0x200007d8        -       0x00000054   Zero   RW          365    .bss                freertos.o
    0x2000082c        -       0x00000200   Zero   RW          366    .bss                freertos.o
    0x20000a2c        -       0x00000054   Zero   RW          367    .bss                freertos.o
    0x20000a80        -       0x00000200   Zero   RW          368    .bss                freertos.o
    0x20000c80        -       0x00000054   Zero   RW          369    .bss                freertos.o
    0x20000cd4        -       0x00000030   Zero   RW          452    .bss                adc.o
    0x20000d04        -       0x00000048   Zero   RW          495    .bss                tim.o
    0x20000d4c        -       0x00000048   Zero   RW          627    .bss                stm32f1xx_hal_timebase_tim.o
    0x20000d94        -       0x000000f0   Zero   RW         3456    .bss                tasks.o
    0x20000e84        -       0x00000c00   Zero   RW         4077    .bss                heap_4.o
    0x20001a84        -       0x00000034   Zero   RW         4228    .bss                display188.o
    0x20001ab8        -       0x00000038   Zero   RW         4336    .bss                button.o
    0x20001af0        -       0x00000060   Zero   RW         4537    .bss                c_w.l(libspace.o)
    0x20001b50        -       0x00000200   Zero   RW            2    HEAP                startup_stm32f103x6.o
    0x20001d50        -       0x00000400   Zero   RW            1    STACK               startup_stm32f103x6.o


==============================================================================

Image component sizes


      Code (inc. data)   RO Data    RW Data    ZI Data      Debug   Object Name

       168         22          0          0         48       1529   adc.o
       408         26          4          0        140      18574   armlib_lock_glue.o
       438         10          0          4         56       5528   button.o
       120          0          0          0          0      16721   cmsis_os.o
       520         36          0          4         52       2325   display188.o
         0          0          0          0          0      18060   event_groups.o
       584        116        140         16       3008       5117   freertos.o
       448         42          0          0          0       4343   gpio.o
       460         24          0         24       3072       7023   heap_4.o
       138          0          0          0          0       3214   list.o
       174          6          0          0          0     449968   main.o
       578         60          0         12          0      10016   port.o
        64         26        236          0       1536        780   startup_stm32f103x6.o
        64         14          0         12          0       4122   stm32f1xx_hal.o
      1264         54          0          0          0       6819   stm32f1xx_hal_adc.o
       158         14          0          0          0      28034   stm32f1xx_hal_cortex.o
       468         30          0          0          0       3391   stm32f1xx_hal_gpio.o
        72         10          0          0          0        810   stm32f1xx_hal_msp.o
      1272         82         18          0          0       5006   stm32f1xx_hal_rcc.o
       400         28         18          0          0       2381   stm32f1xx_hal_rcc_ex.o
      1748         48          0          0          0      15350   stm32f1xx_hal_tim.o
       100         10          0          0          0       2289   stm32f1xx_hal_tim_ex.o
       140         22          0          0         72       1339   stm32f1xx_hal_timebase_tim.o
        24          6          0          0          0       2826   stm32f1xx_it.o
         0          0          0          0          0        376   stream_buffer.o
         2          0         24          4          0       1031   system_stm32f1xx.o
      1506        110          0         60        240      15634   tasks.o
       284         32          0          0         72       2156   tim.o

    ----------------------------------------------------------------------
     11628        828        472        136       8296     634762   Object Totals
         0          0         32          0          0          0   (incl. Generated)
        26          0          0          0          0          0   (incl. Padding)

    ----------------------------------------------------------------------

      Code (inc. data)   RO Data    RW Data    ZI Data      Debug   Library Member Name

         8          0          0          0          0         68   __main.o
         0          0          0          0          0          0   __rtentry.o
        12          0          0          0          0          0   __rtentry2.o
         6          0          0          0          0          0   __rtentry4.o
        52          8          0          0          0          0   __scatter.o
        26          0          0          0          0          0   __scatter_copy.o
        28          0          0          0          0          0   __scatter_zi.o
        18          0          0          0          0         80   exit.o
         6          0          0          0          0        152   heapauxi.o
         0          0          0          0          0          0   indicate_semi.o
        36         10          0          0          0         80   init_aeabi.o
         2          0          0          0          0          0   libinit.o
         6          0          0          0          0          0   libinit2.o
         2          0          0          0          0          0   libshutdown.o
         2          0          0          0          0          0   libshutdown2.o
         8          4          0          0         96         68   libspace.o
        78          0          0          0          0         80   rt_memclr_w.o
       100          0          0          0          0         80   rt_memcpy_w.o
         2          0          0          0          0          0   rtexit.o
        10          0          0          0          0          0   rtexit2.o
        12          4          0          0          0         68   sys_exit.o
        74          0          0          0          0         80   sys_stackheap_outer.o
         2          0          0          0          0         68   use_no_semi.o
        98          4          0          0          0         92   d2f.o
       804         16          0          0          0        272   daddsub_clz.o
        16          4          0          0          0         68   dcheck1.o
       688        140          0          0          0        208   ddiv.o
        94          4          0          0          0         92   dfix.o
        38          0          0          0          0         68   dflt_clz.o
       340         12          0          0          0        104   dmul.o
       156          4          0          0          0         92   dnaninf.o
        12          0          0          0          0         68   dretinf.o
        86          4          0          0          0         84   f2d.o
       140          4          0          0          0         84   fnaninf.o
        10          0          0          0          0         68   fretinf.o
       100          0          0          0          0         68   retnan.o
        92          0          0          0          0         68   scalbn.o
        48          0          0          0          0         68   trapv.o
         0          0          0          0          0          0   usenofp.o

    ----------------------------------------------------------------------
      3220        218          0          0         96       2328   Library Totals
         8          0          0          0          0          0   (incl. Padding)

    ----------------------------------------------------------------------

      Code (inc. data)   RO Data    RW Data    ZI Data      Debug   Library Name

       490         26          0          0         96        824   c_w.l
      2722        192          0          0          0       1504   fz_ws.l

    ----------------------------------------------------------------------
      3220        218          0          0         96       2328   Library Totals

    ----------------------------------------------------------------------

==============================================================================


      Code (inc. data)   RO Data    RW Data    ZI Data      Debug   

     14848       1046        472        136       8392     629390   Grand Totals
     14848       1046        472        136       8392     629390   ELF Image Totals
     14848       1046        472        136          0          0   ROM Totals

==============================================================================

    Total RO  Size (Code + RO Data)                15320 (  14.96kB)
    Total RW  Size (RW Data + ZI Data)              8528 (   8.33kB)
    Total ROM Size (Code + RO Data + RW Data)      15456 (  15.09kB)

==============================================================================

